Archive member included to satisfy reference by file (symbol)

/Applications/Ac6/SystemWorkbench.app/Contents/Eclipse/plugins/fr.ac6.mcu.externaltools.arm-none.macos64_1.15.0.201708311556/tools/compiler/bin/../lib/gcc/arm-none-eabi/6.3.1/../../../../arm-none-eabi/lib/thumb/v7-m/libstdc++_nano.a(del_ops.o)
                              Src/VFO/Configuration.o (operator delete(void*, unsigned int))
/Applications/Ac6/SystemWorkbench.app/Contents/Eclipse/plugins/fr.ac6.mcu.externaltools.arm-none.macos64_1.15.0.201708311556/tools/compiler/bin/../lib/gcc/arm-none-eabi/6.3.1/../../../../arm-none-eabi/lib/thumb/v7-m/libstdc++_nano.a(new_op.o)
                              Src/VFO/GUIController.o (operator new(unsigned int))
/Applications/Ac6/SystemWorkbench.app/Contents/Eclipse/plugins/fr.ac6.mcu.externaltools.arm-none.macos64_1.15.0.201708311556/tools/compiler/bin/../lib/gcc/arm-none-eabi/6.3.1/../../../../arm-none-eabi/lib/thumb/v7-m/libstdc++_nano.a(new_opv.o)
                              Src/si5351/si5351.o (operator new[](unsigned int))
/Applications/Ac6/SystemWorkbench.app/Contents/Eclipse/plugins/fr.ac6.mcu.externaltools.arm-none.macos64_1.15.0.201708311556/tools/compiler/bin/../lib/gcc/arm-none-eabi/6.3.1/../../../../arm-none-eabi/lib/thumb/v7-m/libstdc++_nano.a(pure.o)
                              Src/VFO/GUIView.o (__cxa_pure_virtual)
/Applications/Ac6/SystemWorkbench.app/Contents/Eclipse/plugins/fr.ac6.mcu.externaltools.arm-none.macos64_1.15.0.201708311556/tools/compiler/bin/../lib/gcc/arm-none-eabi/6.3.1/../../../../arm-none-eabi/lib/thumb/v7-m/libstdc++_nano.a(del_op.o)
                              /Applications/Ac6/SystemWorkbench.app/Contents/Eclipse/plugins/fr.ac6.mcu.externaltools.arm-none.macos64_1.15.0.201708311556/tools/compiler/bin/../lib/gcc/arm-none-eabi/6.3.1/../../../../arm-none-eabi/lib/thumb/v7-m/libstdc++_nano.a(del_ops.o) (operator delete(void*))
/Applications/Ac6/SystemWorkbench.app/Contents/Eclipse/plugins/fr.ac6.mcu.externaltools.arm-none.macos64_1.15.0.201708311556/tools/compiler/bin/../lib/gcc/arm-none-eabi/6.3.1/../../../../arm-none-eabi/lib/thumb/v7-m/libstdc++_nano.a(eh_terminate.o)
                              /Applications/Ac6/SystemWorkbench.app/Contents/Eclipse/plugins/fr.ac6.mcu.externaltools.arm-none.macos64_1.15.0.201708311556/tools/compiler/bin/../lib/gcc/arm-none-eabi/6.3.1/../../../../arm-none-eabi/lib/thumb/v7-m/libstdc++_nano.a(pure.o) (std::terminate())
/Applications/Ac6/SystemWorkbench.app/Contents/Eclipse/plugins/fr.ac6.mcu.externaltools.arm-none.macos64_1.15.0.201708311556/tools/compiler/bin/../lib/gcc/arm-none-eabi/6.3.1/../../../../arm-none-eabi/lib/thumb/v7-m/libstdc++_nano.a(eh_unex_handler.o)
                              /Applications/Ac6/SystemWorkbench.app/Contents/Eclipse/plugins/fr.ac6.mcu.externaltools.arm-none.macos64_1.15.0.201708311556/tools/compiler/bin/../lib/gcc/arm-none-eabi/6.3.1/../../../../arm-none-eabi/lib/thumb/v7-m/libstdc++_nano.a(eh_terminate.o) (__cxxabiv1::__unexpected_handler)
/Applications/Ac6/SystemWorkbench.app/Contents/Eclipse/plugins/fr.ac6.mcu.externaltools.arm-none.macos64_1.15.0.201708311556/tools/compiler/bin/../lib/gcc/arm-none-eabi/6.3.1/../../../../arm-none-eabi/lib/thumb/v7-m/libstdc++_nano.a(new_handler.o)
                              /Applications/Ac6/SystemWorkbench.app/Contents/Eclipse/plugins/fr.ac6.mcu.externaltools.arm-none.macos64_1.15.0.201708311556/tools/compiler/bin/../lib/gcc/arm-none-eabi/6.3.1/../../../../arm-none-eabi/lib/thumb/v7-m/libstdc++_nano.a(new_op.o) (std::get_new_handler())
/Applications/Ac6/SystemWorkbench.app/Contents/Eclipse/plugins/fr.ac6.mcu.externaltools.arm-none.macos64_1.15.0.201708311556/tools/compiler/bin/../lib/gcc/arm-none-eabi/6.3.1/../../../../arm-none-eabi/lib/thumb/v7-m/libstdc++_nano.a(eh_term_handler.o)
                              /Applications/Ac6/SystemWorkbench.app/Contents/Eclipse/plugins/fr.ac6.mcu.externaltools.arm-none.macos64_1.15.0.201708311556/tools/compiler/bin/../lib/gcc/arm-none-eabi/6.3.1/../../../../arm-none-eabi/lib/thumb/v7-m/libstdc++_nano.a(eh_terminate.o) (__cxxabiv1::__terminate_handler)
/Applications/Ac6/SystemWorkbench.app/Contents/Eclipse/plugins/fr.ac6.mcu.externaltools.arm-none.macos64_1.15.0.201708311556/tools/compiler/bin/../lib/gcc/arm-none-eabi/6.3.1/thumb/v7-m/libgcc.a(_aeabi_ldivmod.o)
                              Src/si5351/si5351.o (__aeabi_ldivmod)
/Applications/Ac6/SystemWorkbench.app/Contents/Eclipse/plugins/fr.ac6.mcu.externaltools.arm-none.macos64_1.15.0.201708311556/tools/compiler/bin/../lib/gcc/arm-none-eabi/6.3.1/thumb/v7-m/libgcc.a(_aeabi_uldivmod.o)
                              Src/si5351/si5351.o (__aeabi_uldivmod)
/Applications/Ac6/SystemWorkbench.app/Contents/Eclipse/plugins/fr.ac6.mcu.externaltools.arm-none.macos64_1.15.0.201708311556/tools/compiler/bin/../lib/gcc/arm-none-eabi/6.3.1/thumb/v7-m/libgcc.a(_udivmoddi4.o)
[...]
Memory Configuration

Name             Origin             Length             Attributes
RAM              0x0000000020000000 0x0000000000005000 xrw
FLASH            0x0000000008000000 0x0000000000020000 xr
*default*        0x0000000000000000 0xffffffffffffffff

Linker script and memory map

LOAD /Applications/Ac6/SystemWorkbench.app/Contents/Eclipse/plugins/fr.ac6.mcu.externaltools.arm-none.macos64_1.15.0.201708311556/tools/compiler/bin/../lib/gcc/arm-none-eabi/6.3.1/thumb/v7-m/crti.o
LOAD /Applications/Ac6/SystemWorkbench.app/Contents/Eclipse/plugins/fr.ac6.mcu.externaltools.arm-none.macos64_1.15.0.201708311556/tools/compiler/bin/../lib/gcc/arm-none-eabi/6.3.1/thumb/v7-m/crtbegin.o
LOAD /Applications/Ac6/SystemWorkbench.app/Contents/Eclipse/plugins/fr.ac6.mcu.externaltools.arm-none.macos64_1.15.0.201708311556/tools/compiler/bin/../lib/gcc/arm-none-eabi/6.3.1/../../../../arm-none-eabi/lib/thumb/v7-m/crt0.o
LOAD Drivers/STM32F1xx_HAL_Driver/Src/stm32f1xx_hal.o
LOAD Drivers/STM32F1xx_HAL_Driver/Src/stm32f1xx_hal_adc.o
LOAD Drivers/STM32F1xx_HAL_Driver/Src/stm32f1xx_hal_adc_ex.o
LOAD Drivers/STM32F1xx_HAL_Driver/Src/stm32f1xx_hal_cortex.o
LOAD Drivers/STM32F1xx_HAL_Driver/Src/stm32f1xx_hal_dma.o
LOAD Drivers/STM32F1xx_HAL_Driver/Src/stm32f1xx_hal_flash.o
LOAD Drivers/STM32F1xx_HAL_Driver/Src/stm32f1xx_hal_flash_ex.o
LOAD Drivers/STM32F1xx_HAL_Driver/Src/stm32f1xx_hal_gpio.o
LOAD Drivers/STM32F1xx_HAL_Driver/Src/stm32f1xx_hal_gpio_ex.o
LOAD Drivers/STM32F1xx_HAL_Driver/Src/stm32f1xx_hal_i2c.o
LOAD Drivers/STM32F1xx_HAL_Driver/Src/stm32f1xx_hal_pwr.o
LOAD Drivers/STM32F1xx_HAL_Driver/Src/stm32f1xx_hal_rcc.o
LOAD Drivers/STM32F1xx_HAL_Driver/Src/stm32f1xx_hal_rcc_ex.o
LOAD Drivers/STM32F1xx_HAL_Driver/Src/stm32f1xx_hal_tim.o
LOAD Drivers/STM32F1xx_HAL_Driver/Src/stm32f1xx_hal_tim_ex.o
LOAD Drivers/STM32F1xx_HAL_Driver/Src/stm32f1xx_ll_dma.o
LOAD Drivers/STM32F1xx_HAL_Driver/Src/stm32f1xx_ll_exti.o
LOAD Drivers/STM32F1xx_HAL_Driver/Src/stm32f1xx_ll_gpio.o
LOAD Drivers/STM32F1xx_HAL_Driver/Src/stm32f1xx_ll_rcc.o
LOAD Drivers/STM32F1xx_HAL_Driver/Src/stm32f1xx_ll_spi.o
LOAD Drivers/STM32F1xx_HAL_Driver/Src/stm32f1xx_ll_utils.o
LOAD Src/VFO/ConfigHelpers.o
LOAD Src/VFO/Configuration.o
LOAD Src/VFO/GUIController.o
LOAD Src/VFO/GUIMainView.o
LOAD Src/VFO/GUISetupView.o
LOAD Src/VFO/GUIView.o
LOAD Src/VFO/VFOController.o
LOAD Src/VFO/GUI/Background.o
LOAD Src/VFO/GUI/FrequencyString.o
LOAD Src/VFO/GUI/Utils.o
LOAD Src/VFO.o
LOAD Src/main.o
LOAD Src/stm32f1xx_hal_msp.o
LOAD Src/stm32f1xx_it.o
LOAD Src/system_stm32f1xx.o
LOAD Src/eeprom/eeprom.o
LOAD Src/eeprom/eeprom24xx.o
LOAD Src/kbd/kbd.o
LOAD Src/si5351/si5351.o
LOAD Src/st7735/dwt_stm32_delay.o
LOAD Src/st7735/st7735.o
LOAD startup/startup_stm32f103xb.o
LOAD /Applications/Ac6/SystemWorkbench.app/Contents/Eclipse/plugins/fr.ac6.mcu.externaltools.arm-none.macos64_1.15.0.201708311556/tools/compiler/bin/../lib/gcc/arm-none-eabi/6.3.1/../../../../arm-none-eabi/lib/thumb/v7-m/libstdc++_nano.a
LOAD /Applications/Ac6/SystemWorkbench.app/Contents/Eclipse/plugins/fr.ac6.mcu.externaltools.arm-none.macos64_1.15.0.201708311556/tools/compiler/bin/../lib/gcc/arm-none-eabi/6.3.1/../../../../arm-none-eabi/lib/thumb/v7-m/libm.a
START GROUP
LOAD /Applications/Ac6/SystemWorkbench.app/Contents/Eclipse/plugins/fr.ac6.mcu.externaltools.arm-none.macos64_1.15.0.201708311556/tools/compiler/bin/../lib/gcc/arm-none-eabi/6.3.1/thumb/v7-m/libgcc.a
LOAD /Applications/Ac6/SystemWorkbench.app/Contents/Eclipse/plugins/fr.ac6.mcu.externaltools.arm-none.macos64_1.15.0.201708311556/tools/compiler/bin/../lib/gcc/arm-none-eabi/6.3.1/../../../../arm-none-eabi/lib/thumb/v7-m/libc_nano.a
END GROUP
START GROUP
LOAD /Applications/Ac6/SystemWorkbench.app/Contents/Eclipse/plugins/fr.ac6.mcu.externaltools.arm-none.macos64_1.15.0.201708311556/tools/compiler/bin/../lib/gcc/arm-none-eabi/6.3.1/thumb/v7-m/libgcc.a
LOAD /Applications/Ac6/SystemWorkbench.app/Contents/Eclipse/plugins/fr.ac6.mcu.externaltools.arm-none.macos64_1.15.0.201708311556/tools/compiler/bin/../lib/gcc/arm-none-eabi/6.3.1/../../../../arm-none-eabi/lib/thumb/v7-m/libc_nano.a
LOAD /Applications/Ac6/SystemWorkbench.app/Contents/Eclipse/plugins/fr.ac6.mcu.externaltools.arm-none.macos64_1.15.0.201708311556/tools/compiler/bin/../lib/gcc/arm-none-eabi/6.3.1/../../../../arm-none-eabi/lib/thumb/v7-m/libnosys.a
END GROUP
START GROUP
LOAD /Applications/Ac6/SystemWorkbench.app/Contents/Eclipse/plugins/fr.ac6.mcu.externaltools.arm-none.macos64_1.15.0.201708311556/tools/compiler/bin/../lib/gcc/arm-none-eabi/6.3.1/thumb/v7-m/libgcc.a
LOAD /Applications/Ac6/SystemWorkbench.app/Contents/Eclipse/plugins/fr.ac6.mcu.externaltools.arm-none.macos64_1.15.0.201708311556/tools/compiler/bin/../lib/gcc/arm-none-eabi/6.3.1/../../../../arm-none-eabi/lib/thumb/v7-m/libc_nano.a
LOAD /Applications/Ac6/SystemWorkbench.app/Contents/Eclipse/plugins/fr.ac6.mcu.externaltools.arm-none.macos64_1.15.0.201708311556/tools/compiler/bin/../lib/gcc/arm-none-eabi/6.3.1/../../../../arm-none-eabi/lib/thumb/v7-m/libnosys.a
END GROUP
LOAD /Applications/Ac6/SystemWorkbench.app/Contents/Eclipse/plugins/fr.ac6.mcu.externaltools.arm-none.macos64_1.15.0.201708311556/tools/compiler/bin/../lib/gcc/arm-none-eabi/6.3.1/thumb/v7-m/crtend.o
LOAD /Applications/Ac6/SystemWorkbench.app/Contents/Eclipse/plugins/fr.ac6.mcu.externaltools.arm-none.macos64_1.15.0.201708311556/tools/compiler/bin/../lib/gcc/arm-none-eabi/6.3.1/thumb/v7-m/crtn.o
                0x0000000020005000                _estack = 0x20005000
                0x0000000000000200                _Min_Heap_Size = 0x200
                0x0000000000000400                _Min_Stack_Size = 0x400

.isr_vector     0x0000000008000000      0x10c
                0x0000000008000000                . = ALIGN (0x4)
 *(.isr_vector)
 .isr_vector    0x0000000008000000      0x10c startup/startup_stm32f103xb.o
                0x0000000008000000                g_pfnVectors
                0x000000000800010c                . = ALIGN (0x4)

.text           0x0000000008000110     0x6758
                0x0000000008000110                . = ALIGN (0x4)
 *(.text)
 .text          0x0000000008000110       0x6c /Applications/Ac6/SystemWorkbench.app/Contents/Eclipse/plugins/fr.ac6.mcu.externaltools.arm-none.macos64_1.15.0.201708311556/tools/compiler/bin/../lib/gcc/arm-none-eabi/6.3.1/thumb/v7-m/crtbegin.o
 .text          0x000000000800017c       0xa0 /Applications/Ac6/SystemWorkbench.app/Contents/Eclipse/plugins/fr.ac6.mcu.externaltools.arm-none.macos64_1.15.0.201708311556/tools/compiler/bin/../lib/gcc/arm-none-eabi/6.3.1/thumb/v7-m/libgcc.a(_aeabi_ldivmod.o)
                0x000000000800017c                __aeabi_ldivmod
 .text          0x000000000800021c       0x30 /Applications/Ac6/SystemWorkbench.app/Contents/Eclipse/plugins/fr.ac6.mcu.externaltools.arm-none.macos64_1.15.0.201708311556/tools/compiler/bin/../lib/gcc/arm-none-eabi/6.3.1/thumb/v7-m/libgcc.a(_aeabi_uldivmod.o)
                0x000000000800021c                __aeabi_uldivmod
 .text          0x000000000800024c      0x2dc /Applications/Ac6/SystemWorkbench.app/Contents/Eclipse/plugins/fr.ac6.mcu.externaltools.arm-none.macos64_1.15.0.201708311556/tools/compiler/bin/../lib/gcc/arm-none-eabi/6.3.1/thumb/v7-m/libgcc.a(_udivmoddi4.o)
                0x000000000800024c                __udivmoddi4
 .text          0x0000000008000528        0x4 /Applications/Ac6/SystemWorkbench.app/Contents/Eclipse/plugins/fr.ac6.mcu.externaltools.arm-none.macos64_1.15.0.201708311556/tools/compiler/bin/../lib/gcc/arm-none-eabi/6.3.1/thumb/v7-m/libgcc.a(_dvmd_tls.o)
                0x0000000008000528                __aeabi_ldiv0
                0x0000000008000528                __aeabi_idiv0
 .text          0x000000000800052c       0x10 /Applications/Ac6/SystemWorkbench.app/Contents/Eclipse/plugins/fr.ac6.mcu.externaltools.arm-none.macos64_1.15.0.201708311556/tools/compiler/bin/../lib/gcc/arm-none-eabi/6.3.1/../../../../arm-none-eabi/lib/thumb/v7-m/libc_nano.a(lib_a-strlen.o)
                0x000000000800052c                strlen
 *(.text*)
 .text.HAL_InitTick
                0x000000000800053c       0x48 Drivers/STM32F1xx_HAL_Driver/Src/stm32f1xx_hal.o
                0x000000000800053c                HAL_InitTick
 .text.HAL_Init
                0x0000000008000584       0x24 Drivers/STM32F1xx_HAL_Driver/Src/stm32f1xx_hal.o
                0x0000000008000584                HAL_Init
 .text.HAL_IncTick
                0x00000000080005a8       0x18 Drivers/STM32F1xx_HAL_Driver/Src/stm32f1xx_hal.o
                0x00000000080005a8                HAL_IncTick
 .text.HAL_GetTick
                0x00000000080005c0        0xc Drivers/STM32F1xx_HAL_Driver/Src/stm32f1xx_hal.o
                0x00000000080005c0                HAL_GetTick
 .text.HAL_Delay
                0x00000000080005cc       0x28 Drivers/STM32F1xx_HAL_Driver/Src/stm32f1xx_hal.o
                0x00000000080005cc                HAL_Delay
 .text.HAL_ADC_ConfigChannel
                0x00000000080005f4      0x138 Drivers/STM32F1xx_HAL_Driver/Src/stm32f1xx_hal_adc.o
                0x00000000080005f4                HAL_ADC_ConfigChannel
 .text.ADC_ConversionStop_Disable
                0x000000000800072c       0x4c Drivers/STM32F1xx_HAL_Driver/Src/stm32f1xx_hal_adc.o
                0x000000000800072c                ADC_ConversionStop_Disable
 .text.HAL_ADC_Init
                0x0000000008000778      0x110 Drivers/STM32F1xx_HAL_Driver/Src/stm32f1xx_hal_adc.o
                0x0000000008000778                HAL_ADC_Init
 .text.HAL_NVIC_SetPriorityGrouping
                0x0000000008000888       0x24 Drivers/STM32F1xx_HAL_Driver/Src/stm32f1xx_hal_cortex.o
                0x0000000008000888                HAL_NVIC_SetPriorityGrouping
 .text.HAL_NVIC_SetPriority
                0x00000000080008ac       0x64 Drivers/STM32F1xx_HAL_Driver/Src/stm32f1xx_hal_cortex.o
                0x00000000080008ac                HAL_NVIC_SetPriority
 .text.HAL_SYSTICK_Config
                0x0000000008000910       0x2c Drivers/STM32F1xx_HAL_Driver/Src/stm32f1xx_hal_cortex.o
                0x0000000008000910                HAL_SYSTICK_Config
 .text.HAL_SYSTICK_CLKSourceConfig
                0x000000000800093c       0x20 Drivers/STM32F1xx_HAL_Driver/Src/stm32f1xx_hal_cortex.o
                0x000000000800093c                HAL_SYSTICK_CLKSourceConfig
 .text.HAL_SYSTICK_IRQHandler
                0x000000000800095c        0x8 Drivers/STM32F1xx_HAL_Driver/Src/stm32f1xx_hal_cortex.o
                0x000000000800095c                HAL_SYSTICK_IRQHandler
 .text.FLASH_Program_HalfWord
                0x0000000008000964       0x1c Drivers/STM32F1xx_HAL_Driver/Src/stm32f1xx_hal_flash.o
 .text.FLASH_SetErrorCode
                0x0000000008000980       0x74 Drivers/STM32F1xx_HAL_Driver/Src/stm32f1xx_hal_flash.o
 .text.HAL_FLASH_Unlock
                0x00000000080009f4       0x34 Drivers/STM32F1xx_HAL_Driver/Src/stm32f1xx_hal_flash.o
                0x00000000080009f4                HAL_FLASH_Unlock
 .text.HAL_FLASH_Lock
                0x0000000008000a28       0x14 Drivers/STM32F1xx_HAL_Driver/Src/stm32f1xx_hal_flash.o
                0x0000000008000a28                HAL_FLASH_Lock
 .text.FLASH_WaitForLastOperation
                0x0000000008000a3c       0x6c Drivers/STM32F1xx_HAL_Driver/Src/stm32f1xx_hal_flash.o
                0x0000000008000a3c                FLASH_WaitForLastOperation
 .text.HAL_FLASH_Program
                0x0000000008000aa8       0x9c Drivers/STM32F1xx_HAL_Driver/Src/stm32f1xx_hal_flash.o
                0x0000000008000aa8                HAL_FLASH_Program
 .text.FLASH_MassErase
                0x0000000008000b44       0x24 Drivers/STM32F1xx_HAL_Driver/Src/stm32f1xx_hal_flash_ex.o
 .text.FLASH_PageErase
                0x0000000008000b68       0x24 Drivers/STM32F1xx_HAL_Driver/Src/stm32f1xx_hal_flash_ex.o
                0x0000000008000b68                FLASH_PageErase
 .text.HAL_FLASHEx_Erase
                0x0000000008000b8c       0xa4 Drivers/STM32F1xx_HAL_Driver/Src/stm32f1xx_hal_flash_ex.o
                0x0000000008000b8c                HAL_FLASHEx_Erase
 .text.HAL_GPIO_Init
                0x0000000008000c30      0x1ec Drivers/STM32F1xx_HAL_Driver/Src/stm32f1xx_hal_gpio.o
                0x0000000008000c30                HAL_GPIO_Init
 .text.HAL_GPIO_WritePin
                0x0000000008000e1c        0xc Drivers/STM32F1xx_HAL_Driver/Src/stm32f1xx_hal_gpio.o
                0x0000000008000e1c                HAL_GPIO_WritePin
 .text.I2C_IsAcknowledgeFailed
                0x0000000008000e28       0x2a Drivers/STM32F1xx_HAL_Driver/Src/stm32f1xx_hal_i2c.o
 .text.I2C_WaitOnFlagUntilTimeout
                0x0000000008000e52       0x68 Drivers/STM32F1xx_HAL_Driver/Src/stm32f1xx_hal_i2c.o
 .text.I2C_WaitOnMasterAddressFlagUntilTimeout
                0x0000000008000eba       0x90 Drivers/STM32F1xx_HAL_Driver/Src/stm32f1xx_hal_i2c.o
 *fill*         0x0000000008000f4a        0x2 
 .text.I2C_MasterRequestWrite
                0x0000000008000f4c       0xbc Drivers/STM32F1xx_HAL_Driver/Src/stm32f1xx_hal_i2c.o
 .text.I2C_MasterRequestRead
                0x0000000008001008      0x120 Drivers/STM32F1xx_HAL_Driver/Src/stm32f1xx_hal_i2c.o
 .text.I2C_WaitOnTXEFlagUntilTimeout
                0x0000000008001128       0x4e Drivers/STM32F1xx_HAL_Driver/Src/stm32f1xx_hal_i2c.o
 *fill*         0x0000000008001176        0x2 
 .text.I2C_RequestMemoryWrite
                0x0000000008001178       0xd4 Drivers/STM32F1xx_HAL_Driver/Src/stm32f1xx_hal_i2c.o
 .text.I2C_WaitOnBTFFlagUntilTimeout
                0x000000000800124c       0x4e Drivers/STM32F1xx_HAL_Driver/Src/stm32f1xx_hal_i2c.o
 .text.I2C_WaitOnRXNEFlagUntilTimeout
                0x000000000800129a       0x5c Drivers/STM32F1xx_HAL_Driver/Src/stm32f1xx_hal_i2c.o
 *fill*         0x00000000080012f6        0x2 
 .text.HAL_I2C_Init
                0x00000000080012f8      0x168 Drivers/STM32F1xx_HAL_Driver/Src/stm32f1xx_hal_i2c.o
                0x00000000080012f8                HAL_I2C_Init
 .text.HAL_I2C_Master_Transmit
                0x0000000008001460      0x184 Drivers/STM32F1xx_HAL_Driver/Src/stm32f1xx_hal_i2c.o
                0x0000000008001460                HAL_I2C_Master_Transmit
 .text.HAL_I2C_Master_Receive
                0x00000000080015e4      0x300 Drivers/STM32F1xx_HAL_Driver/Src/stm32f1xx_hal_i2c.o
                0x00000000080015e4                HAL_I2C_Master_Receive
 .text.HAL_I2C_Mem_Write
                0x00000000080018e4      0x17c Drivers/STM32F1xx_HAL_Driver/Src/stm32f1xx_hal_i2c.o
                0x00000000080018e4                HAL_I2C_Mem_Write
 .text.HAL_I2C_IsDeviceReady
                0x0000000008001a60      0x18c Drivers/STM32F1xx_HAL_Driver/Src/stm32f1xx_hal_i2c.o
                0x0000000008001a60                HAL_I2C_IsDeviceReady
 .text.HAL_I2C_GetError
                0x0000000008001bec        0x4 Drivers/STM32F1xx_HAL_Driver/Src/stm32f1xx_hal_i2c.o
                0x0000000008001bec                HAL_I2C_GetError
 .text.RCC_Delay
                0x0000000008001bf0       0x2c Drivers/STM32F1xx_HAL_Driver/Src/stm32f1xx_hal_rcc.o
 .text.HAL_RCC_OscConfig
                0x0000000008001c1c      0x3e0 Drivers/STM32F1xx_HAL_Driver/Src/stm32f1xx_hal_rcc.o
                0x0000000008001c1c                HAL_RCC_OscConfig
 .text.HAL_RCC_GetSysClockFreq
                0x0000000008001ffc       0x6c Drivers/STM32F1xx_HAL_Driver/Src/stm32f1xx_hal_rcc.o
                0x0000000008001ffc                HAL_RCC_GetSysClockFreq
 .text.HAL_RCC_ClockConfig
                0x0000000008002068      0x178 Drivers/STM32F1xx_HAL_Driver/Src/stm32f1xx_hal_rcc.o
                0x0000000008002068                HAL_RCC_ClockConfig
 .text.HAL_RCC_GetHCLKFreq
                0x00000000080021e0        0xc Drivers/STM32F1xx_HAL_Driver/Src/stm32f1xx_hal_rcc.o
                0x00000000080021e0                HAL_RCC_GetHCLKFreq
 .text.HAL_RCC_GetPCLK1Freq
                0x00000000080021ec       0x20 Drivers/STM32F1xx_HAL_Driver/Src/stm32f1xx_hal_rcc.o
                0x00000000080021ec                HAL_RCC_GetPCLK1Freq
 .text.HAL_RCCEx_PeriphCLKConfig
                0x000000000800220c      0x114 Drivers/STM32F1xx_HAL_Driver/Src/stm32f1xx_hal_rcc_ex.o
                0x000000000800220c                HAL_RCCEx_PeriphCLKConfig
 .text.TIM_Base_SetConfig
                0x0000000008002320       0x78 Drivers/STM32F1xx_HAL_Driver/Src/stm32f1xx_hal_tim.o
                0x0000000008002320                TIM_Base_SetConfig
 .text.HAL_TIM_Encoder_Init
                0x0000000008002398       0x98 Drivers/STM32F1xx_HAL_Driver/Src/stm32f1xx_hal_tim.o
                0x0000000008002398                HAL_TIM_Encoder_Init
 .text.TIM_CCxChannelCmd
                0x0000000008002430       0x1c Drivers/STM32F1xx_HAL_Driver/Src/stm32f1xx_hal_tim.o
                0x0000000008002430                TIM_CCxChannelCmd
 .text.HAL_TIM_Encoder_Start_IT
                0x000000000800244c       0x6c Drivers/STM32F1xx_HAL_Driver/Src/stm32f1xx_hal_tim.o
                0x000000000800244c                HAL_TIM_Encoder_Start_IT
 .text.HAL_TIMEx_MasterConfigSynchronization
                0x00000000080024b8       0x52 Drivers/STM32F1xx_HAL_Driver/Src/stm32f1xx_hal_tim_ex.o
                0x00000000080024b8                HAL_TIMEx_MasterConfigSynchronization
 .text.LL_GPIO_Init
                0x000000000800250a       0xf4 Drivers/STM32F1xx_HAL_Driver/Src/stm32f1xx_ll_gpio.o
                0x000000000800250a                LL_GPIO_Init
 .text.LL_SPI_Init
                0x00000000080025fe       0x60 Drivers/STM32F1xx_HAL_Driver/Src/stm32f1xx_ll_spi.o
                0x00000000080025fe                LL_SPI_Init
 *fill*         0x000000000800265e        0x2 
 .text._ZN3VFO15_getCalibrationEv
                0x0000000008002660       0x10 Src/VFO/ConfigHelpers.o
                0x0000000008002660                VFO::_getCalibration()
 .text._ZN3VFO15_setCalibrationEl
                0x0000000008002670       0x10 Src/VFO/ConfigHelpers.o
                0x0000000008002670                VFO::_setCalibration(long)
 .text._ZN3VFO14_getIFrequencyEv
                0x0000000008002680       0x10 Src/VFO/ConfigHelpers.o
                0x0000000008002680                VFO::_getIFrequency()
 .text._ZN3VFO14_setIFrequencyEl
                0x0000000008002690       0x10 Src/VFO/ConfigHelpers.o
                0x0000000008002690                VFO::_setIFrequency(long)
 .text._ZN3VFO14_getBFrequencyEv
                0x00000000080026a0       0x10 Src/VFO/ConfigHelpers.o
                0x00000000080026a0                VFO::_getBFrequency()
 .text._ZN3VFO14_setBFrequencyEl
                0x00000000080026b0       0x10 Src/VFO/ConfigHelpers.o
                0x00000000080026b0                VFO::_setBFrequency(long)
 .text._ZN3VFO14_getBrightnessEv
                0x00000000080026c0       0x10 Src/VFO/ConfigHelpers.o
                0x00000000080026c0                VFO::_getBrightness()
 .text._ZN3VFO14_setBrightnessEl
                0x00000000080026d0       0x10 Src/VFO/ConfigHelpers.o
                0x00000000080026d0                VFO::_setBrightness(long)
 .text._ZN3VFO11_getEncoderEv
                0x00000000080026e0       0x10 Src/VFO/ConfigHelpers.o
                0x00000000080026e0                VFO::_getEncoder()
 .text._ZN3VFO11_setEncoderEl
                0x00000000080026f0       0x10 Src/VFO/ConfigHelpers.o
                0x00000000080026f0                VFO::_setEncoder(long)
 .text._ZN3VFO12_resetConfigEv
                0x0000000008002700       0x10 Src/VFO/ConfigHelpers.o
                0x0000000008002700                VFO::_resetConfig()
 .text._ZN3VFO13ConfigurationD2Ev
                0x0000000008002710        0x2 Src/VFO/Configuration.o
                0x0000000008002710                VFO::Configuration::~Configuration()
                0x0000000008002710                VFO::Configuration::~Configuration()
 .text._ZN3VFO13ConfigurationD0Ev
                0x0000000008002712        0xe Src/VFO/Configuration.o
                0x0000000008002712                VFO::Configuration::~Configuration()
 .text._ZN3VFO13ConfigurationC2Ev
                0x0000000008002720       0x54 Src/VFO/Configuration.o
                0x0000000008002720                VFO::Configuration::Configuration()
                0x0000000008002720                VFO::Configuration::Configuration()
 .text._ZN3VFO13Configuration4saveEv
                0x0000000008002774       0x74 Src/VFO/Configuration.o
                0x0000000008002774                VFO::Configuration::save()
 .text._ZN3VFO13Configuration4loadEv
                0x00000000080027e8       0xcc Src/VFO/Configuration.o
                0x00000000080027e8                VFO::Configuration::load()
 .text._ZN3VFO13GUIControllerD2Ev
                0x00000000080028b4       0x24 Src/VFO/GUIController.o
                0x00000000080028b4                VFO::GUIController::~GUIController()
                0x00000000080028b4                VFO::GUIController::~GUIController()
 .text._ZN3VFO13GUIControllerD0Ev
                0x00000000080028d8       0x14 Src/VFO/GUIController.o
                0x00000000080028d8                VFO::GUIController::~GUIController()
 .text._ZN3VFO13GUIControllerC2Ev
                0x00000000080028ec       0x3c Src/VFO/GUIController.o
                0x00000000080028ec                VFO::GUIController::GUIController()
                0x00000000080028ec                VFO::GUIController::GUIController()
 .text._ZN3VFO13GUIController4drawEv
                0x0000000008002928        0xc Src/VFO/GUIController.o
                0x0000000008002928                VFO::GUIController::draw()
 .text._ZN3VFO13GUIController20pushEncoderIncrementEs
                0x0000000008002934        0xc Src/VFO/GUIController.o
                0x0000000008002934                VFO::GUIController::pushEncoderIncrement(short)
 .text._ZN3VFO13GUIController14menuKeyPressedEv
                0x0000000008002940        0xc Src/VFO/GUIController.o
                0x0000000008002940                VFO::GUIController::menuKeyPressed()
 .text._ZN3VFO13GUIController9showSetupEv
                0x000000000800294c       0x10 Src/VFO/GUIController.o
                0x000000000800294c                VFO::GUIController::showSetup()
 .text._ZN3VFO13GUIController8showMainEv
                0x000000000800295c       0x10 Src/VFO/GUIController.o
                0x000000000800295c                VFO::GUIController::showMain()
 .text._ZN3VFO11GUIMainViewD2Ev
                0x000000000800296c       0x40 Src/VFO/GUIMainView.o
                0x000000000800296c                VFO::GUIMainView::~GUIMainView()
                0x000000000800296c                VFO::GUIMainView::~GUIMainView()
 .text._ZN3VFO11GUIMainViewD0Ev
                0x00000000080029ac       0x14 Src/VFO/GUIMainView.o
                0x00000000080029ac                VFO::GUIMainView::~GUIMainView()
 .text._ZN3VFO11GUIMainView14menuKeyPressedEv
                0x00000000080029c0       0x10 Src/VFO/GUIMainView.o
                0x00000000080029c0                VFO::GUIMainView::menuKeyPressed()
 .text._ZN3VFO11GUIMainView20pushEncoderIncrementEs
                0x00000000080029d0       0x30 Src/VFO/GUIMainView.o
                0x00000000080029d0                VFO::GUIMainView::pushEncoderIncrement(short)
 .text._ZN3VFO11GUIMainViewC2Ev
                0x0000000008002a00      0x104 Src/VFO/GUIMainView.o
                0x0000000008002a00                VFO::GUIMainView::GUIMainView()
                0x0000000008002a00                VFO::GUIMainView::GUIMainView()
 .text._ZN3VFO11GUIMainView14drawBackgroundEv
                0x0000000008002b04      0x11c Src/VFO/GUIMainView.o
                0x0000000008002b04                VFO::GUIMainView::drawBackground()
 .text._ZN3VFO11GUIMainView4drawEv
                0x0000000008002c20       0x24 Src/VFO/GUIMainView.o
                0x0000000008002c20                VFO::GUIMainView::draw()
 .text._ZN3VFO12GUISetupViewD2Ev
                0x0000000008002c44       0x2c Src/VFO/GUISetupView.o
                0x0000000008002c44                VFO::GUISetupView::~GUISetupView()
                0x0000000008002c44                VFO::GUISetupView::~GUISetupView()
 .text._ZN3VFO12GUISetupViewD0Ev
                0x0000000008002c70       0x14 Src/VFO/GUISetupView.o
                0x0000000008002c70                VFO::GUISetupView::~GUISetupView()
 .text._ZN3VFO12GUISetupView4initEv
                0x0000000008002c84      0x12c Src/VFO/GUISetupView.o
                0x0000000008002c84                VFO::GUISetupView::init()
 .text._ZN3VFO12GUISetupViewC2Ev
                0x0000000008002db0       0x30 Src/VFO/GUISetupView.o
                0x0000000008002db0                VFO::GUISetupView::GUISetupView()
                0x0000000008002db0                VFO::GUISetupView::GUISetupView()
 .text._ZN3VFO12GUISetupViewC2EPNS_9SetupItemEPS0_
                0x0000000008002de0       0x2c Src/VFO/GUISetupView.o
                0x0000000008002de0                VFO::GUISetupView::GUISetupView(VFO::SetupItem*, VFO::GUISetupView*)
                0x0000000008002de0                VFO::GUISetupView::GUISetupView(VFO::SetupItem*, VFO::GUISetupView*)
 .text._ZN3VFO12GUISetupView14drawBackButtonEb
                0x0000000008002e0c       0xac Src/VFO/GUISetupView.o
                0x0000000008002e0c                VFO::GUISetupView::drawBackButton(bool)
 .text._ZN3VFO12GUISetupView12updateValuesEv
                0x0000000008002eb8       0xbc Src/VFO/GUISetupView.o
                0x0000000008002eb8                VFO::GUISetupView::updateValues()
 .text._ZN3VFO12GUISetupView11setSelectedEh
                0x0000000008002f74       0xd0 Src/VFO/GUISetupView.o
                0x0000000008002f74                VFO::GUISetupView::setSelected(unsigned char)
 .text._ZN3VFO12GUISetupView20pushEncoderIncrementEs
                0x0000000008003044       0x8e Src/VFO/GUISetupView.o
                0x0000000008003044                VFO::GUISetupView::pushEncoderIncrement(short)
 .text._ZN3VFO12GUISetupView16setSelectedChildEPS0_
                0x00000000080030d2       0x1a Src/VFO/GUISetupView.o
                0x00000000080030d2                VFO::GUISetupView::setSelectedChild(VFO::GUISetupView*)
 .text._ZN3VFO12GUISetupView14menuKeyPressedEv
                0x00000000080030ec       0xa4 Src/VFO/GUISetupView.o
                0x00000000080030ec                VFO::GUISetupView::menuKeyPressed()
 .text._ZN3VFO12GUISetupView14drawBackgroundEv
                0x0000000008003190       0x50 Src/VFO/GUISetupView.o
                0x0000000008003190                VFO::GUISetupView::drawBackground()
 .text._ZN3VFO12GUISetupView4drawEv
                0x00000000080031e0       0x1a Src/VFO/GUISetupView.o
                0x00000000080031e0                VFO::GUISetupView::draw()
 *fill*         0x00000000080031fa        0x2 
 .text._ZN3VFO7GUIViewC2Ev
                0x00000000080031fc        0xc Src/VFO/GUIView.o
                0x00000000080031fc                VFO::GUIView::GUIView()
                0x00000000080031fc                VFO::GUIView::GUIView()
 .text._ZN3VFO7GUIViewD2Ev
                0x0000000008003208        0x2 Src/VFO/GUIView.o
                0x0000000008003208                VFO::GUIView::~GUIView()
                0x0000000008003208                VFO::GUIView::~GUIView()
 *fill*         0x000000000800320a        0x2 
 .text._ZN3VFO13VFOControllerD2Ev
                0x000000000800320c       0x2c Src/VFO/VFOController.o
                0x000000000800320c                VFO::VFOController::~VFOController()
                0x000000000800320c                VFO::VFOController::~VFOController()
 .text._ZN3VFO13VFOControllerD0Ev
                0x0000000008003238       0x14 Src/VFO/VFOController.o
                0x0000000008003238                VFO::VFOController::~VFOController()
 .text._Z41__static_initialization_and_destruction_0ii
                0x000000000800324c       0x20 Src/VFO/VFOController.o
 .text._ZN3VFO13VFOControllerC2Ev
                0x000000000800326c       0x74 Src/VFO/VFOController.o
                0x000000000800326c                VFO::VFOController::VFOController()
                0x000000000800326c                VFO::VFOController::VFOController()
 .text._ZN3VFO13VFOController5beginEv
                0x00000000080032e0        0xa Src/VFO/VFOController.o
                0x00000000080032e0                VFO::VFOController::begin()
 .text._ZN3VFO13VFOController14menuKeyPressedEv
                0x00000000080032ea        0xa Src/VFO/VFOController.o
                0x00000000080032ea                VFO::VFOController::menuKeyPressed()
 .text._ZN3VFO13VFOController9showSetupEv
                0x00000000080032f4        0xa Src/VFO/VFOController.o
                0x00000000080032f4                VFO::VFOController::showSetup()
 .text._ZN3VFO13VFOController8showMainEv
                0x00000000080032fe        0xa Src/VFO/VFOController.o
                0x00000000080032fe                VFO::VFOController::showMain()
 .text._ZN3VFO13VFOController20pushEncoderIncrementEs
                0x0000000008003308        0xa Src/VFO/VFOController.o
                0x0000000008003308                VFO::VFOController::pushEncoderIncrement(short)
 .text._ZN3VFO13VFOController18storeConfigurationEv
                0x0000000008003312        0xa Src/VFO/VFOController.o
                0x0000000008003312                VFO::VFOController::storeConfiguration()
 .text._ZN3VFO13VFOController5resetEv
                0x000000000800331c       0x48 Src/VFO/VFOController.o
                0x000000000800331c                VFO::VFOController::reset()
 .text._ZN3VFO13VFOController18triggerMemoryWriteEv
                0x0000000008003364       0x1c Src/VFO/VFOController.o
                0x0000000008003364                VFO::VFOController::triggerMemoryWrite()
 .text._ZN3VFO13VFOController12setFrequencyEm
                0x0000000008003380       0x2c Src/VFO/VFOController.o
                0x0000000008003380                VFO::VFOController::setFrequency(unsigned long)
 .text._ZN3VFO13VFOController16checkMemoryStateEv
                0x00000000080033ac       0x34 Src/VFO/VFOController.o
                0x00000000080033ac                VFO::VFOController::checkMemoryState()
 .text._GLOBAL__sub_I__ZN3VFO13VFOControllerC2Ev
                0x00000000080033e0        0xe Src/VFO/VFOController.o
 .text._ZN3VFO9BitmapBoxD2Ev
                0x00000000080033ee        0x2 Src/VFO/GUI/Background.o
                0x00000000080033ee                VFO::BitmapBox::~BitmapBox()
                0x00000000080033ee                VFO::BitmapBox::~BitmapBox()
 .text._ZN3VFO11GradientBoxD2Ev
                0x00000000080033f0        0x2 Src/VFO/GUI/Background.o
                0x00000000080033f0                VFO::GradientBox::~GradientBox()
                0x00000000080033f0                VFO::GradientBox::~GradientBox()
 .text._ZN3VFO9BitmapBox12getBackColorEhh
                0x00000000080033f2       0x12 Src/VFO/GUI/Background.o
                0x00000000080033f2                VFO::BitmapBox::getBackColor(unsigned char, unsigned char)
 .text._ZN3VFO11GradientBox12getBackColorEhh
                0x0000000008003404       0xca Src/VFO/GUI/Background.o
                0x0000000008003404                VFO::GradientBox::getBackColor(unsigned char, unsigned char)
 .text._ZN3VFO11GradientBoxD0Ev
                0x00000000080034ce        0xe Src/VFO/GUI/Background.o
                0x00000000080034ce                VFO::GradientBox::~GradientBox()
 .text._ZN3VFO9BitmapBoxD0Ev
                0x00000000080034dc        0xe Src/VFO/GUI/Background.o
                0x00000000080034dc                VFO::BitmapBox::~BitmapBox()
 *fill*         0x00000000080034ea        0x2 
 .text._ZN3VFO11GradientBoxC2Ehhhh
                0x00000000080034ec       0x58 Src/VFO/GUI/Background.o
                0x00000000080034ec                VFO::GradientBox::GradientBox(unsigned char, unsigned char, unsigned char, unsigned char)
                0x00000000080034ec                VFO::GradientBox::GradientBox(unsigned char, unsigned char, unsigned char, unsigned char)
 .text._ZN3VFO11GradientBox4drawEv
                0x0000000008003544      0x160 Src/VFO/GUI/Background.o
                0x0000000008003544                VFO::GradientBox::draw()
 .text._ZN3VFO11GradientBox4drawEhhhh
                0x00000000080036a4       0x14 Src/VFO/GUI/Background.o
                0x00000000080036a4                VFO::GradientBox::draw(unsigned char, unsigned char, unsigned char, unsigned char)
 .text._ZN3VFO11GradientBox5clearEhhhh
                0x00000000080036b8      0x174 Src/VFO/GUI/Background.o
                0x00000000080036b8                VFO::GradientBox::clear(unsigned char, unsigned char, unsigned char, unsigned char)
 .text._ZN3VFO15backgroundColorEPvtt
                0x000000000800382c        0xe Src/VFO/GUI/Background.o
                0x000000000800382c                VFO::backgroundColor(void*, unsigned short, unsigned short)
 .text._ZN3VFO15FrequencyStringC2EttPNS_10BackgroundE
                0x000000000800383a       0x14 Src/VFO/GUI/FrequencyString.o
                0x000000000800383a                VFO::FrequencyString::FrequencyString(unsigned short, unsigned short, VFO::Background*)
                0x000000000800383a                VFO::FrequencyString::FrequencyString(unsigned short, unsigned short, VFO::Background*)
 .text._ZN3VFO15FrequencyString13setBackgroundEPNS_10BackgroundE
                0x000000000800384e        0xc Src/VFO/GUI/FrequencyString.o
                0x000000000800384e                VFO::FrequencyString::setBackground(VFO::Background*)
 *fill*         0x000000000800385a        0x2 
 .text._ZN3VFO15FrequencyString4drawEm
                0x000000000800385c       0x74 Src/VFO/GUI/FrequencyString.o
                0x000000000800385c                VFO::FrequencyString::draw(unsigned long)
 .text._ZN3VFO8valToStrElPcjc
                0x00000000080038d0       0xb0 Src/VFO/GUI/Utils.o
                0x00000000080038d0                VFO::valToStr(long, char*, unsigned int, char)
 .text._ZN3VFO14utf8to1251DestEPKcPcj
                0x0000000008003980       0x72 Src/VFO/GUI/Utils.o
                0x0000000008003980                VFO::utf8to1251Dest(char const*, char*, unsigned int)
 .text._ZN3VFO10utf8to1251EPc
                0x00000000080039f2       0x6a Src/VFO/GUI/Utils.o
                0x00000000080039f2                VFO::utf8to1251(char*)
 .text._Z17KBDCallBack_Setupii
                0x0000000008003a5c       0x18 Src/VFO.o
                0x0000000008003a5c                KBDCallBack_Setup(int, int)
 .text.HAL_SYSTICK_Callback
                0x0000000008003a74        0x8 Src/VFO.o
                0x0000000008003a74                HAL_SYSTICK_Callback
 .text.vfoSystick
                0x0000000008003a7c        0x2 Src/VFO.o
                0x0000000008003a7c                vfoSystick
 *fill*         0x0000000008003a7e        0x2 
 .text._Z9_vfoSetupv
                0x0000000008003a80       0x48 Src/VFO.o
                0x0000000008003a80                _vfoSetup()
 .text.vfoSetup
                0x0000000008003ac8        0x8 Src/VFO.o
                0x0000000008003ac8                vfoSetup
 .text._Z17_vfoLoopIterationv
                0x0000000008003ad0       0x3c Src/VFO.o
                0x0000000008003ad0                _vfoLoopIteration()
 .text.vfoLoopIteration
                0x0000000008003b0c        0x8 Src/VFO.o
                0x0000000008003b0c                vfoLoopIteration
 .text.MX_GPIO_Init
                0x0000000008003b14       0x80 Src/main.o
 .text.MX_SPI2_Init
                0x0000000008003b94       0x6c Src/main.o
 .text._Error_Handler
                0x0000000008003c00        0x2 Src/main.o
                0x0000000008003c00                _Error_Handler
 *fill*         0x0000000008003c02        0x2 
 .text.MX_ADC1_Init
                0x0000000008003c04       0x5c Src/main.o
 .text.MX_TIM4_Init
                0x0000000008003c60       0x70 Src/main.o
 .text.MX_I2C2_Init
                0x0000000008003cd0       0x40 Src/main.o
 .text.SystemClock_Config
                0x0000000008003d10       0xa0 Src/main.o
                0x0000000008003d10                SystemClock_Config
 .text.main     0x0000000008003db0       0x44 Src/main.o
                0x0000000008003db0                main
 .text.HAL_MspInit
                0x0000000008003df4       0x90 Src/stm32f1xx_hal_msp.o
                0x0000000008003df4                HAL_MspInit
 .text.HAL_ADC_MspInit
                0x0000000008003e84       0x44 Src/stm32f1xx_hal_msp.o
                0x0000000008003e84                HAL_ADC_MspInit
 .text.HAL_I2C_MspInit
                0x0000000008003ec8       0x4c Src/stm32f1xx_hal_msp.o
                0x0000000008003ec8                HAL_I2C_MspInit
 .text.HAL_TIM_Encoder_MspInit
                0x0000000008003f14       0x48 Src/stm32f1xx_hal_msp.o
                0x0000000008003f14                HAL_TIM_Encoder_MspInit
 .text.NMI_Handler
                0x0000000008003f5c        0x2 Src/stm32f1xx_it.o
                0x0000000008003f5c                NMI_Handler
 .text.HardFault_Handler
                0x0000000008003f5e        0x2 Src/stm32f1xx_it.o
                0x0000000008003f5e                HardFault_Handler
 .text.MemManage_Handler
                0x0000000008003f60        0x2 Src/stm32f1xx_it.o
                0x0000000008003f60                MemManage_Handler
 .text.BusFault_Handler
                0x0000000008003f62        0x2 Src/stm32f1xx_it.o
                0x0000000008003f62                BusFault_Handler
 .text.UsageFault_Handler
                0x0000000008003f64        0x2 Src/stm32f1xx_it.o
                0x0000000008003f64                UsageFault_Handler
 .text.SVC_Handler
                0x0000000008003f66        0x2 Src/stm32f1xx_it.o
                0x0000000008003f66                SVC_Handler
 .text.DebugMon_Handler
                0x0000000008003f68        0x2 Src/stm32f1xx_it.o
                0x0000000008003f68                DebugMon_Handler
 .text.PendSV_Handler
                0x0000000008003f6a        0x2 Src/stm32f1xx_it.o
                0x0000000008003f6a                PendSV_Handler
 .text.SysTick_Handler
                0x0000000008003f6c       0x10 Src/stm32f1xx_it.o
                0x0000000008003f6c                SysTick_Handler
 .text.SystemInit
                0x0000000008003f7c       0x4c Src/system_stm32f1xx.o
                0x0000000008003f7c                SystemInit
 .text.EE_VerifyPageFullyErased
                0x0000000008003fc8       0x24 Src/eeprom/eeprom.o
 .text.EE_FindValidPage
                0x0000000008003fec       0x50 Src/eeprom/eeprom.o
 .text.EE_VerifyPageFullWriteVariable
                0x000000000800403c       0x5c Src/eeprom/eeprom.o
 .text.EE_Format
                0x0000000008004098       0x5c Src/eeprom/eeprom.o
 .text.EE_ReadVariable
                0x00000000080040f4       0x44 Src/eeprom/eeprom.o
                0x00000000080040f4                EE_ReadVariable
 .text.EE_Init  0x0000000008004138      0x264 Src/eeprom/eeprom.o
                0x0000000008004138                EE_Init
 .text.EE_PageTransfer
                0x000000000800439c       0xc4 Src/eeprom/eeprom.o
 .text.EE_WriteVariable
                0x0000000008004460       0x1a Src/eeprom/eeprom.o
                0x0000000008004460                EE_WriteVariable
 *fill*         0x000000000800447a        0x2 
 .text._Z10KBD_addKeyP12GPIO_TypeDefiiPFviiE
                0x000000000800447c       0x50 Src/kbd/kbd.o
                0x000000000800447c                KBD_addKey(GPIO_TypeDef*, int, int, void (*)(int, int))
 .text._Z16KBD_ISR_Callbackv
                0x00000000080044cc      0x17c Src/kbd/kbd.o
                0x00000000080044cc                KBD_ISR_Callback()
 .text._ZN6Si5351C2Eh
                0x0000000008004648       0x54 Src/si5351/si5351.o
                0x0000000008004648                Si5351::Si5351(unsigned char)
                0x0000000008004648                Si5351::Si5351(unsigned char)
 .text._ZN6Si535112set_ref_freqEm16si5351_pll_input
                0x000000000800469c       0x7c Src/si5351/si5351.o
                0x000000000800469c                Si5351::set_ref_freq(unsigned long, si5351_pll_input)
 .text._ZN6Si535117si5351_write_bulkEhhPh
                0x0000000008004718       0x54 Src/si5351/si5351.o
                0x0000000008004718                Si5351::si5351_write_bulk(unsigned char, unsigned char, unsigned char*)
 .text._ZN6Si535112si5351_writeEhh
                0x000000000800476c       0x68 Src/si5351/si5351.o
                0x000000000800476c                Si5351::si5351_write(unsigned char, unsigned char)
 .text._ZN6Si53519pll_resetE10si5351_pll
                0x00000000080047d4       0x1e Src/si5351/si5351.o
                0x00000000080047d4                Si5351::pll_reset(si5351_pll)
 *fill*         0x00000000080047f2        0x2 
 .text._ZN6Si535111si5351_readEh
                0x00000000080047f4       0x9c Src/si5351/si5351.o
                0x00000000080047f4                Si5351::si5351_read(unsigned char)
 .text._ZN6Si535113output_enableE12si5351_clockh
                0x0000000008004890       0x30 Src/si5351/si5351.o
                0x0000000008004890                Si5351::output_enable(si5351_clock, unsigned char)
 .text._ZN6Si535113set_ms_sourceE12si5351_clock10si5351_pll
                0x00000000080048c0       0x36 Src/si5351/si5351.o
                0x00000000080048c0                Si5351::set_ms_source(si5351_clock, si5351_pll)
 .text._ZN6Si53517set_intE12si5351_clockh
                0x00000000080048f6       0x2a Src/si5351/si5351.o
                0x00000000080048f6                Si5351::set_int(si5351_clock, unsigned char)
 .text._ZN6Si53518pll_calcE10si5351_pllyP12Si5351RegSetlh
                0x0000000008004920      0x270 Src/si5351/si5351.o
                0x0000000008004920                Si5351::pll_calc(si5351_pll, unsigned long long, Si5351RegSet*, long, unsigned char)
 .text._ZN6Si53517set_pllEy10si5351_pll
                0x0000000008004b90       0xce Src/si5351/si5351.o
                0x0000000008004b90                Si5351::set_pll(unsigned long long, si5351_pll)
 *fill*         0x0000000008004c5e        0x2 
 .text._ZN6Si53515resetEv
                0x0000000008004c60      0x190 Src/si5351/si5351.o
                0x0000000008004c60                Si5351::reset()
 .text._ZN6Si535114set_correctionEl16si5351_pll_input
                0x0000000008004df0       0x2c Src/si5351/si5351.o
                0x0000000008004df0                Si5351::set_correction(long, si5351_pll_input)
 .text._ZN6Si53514initEhml
                0x0000000008004e1c       0x74 Src/si5351/si5351.o
                0x0000000008004e1c                Si5351::init(unsigned char, unsigned long, long)
 .text._ZN6Si535115multisynth_calcEyyP12Si5351RegSet
                0x0000000008004e90      0x1a4 Src/si5351/si5351.o
                0x0000000008004e90                Si5351::multisynth_calc(unsigned long long, unsigned long long, Si5351RegSet*)
 *fill*         0x0000000008005034        0x4 
 .text._ZN6Si535117multisynth67_calcEyyP12Si5351RegSet
                0x0000000008005038      0x11c Src/si5351/si5351.o
                0x0000000008005038                Si5351::multisynth67_calc(unsigned long long, unsigned long long, Si5351RegSet*)
 .text._ZN6Si53516ms_divE12si5351_clockhh
                0x0000000008005154       0x88 Src/si5351/si5351.o
                0x0000000008005154                Si5351::ms_div(si5351_clock, unsigned char, unsigned char)
 .text._ZN6Si53516set_msE12si5351_clock12Si5351RegSethhh
                0x00000000080051dc      0x198 Src/si5351/si5351.o
                0x00000000080051dc                Si5351::set_ms(si5351_clock, Si5351RegSet, unsigned char, unsigned char, unsigned char)
 *fill*         0x0000000008005374        0x4 
 .text._ZN6Si535112select_r_divEPy
                0x0000000008005378      0x178 Src/si5351/si5351.o
                0x0000000008005378                Si5351::select_r_div(unsigned long long*)
 .text._ZN6Si535117select_r_div_ms67EPy
                0x00000000080054f0      0x188 Src/si5351/si5351.o
                0x00000000080054f0                Si5351::select_r_div_ms67(unsigned long long*)
 .text._ZN6Si53518set_freqEy12si5351_clock
                0x0000000008005678      0x3d4 Src/si5351/si5351.o
                0x0000000008005678                Si5351::set_freq(unsigned long long, si5351_clock)
 .text.DWT_Delay_Init
                0x0000000008005a4c       0x44 Src/st7735/dwt_stm32_delay.o
                0x0000000008005a4c                DWT_Delay_Init
 .text.ST7735_write
                0x0000000008005a90       0x30 Src/st7735/st7735.o
                0x0000000008005a90                ST7735_write
 .text.ST7735_cmd
                0x0000000008005ac0       0x1c Src/st7735/st7735.o
                0x0000000008005ac0                ST7735_cmd
 .text.ST7735_data
                0x0000000008005adc       0x1c Src/st7735/st7735.o
                0x0000000008005adc                ST7735_data
 .text.ST7735_Orientation
                0x0000000008005af8       0x88 Src/st7735/st7735.o
                0x0000000008005af8                ST7735_Orientation
 .text.ST7735_Init
                0x0000000008005b80      0x1e0 Src/st7735/st7735.o
                0x0000000008005b80                ST7735_Init
 .text.ST7735_AddrSet
                0x0000000008005d60       0x74 Src/st7735/st7735.o
                0x0000000008005d60                ST7735_AddrSet
 .text.ST7735_HLine
                0x0000000008005dd4       0x64 Src/st7735/st7735.o
                0x0000000008005dd4                ST7735_HLine
 .text.ST7735_VLine
                0x0000000008005e38       0x64 Src/st7735/st7735.o
                0x0000000008005e38                ST7735_VLine
 .text.ST7735_Rect
                0x0000000008005e9c       0x42 Src/st7735/st7735.o
                0x0000000008005e9c                ST7735_Rect
 *fill*         0x0000000008005ede        0x2 
 .text.ST7735_FillRect
                0x0000000008005ee0       0x78 Src/st7735/st7735.o
                0x0000000008005ee0                ST7735_FillRect
 .text.ST7735_FillRectEx
                0x0000000008005f58       0x7c Src/st7735/st7735.o
                0x0000000008005f58                ST7735_FillRectEx
 .text.ST7735_PutChar7x11Ex
                0x0000000008005fd4      0x160 Src/st7735/st7735.o
                0x0000000008005fd4                ST7735_PutChar7x11Ex
 .text.ST7735_PutStr7x11Ex
                0x0000000008006134       0x60 Src/st7735/st7735.o
                0x0000000008006134                ST7735_PutStr7x11Ex
 .text.ST7735_PutChar5x7Ex
                0x0000000008006194      0x268 Src/st7735/st7735.o
                0x0000000008006194                ST7735_PutChar5x7Ex
 .text.ST7735_PutStr5x7Ex
                0x00000000080063fc       0xd0 Src/st7735/st7735.o
                0x00000000080063fc                ST7735_PutStr5x7Ex
 .text.Reset_Handler
                0x00000000080064cc       0x48 startup/startup_stm32f103xb.o
                0x00000000080064cc                Reset_Handler
 .text.Default_Handler
                0x0000000008006514        0x2 startup/startup_stm32f103xb.o
                0x0000000008006514                USBWakeUp_IRQHandler
                0x0000000008006514                EXTI2_IRQHandler
                0x0000000008006514                TIM1_CC_IRQHandler
                0x0000000008006514                PVD_IRQHandler
                0x0000000008006514                EXTI3_IRQHandler
                0x0000000008006514                EXTI0_IRQHandler
                0x0000000008006514                I2C2_EV_IRQHandler
                0x0000000008006514                ADC1_2_IRQHandler
                0x0000000008006514                SPI1_IRQHandler
                0x0000000008006514                TAMPER_IRQHandler
                0x0000000008006514                DMA1_Channel4_IRQHandler
                0x0000000008006514                USART3_IRQHandler
                0x0000000008006514                RTC_IRQHandler
                0x0000000008006514                DMA1_Channel7_IRQHandler
                0x0000000008006514                CAN1_RX1_IRQHandler
                0x0000000008006514                TIM4_IRQHandler
                0x0000000008006514                I2C1_EV_IRQHandler
                0x0000000008006514                DMA1_Channel6_IRQHandler
                0x0000000008006514                TIM3_IRQHandler
                0x0000000008006514                RCC_IRQHandler
                0x0000000008006514                TIM1_TRG_COM_IRQHandler
                0x0000000008006514                DMA1_Channel1_IRQHandler
                0x0000000008006514                Default_Handler
                0x0000000008006514                EXTI15_10_IRQHandler
                0x0000000008006514                EXTI9_5_IRQHandler
                0x0000000008006514                SPI2_IRQHandler
                0x0000000008006514                DMA1_Channel5_IRQHandler
                0x0000000008006514                EXTI4_IRQHandler
                0x0000000008006514                USB_LP_CAN1_RX0_IRQHandler
                0x0000000008006514                USB_HP_CAN1_TX_IRQHandler
                0x0000000008006514                DMA1_Channel3_IRQHandler
                0x0000000008006514                TIM1_UP_IRQHandler
                0x0000000008006514                WWDG_IRQHandler
                0x0000000008006514                TIM2_IRQHandler
                0x0000000008006514                TIM1_BRK_IRQHandler
                0x0000000008006514                EXTI1_IRQHandler
                0x0000000008006514                USART2_IRQHandler
                0x0000000008006514                I2C2_ER_IRQHandler
                0x0000000008006514                DMA1_Channel2_IRQHandler
                0x0000000008006514                CAN1_SCE_IRQHandler
                0x0000000008006514                FLASH_IRQHandler
                0x0000000008006514                USART1_IRQHandler
                0x0000000008006514                I2C1_ER_IRQHandler
                0x0000000008006514                RTC_Alarm_IRQHandler
 .text._ZdlPvj  0x0000000008006516        0x4 /Applications/Ac6/SystemWorkbench.app/Contents/Eclipse/plugins/fr.ac6.mcu.externaltools.arm-none.macos64_1.15.0.201708311556/tools/compiler/bin/../lib/gcc/arm-none-eabi/6.3.1/../../../../arm-none-eabi/lib/thumb/v7-m/libstdc++_nano.a(del_ops.o)
                0x0000000008006516                operator delete(void*, unsigned int)
 .text._Znwj    0x000000000800651a       0x22 /Applications/Ac6/SystemWorkbench.app/Contents/Eclipse/plugins/fr.ac6.mcu.externaltools.arm-none.macos64_1.15.0.201708311556/tools/compiler/bin/../lib/gcc/arm-none-eabi/6.3.1/../../../../arm-none-eabi/lib/thumb/v7-m/libstdc++_nano.a(new_op.o)
                0x000000000800651a                operator new(unsigned int)
 .text._Znaj    0x000000000800653c        0x4 /Applications/Ac6/SystemWorkbench.app/Contents/Eclipse/plugins/fr.ac6.mcu.externaltools.arm-none.macos64_1.15.0.201708311556/tools/compiler/bin/../lib/gcc/arm-none-eabi/6.3.1/../../../../arm-none-eabi/lib/thumb/v7-m/libstdc++_nano.a(new_opv.o)
                0x000000000800653c                operator new[](unsigned int)
 .text.__cxa_pure_virtual
                0x0000000008006540        0x6 /Applications/Ac6/SystemWorkbench.app/Contents/Eclipse/plugins/fr.ac6.mcu.externaltools.arm-none.macos64_1.15.0.201708311556/tools/compiler/bin/../lib/gcc/arm-none-eabi/6.3.1/../../../../arm-none-eabi/lib/thumb/v7-m/libstdc++_nano.a(pure.o)
                0x0000000008006540                __cxa_pure_virtual
 .text._ZdlPv   0x0000000008006546        0x4 /Applications/Ac6/SystemWorkbench.app/Contents/Eclipse/plugins/fr.ac6.mcu.externaltools.arm-none.macos64_1.15.0.201708311556/tools/compiler/bin/../lib/gcc/arm-none-eabi/6.3.1/../../../../arm-none-eabi/lib/thumb/v7-m/libstdc++_nano.a(del_op.o)
                0x0000000008006546                operator delete(void*)
 .text._ZN10__cxxabiv111__terminateEPFvvE
                0x000000000800654a        0x8 /Applications/Ac6/SystemWorkbench.app/Contents/Eclipse/plugins/fr.ac6.mcu.externaltools.arm-none.macos64_1.15.0.201708311556/tools/compiler/bin/../lib/gcc/arm-none-eabi/6.3.1/../../../../arm-none-eabi/lib/thumb/v7-m/libstdc++_nano.a(eh_terminate.o)
                0x000000000800654a                __cxxabiv1::__terminate(void (*)())
 *fill*         0x0000000008006552        0x2 
 .text._ZSt13get_terminatev
                0x0000000008006554       0x10 /Applications/Ac6/SystemWorkbench.app/Contents/Eclipse/plugins/fr.ac6.mcu.externaltools.arm-none.macos64_1.15.0.201708311556/tools/compiler/bin/../lib/gcc/arm-none-eabi/6.3.1/../../../../arm-none-eabi/lib/thumb/v7-m/libstdc++_nano.a(eh_terminate.o)
                0x0000000008006554                std::get_terminate()
 .text._ZSt9terminatev
                0x0000000008006564        0xa /Applications/Ac6/SystemWorkbench.app/Contents/Eclipse/plugins/fr.ac6.mcu.externaltools.arm-none.macos64_1.15.0.201708311556/tools/compiler/bin/../lib/gcc/arm-none-eabi/6.3.1/../../../../arm-none-eabi/lib/thumb/v7-m/libstdc++_nano.a(eh_terminate.o)
                0x0000000008006564                std::terminate()
 *fill*         0x000000000800656e        0x2 
 .text._ZSt15get_new_handlerv
                0x0000000008006570       0x10 /Applications/Ac6/SystemWorkbench.app/Contents/Eclipse/plugins/fr.ac6.mcu.externaltools.arm-none.macos64_1.15.0.201708311556/tools/compiler/bin/../lib/gcc/arm-none-eabi/6.3.1/../../../../arm-none-eabi/lib/thumb/v7-m/libstdc++_nano.a(new_handler.o)
                0x0000000008006570                std::get_new_handler()
 .text.abort    0x0000000008006580        0xe /Applications/Ac6/SystemWorkbench.app/Contents/Eclipse/plugins/fr.ac6.mcu.externaltools.arm-none.macos64_1.15.0.201708311556/tools/compiler/bin/../lib/gcc/arm-none-eabi/6.3.1/../../../../arm-none-eabi/lib/thumb/v7-m/libc_nano.a(lib_a-abort.o)
                0x0000000008006580                abort
 *fill*         0x000000000800658e        0x2 
 .text.__libc_init_array
                0x0000000008006590       0x48 /Applications/Ac6/SystemWorkbench.app/Contents/Eclipse/plugins/fr.ac6.mcu.externaltools.arm-none.macos64_1.15.0.201708311556/tools/compiler/bin/../lib/gcc/arm-none-eabi/6.3.1/../../../../arm-none-eabi/lib/thumb/v7-m/libc_nano.a(lib_a-init.o)
                0x0000000008006590                __libc_init_array
 .text.malloc   0x00000000080065d8       0x10 /Applications/Ac6/SystemWorkbench.app/Contents/Eclipse/plugins/fr.ac6.mcu.externaltools.arm-none.macos64_1.15.0.201708311556/tools/compiler/bin/../lib/gcc/arm-none-eabi/6.3.1/../../../../arm-none-eabi/lib/thumb/v7-m/libc_nano.a(lib_a-malloc.o)
                0x00000000080065d8                malloc
 .text.free     0x00000000080065e8       0x10 /Applications/Ac6/SystemWorkbench.app/Contents/Eclipse/plugins/fr.ac6.mcu.externaltools.arm-none.macos64_1.15.0.201708311556/tools/compiler/bin/../lib/gcc/arm-none-eabi/6.3.1/../../../../arm-none-eabi/lib/thumb/v7-m/libc_nano.a(lib_a-malloc.o)
                0x00000000080065e8                free
 .text.memcpy   0x00000000080065f8       0x16 /Applications/Ac6/SystemWorkbench.app/Contents/Eclipse/plugins/fr.ac6.mcu.externaltools.arm-none.macos64_1.15.0.201708311556/tools/compiler/bin/../lib/gcc/arm-none-eabi/6.3.1/../../../../arm-none-eabi/lib/thumb/v7-m/libc_nano.a(lib_a-memcpy-stub.o)
                0x00000000080065f8                memcpy
 *fill*         0x000000000800660e        0x2 
 .text._free_r  0x0000000008006610       0x98 /Applications/Ac6/SystemWorkbench.app/Contents/Eclipse/plugins/fr.ac6.mcu.externaltools.arm-none.macos64_1.15.0.201708311556/tools/compiler/bin/../lib/gcc/arm-none-eabi/6.3.1/../../../../arm-none-eabi/lib/thumb/v7-m/libc_nano.a(lib_a-nano-freer.o)
                0x0000000008006610                _free_r
 .text._malloc_r
                0x00000000080066a8       0xbc /Applications/Ac6/SystemWorkbench.app/Contents/Eclipse/plugins/fr.ac6.mcu.externaltools.arm-none.macos64_1.15.0.201708311556/tools/compiler/bin/../lib/gcc/arm-none-eabi/6.3.1/../../../../arm-none-eabi/lib/thumb/v7-m/libc_nano.a(lib_a-nano-mallocr.o)
                0x00000000080066a8                _malloc_r
 .text._sbrk_r  0x0000000008006764       0x20 /Applications/Ac6/SystemWorkbench.app/Contents/Eclipse/plugins/fr.ac6.mcu.externaltools.arm-none.macos64_1.15.0.201708311556/tools/compiler/bin/../lib/gcc/arm-none-eabi/6.3.1/../../../../arm-none-eabi/lib/thumb/v7-m/libc_nano.a(lib_a-sbrkr.o)
                0x0000000008006764                _sbrk_r
 .text._raise_r
                0x0000000008006784       0x50 /Applications/Ac6/SystemWorkbench.app/Contents/Eclipse/plugins/fr.ac6.mcu.externaltools.arm-none.macos64_1.15.0.201708311556/tools/compiler/bin/../lib/gcc/arm-none-eabi/6.3.1/../../../../arm-none-eabi/lib/thumb/v7-m/libc_nano.a(lib_a-signal.o)
                0x0000000008006784                _raise_r
 .text.raise    0x00000000080067d4       0x10 /Applications/Ac6/SystemWorkbench.app/Contents/Eclipse/plugins/fr.ac6.mcu.externaltools.arm-none.macos64_1.15.0.201708311556/tools/compiler/bin/../lib/gcc/arm-none-eabi/6.3.1/../../../../arm-none-eabi/lib/thumb/v7-m/libc_nano.a(lib_a-signal.o)
                0x00000000080067d4                raise
 .text._kill_r  0x00000000080067e4       0x24 /Applications/Ac6/SystemWorkbench.app/Contents/Eclipse/plugins/fr.ac6.mcu.externaltools.arm-none.macos64_1.15.0.201708311556/tools/compiler/bin/../lib/gcc/arm-none-eabi/6.3.1/../../../../arm-none-eabi/lib/thumb/v7-m/libc_nano.a(lib_a-signalr.o)
                0x00000000080067e4                _kill_r
 .text._getpid_r
                0x0000000008006808        0x4 /Applications/Ac6/SystemWorkbench.app/Contents/Eclipse/plugins/fr.ac6.mcu.externaltools.arm-none.macos64_1.15.0.201708311556/tools/compiler/bin/../lib/gcc/arm-none-eabi/6.3.1/../../../../arm-none-eabi/lib/thumb/v7-m/libc_nano.a(lib_a-signalr.o)
                0x0000000008006808                _getpid_r
 .text.__malloc_lock
                0x000000000800680c        0x2 /Applications/Ac6/SystemWorkbench.app/Contents/Eclipse/plugins/fr.ac6.mcu.externaltools.arm-none.macos64_1.15.0.201708311556/tools/compiler/bin/../lib/gcc/arm-none-eabi/6.3.1/../../../../arm-none-eabi/lib/thumb/v7-m/libc_nano.a(lib_a-mlock.o)
                0x000000000800680c                __malloc_lock
 .text.__malloc_unlock
                0x000000000800680e        0x2 /Applications/Ac6/SystemWorkbench.app/Contents/Eclipse/plugins/fr.ac6.mcu.externaltools.arm-none.macos64_1.15.0.201708311556/tools/compiler/bin/../lib/gcc/arm-none-eabi/6.3.1/../../../../arm-none-eabi/lib/thumb/v7-m/libc_nano.a(lib_a-mlock.o)
                0x000000000800680e                __malloc_unlock
 .text._getpid  0x0000000008006810       0x10 /Applications/Ac6/SystemWorkbench.app/Contents/Eclipse/plugins/fr.ac6.mcu.externaltools.arm-none.macos64_1.15.0.201708311556/tools/compiler/bin/../lib/gcc/arm-none-eabi/6.3.1/../../../../arm-none-eabi/lib/thumb/v7-m/libnosys.a(getpid.o)
                0x0000000008006810                _getpid
 .text._kill    0x0000000008006820       0x10 /Applications/Ac6/SystemWorkbench.app/Contents/Eclipse/plugins/fr.ac6.mcu.externaltools.arm-none.macos64_1.15.0.201708311556/tools/compiler/bin/../lib/gcc/arm-none-eabi/6.3.1/../../../../arm-none-eabi/lib/thumb/v7-m/libnosys.a(kill.o)
                0x0000000008006820                _kill
 .text._sbrk    0x0000000008006830       0x1c /Applications/Ac6/SystemWorkbench.app/Contents/Eclipse/plugins/fr.ac6.mcu.externaltools.arm-none.macos64_1.15.0.201708311556/tools/compiler/bin/../lib/gcc/arm-none-eabi/6.3.1/../../../../arm-none-eabi/lib/thumb/v7-m/libnosys.a(sbrk.o)
                0x0000000008006830                _sbrk
 .text._exit    0x000000000800684c        0x4 /Applications/Ac6/SystemWorkbench.app/Contents/Eclipse/plugins/fr.ac6.mcu.externaltools.arm-none.macos64_1.15.0.201708311556/tools/compiler/bin/../lib/gcc/arm-none-eabi/6.3.1/../../../../arm-none-eabi/lib/thumb/v7-m/libnosys.a(_exit.o)
                0x000000000800684c                _exit
 *(.glue_7)
 .glue_7        0x0000000008006850        0x0 linker stubs
 *(.glue_7t)
 .glue_7t       0x0000000008006850        0x0 linker stubs
 *(.eh_frame)
 .eh_frame      0x0000000008006850        0x0 /Applications/Ac6/SystemWorkbench.app/Contents/Eclipse/plugins/fr.ac6.mcu.externaltools.arm-none.macos64_1.15.0.201708311556/tools/compiler/bin/../lib/gcc/arm-none-eabi/6.3.1/thumb/v7-m/crtbegin.o
 *(.init)
 .init          0x0000000008006850        0x4 /Applications/Ac6/SystemWorkbench.app/Contents/Eclipse/plugins/fr.ac6.mcu.externaltools.arm-none.macos64_1.15.0.201708311556/tools/compiler/bin/../lib/gcc/arm-none-eabi/6.3.1/thumb/v7-m/crti.o
                0x0000000008006850                _init
 .init          0x0000000008006854        0x8 /Applications/Ac6/SystemWorkbench.app/Contents/Eclipse/plugins/fr.ac6.mcu.externaltools.arm-none.macos64_1.15.0.201708311556/tools/compiler/bin/../lib/gcc/arm-none-eabi/6.3.1/thumb/v7-m/crtn.o
 *(.fini)
 .fini          0x000000000800685c        0x4 /Applications/Ac6/SystemWorkbench.app/Contents/Eclipse/plugins/fr.ac6.mcu.externaltools.arm-none.macos64_1.15.0.201708311556/tools/compiler/bin/../lib/gcc/arm-none-eabi/6.3.1/thumb/v7-m/crti.o
                0x000000000800685c                _fini
 .fini          0x0000000008006860        0x8 /Applications/Ac6/SystemWorkbench.app/Contents/Eclipse/plugins/fr.ac6.mcu.externaltools.arm-none.macos64_1.15.0.201708311556/tools/compiler/bin/../lib/gcc/arm-none-eabi/6.3.1/thumb/v7-m/crtn.o
                0x0000000008006868                . = ALIGN (0x4)
                0x0000000008006868                _etext = .

.vfp11_veneer   0x0000000008006868        0x0
 .vfp11_veneer  0x0000000008006868        0x0 linker stubs

.v4_bx          0x0000000008006868        0x0
 .v4_bx         0x0000000008006868        0x0 linker stubs

.iplt           0x0000000008006868        0x0
 .iplt          0x0000000008006868        0x0 /Applications/Ac6/SystemWorkbench.app/Contents/Eclipse/plugins/fr.ac6.mcu.externaltools.arm-none.macos64_1.15.0.201708311556/tools/compiler/bin/../lib/gcc/arm-none-eabi/6.3.1/thumb/v7-m/crtbegin.o

.rodata         0x0000000008006868      0xe30
                0x0000000008006868                . = ALIGN (0x4)
 *(.rodata)
 .rodata        0x0000000008006868       0x12 Drivers/STM32F1xx_HAL_Driver/Src/stm32f1xx_hal_rcc.o
 *fill*         0x000000000800687a        0x2 
 .rodata        0x000000000800687c       0x10 Src/VFO/Configuration.o
                0x000000000800687c                vtable for VFO::Configuration
 .rodata        0x000000000800688c       0x10 Src/VFO/GUIController.o
                0x000000000800688c                vtable for VFO::GUIController
 .rodata        0x000000000800689c       0x23 Src/VFO/GUIMainView.o
                0x000000000800689c                vtable for VFO::GUIMainView
 *fill*         0x00000000080068bf        0x1 
 .rodata        0x00000000080068c0       0x54 Src/VFO/GUISetupView.o
                0x00000000080068c0                vtable for VFO::GUISetupView
 .rodata        0x0000000008006914       0x1c Src/VFO/GUIView.o
                0x0000000008006914                vtable for VFO::GUIView
 .rodata        0x0000000008006930       0x10 Src/VFO/VFOController.o
                0x0000000008006930                vtable for VFO::VFOController
 .rodata        0x0000000008006940       0x37 Src/VFO/GUI/Background.o
                0x0000000008006940                vtable for VFO::BitmapBox
                0x0000000008006954                vtable for VFO::GradientBox
 *fill*         0x0000000008006977        0x1 
 .rodata        0x0000000008006978       0x18 Src/system_stm32f1xx.o
                0x0000000008006978                AHBPrescTable
                0x0000000008006988                APBPrescTable
 .rodata        0x0000000008006990      0xc00 Src/st7735/st7735.o
 *(.rodata*)
 .rodata.str1.4
                0x0000000008007590       0x18 Src/VFO/GUIMainView.o
 .rodata.str1.4
                0x00000000080075a8       0xc3 Src/VFO/GUISetupView.o
 *fill*         0x000000000800766b        0x1 
 .rodata.str1.4
                0x000000000800766c        0xe Src/main.o
 *fill*         0x000000000800767a        0x2 
 .rodata.str1.4
                0x000000000800767c       0x1c Src/si5351/si5351.o
                                         0x19 (size before relaxing)
                0x0000000008007698                . = ALIGN (0x4)

.ARM.extab
 *(.ARM.extab* .gnu.linkonce.armextab.*)

.ARM            0x0000000008007698        0x8
                0x0000000008007698                __exidx_start = .
 *(.ARM.exidx*)
 .ARM.exidx     0x0000000008007698        0x8 /Applications/Ac6/SystemWorkbench.app/Contents/Eclipse/plugins/fr.ac6.mcu.externaltools.arm-none.macos64_1.15.0.201708311556/tools/compiler/bin/../lib/gcc/arm-none-eabi/6.3.1/thumb/v7-m/libgcc.a(_udivmoddi4.o)
                0x00000000080076a0                __exidx_end = .

.rel.dyn        0x00000000080076a0        0x0
 .rel.iplt      0x00000000080076a0        0x0 /Applications/Ac6/SystemWorkbench.app/Contents/Eclipse/plugins/fr.ac6.mcu.externaltools.arm-none.macos64_1.15.0.201708311556/tools/compiler/bin/../lib/gcc/arm-none-eabi/6.3.1/thumb/v7-m/crtbegin.o

.preinit_array  0x00000000080076a0        0x0
                0x00000000080076a0                PROVIDE (__preinit_array_start, .)
 *(.preinit_array*)
                0x00000000080076a0                PROVIDE (__preinit_array_end, .)

.init_array     0x00000000080076a0        0x8
                0x00000000080076a0                PROVIDE (__init_array_start, .)
 *(SORT(.init_array.*))
 *(.init_array*)
 .init_array    0x00000000080076a0        0x4 /Applications/Ac6/SystemWorkbench.app/Contents/Eclipse/plugins/fr.ac6.mcu.externaltools.arm-none.macos64_1.15.0.201708311556/tools/compiler/bin/../lib/gcc/arm-none-eabi/6.3.1/thumb/v7-m/crtbegin.o
 .init_array    0x00000000080076a4        0x4 Src/VFO/VFOController.o
                0x00000000080076a8                PROVIDE (__init_array_end, .)

.fini_array     0x00000000080076a8        0x4
                [!provide]                        PROVIDE (__fini_array_start, .)
 *(SORT(.fini_array.*))
 *(.fini_array*)
 .fini_array    0x00000000080076a8        0x4 /Applications/Ac6/SystemWorkbench.app/Contents/Eclipse/plugins/fr.ac6.mcu.externaltools.arm-none.macos64_1.15.0.201708311556/tools/compiler/bin/../lib/gcc/arm-none-eabi/6.3.1/thumb/v7-m/crtbegin.o
                [!provide]                        PROVIDE (__fini_array_end, .)
                0x00000000080076ac                _sidata = LOADADDR (.data)

.data           0x0000000020000000      0x138 load address 0x00000000080076ac
                0x0000000020000000                . = ALIGN (0x4)
                0x0000000020000000                _sdata = .
 *(.data)
 .data          0x0000000020000000        0x8 Drivers/STM32F1xx_HAL_Driver/Src/stm32f1xx_hal.o
                0x0000000020000000                uwTickFreq
                0x0000000020000004                uwTickPrio
 .data          0x0000000020000008       0x18 Src/VFO/Configuration.o
                0x0000000020000008                VirtAddVarTab
 .data          0x0000000020000020       0xa8 Src/VFO/GUISetupView.o
 .data          0x00000000200000c8        0x4 Src/VFO/VFOController.o
 .data          0x00000000200000cc        0x4 Src/system_stm32f1xx.o
                0x00000000200000cc                SystemCoreClock
 *(.data*)
 .data._ZN10__cxxabiv119__terminate_handlerE
                0x00000000200000d0        0x4 /Applications/Ac6/SystemWorkbench.app/Contents/Eclipse/plugins/fr.ac6.mcu.externaltools.arm-none.macos64_1.15.0.201708311556/tools/compiler/bin/../lib/gcc/arm-none-eabi/6.3.1/../../../../arm-none-eabi/lib/thumb/v7-m/libstdc++_nano.a(eh_term_handler.o)
                0x00000000200000d0                __cxxabiv1::__terminate_handler
 .data._impure_ptr
                0x00000000200000d4        0x4 /Applications/Ac6/SystemWorkbench.app/Contents/Eclipse/plugins/fr.ac6.mcu.externaltools.arm-none.macos64_1.15.0.201708311556/tools/compiler/bin/../lib/gcc/arm-none-eabi/6.3.1/../../../../arm-none-eabi/lib/thumb/v7-m/libc_nano.a(lib_a-impure.o)
                0x00000000200000d4                _impure_ptr
 .data.impure_data
                0x00000000200000d8       0x60 /Applications/Ac6/SystemWorkbench.app/Contents/Eclipse/plugins/fr.ac6.mcu.externaltools.arm-none.macos64_1.15.0.201708311556/tools/compiler/bin/../lib/gcc/arm-none-eabi/6.3.1/../../../../arm-none-eabi/lib/thumb/v7-m/libc_nano.a(lib_a-impure.o)
                0x0000000020000138                . = ALIGN (0x4)
                0x0000000020000138                _edata = .

.jcr            0x0000000020000138        0x0 load address 0x00000000080077e4
 .jcr           0x0000000020000138        0x0 /Applications/Ac6/SystemWorkbench.app/Contents/Eclipse/plugins/fr.ac6.mcu.externaltools.arm-none.macos64_1.15.0.201708311556/tools/compiler/bin/../lib/gcc/arm-none-eabi/6.3.1/thumb/v7-m/crtbegin.o

.igot.plt       0x0000000020000138        0x0 load address 0x00000000080077e4
 .igot.plt      0x0000000020000138        0x0 /Applications/Ac6/SystemWorkbench.app/Contents/Eclipse/plugins/fr.ac6.mcu.externaltools.arm-none.macos64_1.15.0.201708311556/tools/compiler/bin/../lib/gcc/arm-none-eabi/6.3.1/thumb/v7-m/crtbegin.o
                0x0000000020000138                . = ALIGN (0x4)

.bss            0x0000000020000138      0x1cc load address 0x00000000080077e4
                0x0000000020000138                _sbss = .
                0x0000000020000138                __bss_start__ = _sbss
 *(.bss)
 .bss           0x0000000020000138       0x1c /Applications/Ac6/SystemWorkbench.app/Contents/Eclipse/plugins/fr.ac6.mcu.externaltools.arm-none.macos64_1.15.0.201708311556/tools/compiler/bin/../lib/gcc/arm-none-eabi/6.3.1/thumb/v7-m/crtbegin.o
 .bss           0x0000000020000154        0x4 Src/VFO/VFOController.o
 .bss           0x0000000020000158        0x4 Src/VFO.o
                0x0000000020000158                _mainController
 .bss           0x000000002000015c        0x2 Src/eeprom/eeprom.o
                0x000000002000015c                DataVar
 *fill*         0x000000002000015e        0x2 
 .bss           0x0000000020000160       0x50 Src/kbd/kbd.o
 .bss           0x00000000200001b0       0x54 Src/si5351/si5351.o
 *(.bss*)
 .bss._ZN12_GLOBAL__N_113__new_handlerE
                0x0000000020000204        0x4 /Applications/Ac6/SystemWorkbench.app/Contents/Eclipse/plugins/fr.ac6.mcu.externaltools.arm-none.macos64_1.15.0.201708311556/tools/compiler/bin/../lib/gcc/arm-none-eabi/6.3.1/../../../../arm-none-eabi/lib/thumb/v7-m/libstdc++_nano.a(new_handler.o)
 .bss.__malloc_free_list
                0x0000000020000208        0x4 /Applications/Ac6/SystemWorkbench.app/Contents/Eclipse/plugins/fr.ac6.mcu.externaltools.arm-none.macos64_1.15.0.201708311556/tools/compiler/bin/../lib/gcc/arm-none-eabi/6.3.1/../../../../arm-none-eabi/lib/thumb/v7-m/libc_nano.a(lib_a-nano-mallocr.o)
                0x0000000020000208                __malloc_free_list
 .bss.__malloc_sbrk_start
                0x000000002000020c        0x4 /Applications/Ac6/SystemWorkbench.app/Contents/Eclipse/plugins/fr.ac6.mcu.externaltools.arm-none.macos64_1.15.0.201708311556/tools/compiler/bin/../lib/gcc/arm-none-eabi/6.3.1/../../../../arm-none-eabi/lib/thumb/v7-m/libc_nano.a(lib_a-nano-mallocr.o)
                0x000000002000020c                __malloc_sbrk_start
 .bss.heap_end.4116
                0x0000000020000210        0x4 /Applications/Ac6/SystemWorkbench.app/Contents/Eclipse/plugins/fr.ac6.mcu.externaltools.arm-none.macos64_1.15.0.201708311556/tools/compiler/bin/../lib/gcc/arm-none-eabi/6.3.1/../../../../arm-none-eabi/lib/thumb/v7-m/libnosys.a(sbrk.o)
 *(COMMON)
 COMMON         0x0000000020000214        0x4 Drivers/STM32F1xx_HAL_Driver/Src/stm32f1xx_hal.o
                0x0000000020000214                uwTick
 COMMON         0x0000000020000218       0x20 Drivers/STM32F1xx_HAL_Driver/Src/stm32f1xx_hal_flash.o
                0x0000000020000218                pFlash
 COMMON         0x0000000020000238       0xc4 Src/main.o
                0x0000000020000238                htim4
                0x0000000020000278                hi2c2
                0x00000000200002cc                hadc1
 COMMON         0x00000000200002fc        0x4 Src/st7735/st7735.o
                0x00000000200002fc                scr_width
                0x00000000200002fe                scr_height
 COMMON         0x0000000020000300        0x4 /Applications/Ac6/SystemWorkbench.app/Contents/Eclipse/plugins/fr.ac6.mcu.externaltools.arm-none.macos64_1.15.0.201708311556/tools/compiler/bin/../lib/gcc/arm-none-eabi/6.3.1/../../../../arm-none-eabi/lib/thumb/v7-m/libc_nano.a(lib_a-reent.o)
                0x0000000020000300                errno
                0x0000000020000304                . = ALIGN (0x4)
                0x0000000020000304                _ebss = .
                0x0000000020000304                __bss_end__ = _ebss

._user_heap_stack
                0x0000000020000304      0x604 load address 0x00000000080077e4
                0x0000000020000308                . = ALIGN (0x8)
 *fill*         0x0000000020000304        0x4 
                0x0000000020000308                PROVIDE (end, .)
                [!provide]                        PROVIDE (_end, .)
                0x0000000020000508                . = (. + _Min_Heap_Size)
 *fill*         0x0000000020000308      0x200 
                0x0000000020000908                . = (. + _Min_Stack_Size)
 *fill*         0x0000000020000508      0x400 
                0x0000000020000908                . = ALIGN (0x8)

/DISCARD/
 libc.a(*)
 libm.a(*)
 libgcc.a(*)

.ARM.attributes
                0x0000000000000000       0x29
 *(.ARM.attributes)
 .ARM.attributes
                0x0000000000000000       0x1d /Applications/Ac6/SystemWorkbench.app/Contents/Eclipse/plugins/fr.ac6.mcu.externaltools.arm-none.macos64_1.15.0.201708311556/tools/compiler/bin/../lib/gcc/arm-none-eabi/6.3.1/thumb/v7-m/crti.o
 .ARM.attributes
                0x000000000000001d       0x2d /Applications/Ac6/SystemWorkbench.app/Contents/Eclipse/plugins/fr.ac6.mcu.externaltools.arm-none.macos64_1.15.0.201708311556/tools/compiler/bin/../lib/gcc/arm-none-eabi/6.3.1/thumb/v7-m/crtbegin.o
 .ARM.attributes
                0x000000000000004a       0x33 Drivers/STM32F1xx_HAL_Driver/Src/stm32f1xx_hal.o
 .ARM.attributes
                0x000000000000007d       0x33 Drivers/STM32F1xx_HAL_Driver/Src/stm32f1xx_hal_adc.o
 .ARM.attributes
                0x00000000000000b0       0x33 Drivers/STM32F1xx_HAL_Driver/Src/stm32f1xx_hal_cortex.o
 .ARM.attributes
                0x00000000000000e3       0x33 Drivers/STM32F1xx_HAL_Driver/Src/stm32f1xx_hal_flash.o
 .ARM.attributes
                0x0000000000000116       0x33 Drivers/STM32F1xx_HAL_Driver/Src/stm32f1xx_hal_flash_ex.o
 .ARM.attributes
                0x0000000000000149       0x33 Drivers/STM32F1xx_HAL_Driver/Src/stm32f1xx_hal_gpio.o
 .ARM.attributes
                0x000000000000017c       0x33 Drivers/STM32F1xx_HAL_Driver/Src/stm32f1xx_hal_i2c.o
 .ARM.attributes
                0x00000000000001af       0x33 Drivers/STM32F1xx_HAL_Driver/Src/stm32f1xx_hal_rcc.o
 .ARM.attributes
                0x00000000000001e2       0x33 Drivers/STM32F1xx_HAL_Driver/Src/stm32f1xx_hal_rcc_ex.o
 .ARM.attributes
                0x0000000000000215       0x33 Drivers/STM32F1xx_HAL_Driver/Src/stm32f1xx_hal_tim.o
 .ARM.attributes
                0x0000000000000248       0x33 Drivers/STM32F1xx_HAL_Driver/Src/stm32f1xx_hal_tim_ex.o
 .ARM.attributes
                0x000000000000027b       0x33 Drivers/STM32F1xx_HAL_Driver/Src/stm32f1xx_ll_gpio.o
 .ARM.attributes
                0x00000000000002ae       0x33 Drivers/STM32F1xx_HAL_Driver/Src/stm32f1xx_ll_spi.o
 .ARM.attributes
                0x00000000000002e1       0x33 Src/VFO/ConfigHelpers.o
 .ARM.attributes
                0x0000000000000314       0x33 Src/VFO/Configuration.o
 .ARM.attributes
                0x0000000000000347       0x33 Src/VFO/GUIController.o
 .ARM.attributes
                0x000000000000037a       0x33 Src/VFO/GUIMainView.o
 .ARM.attributes
                0x00000000000003ad       0x33 Src/VFO/GUISetupView.o
 .ARM.attributes
                0x00000000000003e0       0x33 Src/VFO/GUIView.o
 .ARM.attributes
                0x0000000000000413       0x33 Src/VFO/VFOController.o
 .ARM.attributes
                0x0000000000000446       0x33 Src/VFO/GUI/Background.o
 .ARM.attributes
                0x0000000000000479       0x33 Src/VFO/GUI/FrequencyString.o
 .ARM.attributes
                0x00000000000004ac       0x33 Src/VFO/GUI/Utils.o
 .ARM.attributes
                0x00000000000004df       0x33 Src/VFO.o
 .ARM.attributes
                0x0000000000000512       0x33 Src/main.o
 .ARM.attributes
                0x0000000000000545       0x33 Src/stm32f1xx_hal_msp.o
 .ARM.attributes
                0x0000000000000578       0x33 Src/stm32f1xx_it.o
 .ARM.attributes
                0x00000000000005ab       0x33 Src/system_stm32f1xx.o
 .ARM.attributes
                0x00000000000005de       0x33 Src/eeprom/eeprom.o
 .ARM.attributes
                0x0000000000000611       0x33 Src/kbd/kbd.o
 .ARM.attributes
                0x0000000000000644       0x33 Src/si5351/si5351.o
 .ARM.attributes
                0x0000000000000677       0x33 Src/st7735/dwt_stm32_delay.o
 .ARM.attributes
                0x00000000000006aa       0x33 Src/st7735/st7735.o
 .ARM.attributes
                0x00000000000006dd       0x21 startup/startup_stm32f103xb.o
 .ARM.attributes
                0x00000000000006fe       0x2d /Applications/Ac6/SystemWorkbench.app/Contents/Eclipse/plugins/fr.ac6.mcu.externaltools.arm-none.macos64_1.15.0.201708311556/tools/compiler/bin/../lib/gcc/arm-none-eabi/6.3.1/../../../../arm-none-eabi/lib/thumb/v7-m/libstdc++_nano.a(del_ops.o)
 .ARM.attributes
                0x000000000000072b       0x2d /Applications/Ac6/SystemWorkbench.app/Contents/Eclipse/plugins/fr.ac6.mcu.externaltools.arm-none.macos64_1.15.0.201708311556/tools/compiler/bin/../lib/gcc/arm-none-eabi/6.3.1/../../../../arm-none-eabi/lib/thumb/v7-m/libstdc++_nano.a(new_op.o)
 .ARM.attributes
                0x0000000000000758       0x2d /Applications/Ac6/SystemWorkbench.app/Contents/Eclipse/plugins/fr.ac6.mcu.externaltools.arm-none.macos64_1.15.0.201708311556/tools/compiler/bin/../lib/gcc/arm-none-eabi/6.3.1/../../../../arm-none-eabi/lib/thumb/v7-m/libstdc++_nano.a(new_opv.o)
 .ARM.attributes
                0x0000000000000785       0x2d /Applications/Ac6/SystemWorkbench.app/Contents/Eclipse/plugins/fr.ac6.mcu.externaltools.arm-none.macos64_1.15.0.201708311556/tools/compiler/bin/../lib/gcc/arm-none-eabi/6.3.1/../../../../arm-none-eabi/lib/thumb/v7-m/libstdc++_nano.a(pure.o)
 .ARM.attributes
                0x00000000000007b2       0x2d /Applications/Ac6/SystemWorkbench.app/Contents/Eclipse/plugins/fr.ac6.mcu.externaltools.arm-none.macos64_1.15.0.201708311556/tools/compiler/bin/../lib/gcc/arm-none-eabi/6.3.1/../../../../arm-none-eabi/lib/thumb/v7-m/libstdc++_nano.a(del_op.o)
 .ARM.attributes
                0x00000000000007df       0x2d /Applications/Ac6/SystemWorkbench.app/Contents/Eclipse/plugins/fr.ac6.mcu.externaltools.arm-none.macos64_1.15.0.201708311556/tools/compiler/bin/../lib/gcc/arm-none-eabi/6.3.1/../../../../arm-none-eabi/lib/thumb/v7-m/libstdc++_nano.a(eh_terminate.o)
 .ARM.attributes
                0x000000000000080c       0x2d /Applications/Ac6/SystemWorkbench.app/Contents/Eclipse/plugins/fr.ac6.mcu.externaltools.arm-none.macos64_1.15.0.201708311556/tools/compiler/bin/../lib/gcc/arm-none-eabi/6.3.1/../../../../arm-none-eabi/lib/thumb/v7-m/libstdc++_nano.a(new_handler.o)
 .ARM.attributes
                0x0000000000000839       0x2d /Applications/Ac6/SystemWorkbench.app/Contents/Eclipse/plugins/fr.ac6.mcu.externaltools.arm-none.macos64_1.15.0.201708311556/tools/compiler/bin/../lib/gcc/arm-none-eabi/6.3.1/../../../../arm-none-eabi/lib/thumb/v7-m/libstdc++_nano.a(eh_term_handler.o)
 .ARM.attributes
                0x0000000000000866       0x1d /Applications/Ac6/SystemWorkbench.app/Contents/Eclipse/plugins/fr.ac6.mcu.externaltools.arm-none.macos64_1.15.0.201708311556/tools/compiler/bin/../lib/gcc/arm-none-eabi/6.3.1/thumb/v7-m/libgcc.a(_aeabi_ldivmod.o)
 .ARM.attributes
                0x0000000000000883       0x1d /Applications/Ac6/SystemWorkbench.app/Contents/Eclipse/plugins/fr.ac6.mcu.externaltools.arm-none.macos64_1.15.0.201708311556/tools/compiler/bin/../lib/gcc/arm-none-eabi/6.3.1/thumb/v7-m/libgcc.a(_aeabi_uldivmod.o)
 .ARM.attributes
                0x00000000000008a0       0x2d /Applications/Ac6/SystemWorkbench.app/Contents/Eclipse/plugins/fr.ac6.mcu.externaltools.arm-none.macos64_1.15.0.201708311556/tools/compiler/bin/../lib/gcc/arm-none-eabi/6.3.1/thumb/v7-m/libgcc.a(_udivmoddi4.o)
 .ARM.attributes
                0x00000000000008cd       0x1d /Applications/Ac6/SystemWorkbench.app/Contents/Eclipse/plugins/fr.ac6.mcu.externaltools.arm-none.macos64_1.15.0.201708311556/tools/compiler/bin/../lib/gcc/arm-none-eabi/6.3.1/thumb/v7-m/libgcc.a(_dvmd_tls.o)
 .ARM.attributes
                0x00000000000008ea       0x2d /Applications/Ac6/SystemWorkbench.app/Contents/Eclipse/plugins/fr.ac6.mcu.externaltools.arm-none.macos64_1.15.0.201708311556/tools/compiler/bin/../lib/gcc/arm-none-eabi/6.3.1/../../../../arm-none-eabi/lib/thumb/v7-m/libc_nano.a(lib_a-abort.o)
 .ARM.attributes
                0x0000000000000917       0x2d /Applications/Ac6/SystemWorkbench.app/Contents/Eclipse/plugins/fr.ac6.mcu.externaltools.arm-none.macos64_1.15.0.201708311556/tools/compiler/bin/../lib/gcc/arm-none-eabi/6.3.1/../../../../arm-none-eabi/lib/thumb/v7-m/libc_nano.a(lib_a-impure.o)
 .ARM.attributes
                0x0000000000000944       0x2d /Applications/Ac6/SystemWorkbench.app/Contents/Eclipse/plugins/fr.ac6.mcu.externaltools.arm-none.macos64_1.15.0.201708311556/tools/compiler/bin/../lib/gcc/arm-none-eabi/6.3.1/../../../../arm-none-eabi/lib/thumb/v7-m/libc_nano.a(lib_a-init.o)
 .ARM.attributes
                0x0000000000000971       0x2d /Applications/Ac6/SystemWorkbench.app/Contents/Eclipse/plugins/fr.ac6.mcu.externaltools.arm-none.macos64_1.15.0.201708311556/tools/compiler/bin/../lib/gcc/arm-none-eabi/6.3.1/../../../../arm-none-eabi/lib/thumb/v7-m/libc_nano.a(lib_a-malloc.o)
 .ARM.attributes
                0x000000000000099e       0x2d /Applications/Ac6/SystemWorkbench.app/Contents/Eclipse/plugins/fr.ac6.mcu.externaltools.arm-none.macos64_1.15.0.201708311556/tools/compiler/bin/../lib/gcc/arm-none-eabi/6.3.1/../../../../arm-none-eabi/lib/thumb/v7-m/libc_nano.a(lib_a-memcpy-stub.o)
 .ARM.attributes
                0x00000000000009cb       0x2d /Applications/Ac6/SystemWorkbench.app/Contents/Eclipse/plugins/fr.ac6.mcu.externaltools.arm-none.macos64_1.15.0.201708311556/tools/compiler/bin/../lib/gcc/arm-none-eabi/6.3.1/../../../../arm-none-eabi/lib/thumb/v7-m/libc_nano.a(lib_a-nano-freer.o)
 .ARM.attributes
                0x00000000000009f8       0x2d /Applications/Ac6/SystemWorkbench.app/Contents/Eclipse/plugins/fr.ac6.mcu.externaltools.arm-none.macos64_1.15.0.201708311556/tools/compiler/bin/../lib/gcc/arm-none-eabi/6.3.1/../../../../arm-none-eabi/lib/thumb/v7-m/libc_nano.a(lib_a-nano-mallocr.o)
 .ARM.attributes
                0x0000000000000a25       0x2d /Applications/Ac6/SystemWorkbench.app/Contents/Eclipse/plugins/fr.ac6.mcu.externaltools.arm-none.macos64_1.15.0.201708311556/tools/compiler/bin/../lib/gcc/arm-none-eabi/6.3.1/../../../../arm-none-eabi/lib/thumb/v7-m/libc_nano.a(lib_a-sbrkr.o)
 .ARM.attributes
                0x0000000000000a52       0x2d /Applications/Ac6/SystemWorkbench.app/Contents/Eclipse/plugins/fr.ac6.mcu.externaltools.arm-none.macos64_1.15.0.201708311556/tools/compiler/bin/../lib/gcc/arm-none-eabi/6.3.1/../../../../arm-none-eabi/lib/thumb/v7-m/libc_nano.a(lib_a-signal.o)
 .ARM.attributes
                0x0000000000000a7f       0x2d /Applications/Ac6/SystemWorkbench.app/Contents/Eclipse/plugins/fr.ac6.mcu.externaltools.arm-none.macos64_1.15.0.201708311556/tools/compiler/bin/../lib/gcc/arm-none-eabi/6.3.1/../../../../arm-none-eabi/lib/thumb/v7-m/libc_nano.a(lib_a-signalr.o)
 .ARM.attributes
                0x0000000000000aac       0x17 /Applications/Ac6/SystemWorkbench.app/Contents/Eclipse/plugins/fr.ac6.mcu.externaltools.arm-none.macos64_1.15.0.201708311556/tools/compiler/bin/../lib/gcc/arm-none-eabi/6.3.1/../../../../arm-none-eabi/lib/thumb/v7-m/libc_nano.a(lib_a-strlen.o)
 .ARM.attributes
                0x0000000000000ac3       0x2d /Applications/Ac6/SystemWorkbench.app/Contents/Eclipse/plugins/fr.ac6.mcu.externaltools.arm-none.macos64_1.15.0.201708311556/tools/compiler/bin/../lib/gcc/arm-none-eabi/6.3.1/../../../../arm-none-eabi/lib/thumb/v7-m/libc_nano.a(lib_a-mlock.o)
 .ARM.attributes
                0x0000000000000af0       0x2d /Applications/Ac6/SystemWorkbench.app/Contents/Eclipse/plugins/fr.ac6.mcu.externaltools.arm-none.macos64_1.15.0.201708311556/tools/compiler/bin/../lib/gcc/arm-none-eabi/6.3.1/../../../../arm-none-eabi/lib/thumb/v7-m/libc_nano.a(lib_a-reent.o)
 .ARM.attributes
                0x0000000000000b1d       0x2d /Applications/Ac6/SystemWorkbench.app/Contents/Eclipse/plugins/fr.ac6.mcu.externaltools.arm-none.macos64_1.15.0.201708311556/tools/compiler/bin/../lib/gcc/arm-none-eabi/6.3.1/../../../../arm-none-eabi/lib/thumb/v7-m/libnosys.a(getpid.o)
 .ARM.attributes
                0x0000000000000b4a       0x2d /Applications/Ac6/SystemWorkbench.app/Contents/Eclipse/plugins/fr.ac6.mcu.externaltools.arm-none.macos64_1.15.0.201708311556/tools/compiler/bin/../lib/gcc/arm-none-eabi/6.3.1/../../../../arm-none-eabi/lib/thumb/v7-m/libnosys.a(kill.o)
 .ARM.attributes
                0x0000000000000b77       0x2d /Applications/Ac6/SystemWorkbench.app/Contents/Eclipse/plugins/fr.ac6.mcu.externaltools.arm-none.macos64_1.15.0.201708311556/tools/compiler/bin/../lib/gcc/arm-none-eabi/6.3.1/../../../../arm-none-eabi/lib/thumb/v7-m/libnosys.a(sbrk.o)
 .ARM.attributes
                0x0000000000000ba4       0x2d /Applications/Ac6/SystemWorkbench.app/Contents/Eclipse/plugins/fr.ac6.mcu.externaltools.arm-none.macos64_1.15.0.201708311556/tools/compiler/bin/../lib/gcc/arm-none-eabi/6.3.1/../../../../arm-none-eabi/lib/thumb/v7-m/libnosys.a(_exit.o)
 .ARM.attributes
                0x0000000000000bd1       0x1d /Applications/Ac6/SystemWorkbench.app/Contents/Eclipse/plugins/fr.ac6.mcu.externaltools.arm-none.macos64_1.15.0.201708311556/tools/compiler/bin/../lib/gcc/arm-none-eabi/6.3.1/thumb/v7-m/crtn.o
OUTPUT(STM32VFO.elf elf32-littlearm)

.debug_info     0x0000000000000000    0x369bf
 .debug_info    0x0000000000000000      0xfd2 Drivers/STM32F1xx_HAL_Driver/Src/stm32f1xx_hal.o
 .debug_info    0x0000000000000fd2     0x1643 Drivers/STM32F1xx_HAL_Driver/Src/stm32f1xx_hal_adc.o
 .debug_info    0x0000000000002615     0x14a3 Drivers/STM32F1xx_HAL_Driver/Src/stm32f1xx_hal_cortex.o
 .debug_info    0x0000000000003ab8      0xee2 Drivers/STM32F1xx_HAL_Driver/Src/stm32f1xx_hal_flash.o
 .debug_info    0x000000000000499a     0x12d2 Drivers/STM32F1xx_HAL_Driver/Src/stm32f1xx_hal_flash_ex.o
 .debug_info    0x0000000000005c6c      0xeb3 Drivers/STM32F1xx_HAL_Driver/Src/stm32f1xx_hal_gpio.o
 .debug_info    0x0000000000006b1f     0x37ca Drivers/STM32F1xx_HAL_Driver/Src/stm32f1xx_hal_i2c.o
 .debug_info    0x000000000000a2e9     0x121b Drivers/STM32F1xx_HAL_Driver/Src/stm32f1xx_hal_rcc.o
 .debug_info    0x000000000000b504      0xc93 Drivers/STM32F1xx_HAL_Driver/Src/stm32f1xx_hal_rcc_ex.o
 .debug_info    0x000000000000c197     0x367d Drivers/STM32F1xx_HAL_Driver/Src/stm32f1xx_hal_tim.o
 .debug_info    0x000000000000f814     0x1ad1 Drivers/STM32F1xx_HAL_Driver/Src/stm32f1xx_hal_tim_ex.o
 .debug_info    0x00000000000112e5     0x1061 Drivers/STM32F1xx_HAL_Driver/Src/stm32f1xx_ll_gpio.o
 .debug_info    0x0000000000012346      0xd4e Drivers/STM32F1xx_HAL_Driver/Src/stm32f1xx_ll_spi.o
 .debug_info    0x0000000000013094     0x222c Src/VFO/ConfigHelpers.o
 .debug_info    0x00000000000152c0     0x102f Src/VFO/Configuration.o
 .debug_info    0x00000000000162ef     0x2041 Src/VFO/GUIController.o
 .debug_info    0x0000000000018330     0x26f5 Src/VFO/GUIMainView.o
 .debug_info    0x000000000001aa25     0x281d Src/VFO/GUISetupView.o
 .debug_info    0x000000000001d242     0x17ff Src/VFO/GUIView.o
 .debug_info    0x000000000001ea41     0x2ebd Src/VFO/VFOController.o
 .debug_info    0x00000000000218fe     0x28ab Src/VFO/GUI/Background.o
 .debug_info    0x00000000000241a9     0x1ec9 Src/VFO/GUI/FrequencyString.o
 .debug_info    0x0000000000026072      0x2ec Src/VFO/GUI/Utils.o
 .debug_info    0x000000000002635e     0x237b Src/VFO.o
 .debug_info    0x00000000000286d9     0x1ead Src/main.o
 .debug_info    0x000000000002a586     0x18aa Src/stm32f1xx_hal_msp.o
 .debug_info    0x000000000002be30      0xa47 Src/stm32f1xx_it.o
 .debug_info    0x000000000002c877      0xc43 Src/system_stm32f1xx.o
 .debug_info    0x000000000002d4ba     0x1170 Src/eeprom/eeprom.o
 .debug_info    0x000000000002e62a      0xe64 Src/kbd/kbd.o
 .debug_info    0x000000000002f48e     0x38e7 Src/si5351/si5351.o
 .debug_info    0x0000000000032d75      0xb25 Src/st7735/dwt_stm32_delay.o
 .debug_info    0x000000000003389a     0x30ae Src/st7735/st7735.o
 .debug_info    0x0000000000036948       0x77 startup/startup_stm32f103xb.o

.debug_abbrev   0x0000000000000000     0x6f3e
 .debug_abbrev  0x0000000000000000      0x301 Drivers/STM32F1xx_HAL_Driver/Src/stm32f1xx_hal.o
 .debug_abbrev  0x0000000000000301      0x2a4 Drivers/STM32F1xx_HAL_Driver/Src/stm32f1xx_hal_adc.o
 .debug_abbrev  0x00000000000005a5      0x3da Drivers/STM32F1xx_HAL_Driver/Src/stm32f1xx_hal_cortex.o
 .debug_abbrev  0x000000000000097f      0x318 Drivers/STM32F1xx_HAL_Driver/Src/stm32f1xx_hal_flash.o
 .debug_abbrev  0x0000000000000c97      0x305 Drivers/STM32F1xx_HAL_Driver/Src/stm32f1xx_hal_flash_ex.o
 .debug_abbrev  0x0000000000000f9c      0x2b4 Drivers/STM32F1xx_HAL_Driver/Src/stm32f1xx_hal_gpio.o
 .debug_abbrev  0x0000000000001250      0x315 Drivers/STM32F1xx_HAL_Driver/Src/stm32f1xx_hal_i2c.o
 .debug_abbrev  0x0000000000001565      0x342 Drivers/STM32F1xx_HAL_Driver/Src/stm32f1xx_hal_rcc.o
 .debug_abbrev  0x00000000000018a7      0x2c1 Drivers/STM32F1xx_HAL_Driver/Src/stm32f1xx_hal_rcc_ex.o
 .debug_abbrev  0x0000000000001b68      0x2fa Drivers/STM32F1xx_HAL_Driver/Src/stm32f1xx_hal_tim.o
 .debug_abbrev  0x0000000000001e62      0x2eb Drivers/STM32F1xx_HAL_Driver/Src/stm32f1xx_hal_tim_ex.o
 .debug_abbrev  0x000000000000214d      0x2f5 Drivers/STM32F1xx_HAL_Driver/Src/stm32f1xx_ll_gpio.o
 .debug_abbrev  0x0000000000002442      0x2aa Drivers/STM32F1xx_HAL_Driver/Src/stm32f1xx_ll_spi.o
 .debug_abbrev  0x00000000000026ec      0x3ba Src/VFO/ConfigHelpers.o
 .debug_abbrev  0x0000000000002aa6      0x3c0 Src/VFO/Configuration.o
 .debug_abbrev  0x0000000000002e66      0x482 Src/VFO/GUIController.o
 .debug_abbrev  0x00000000000032e8      0x529 Src/VFO/GUIMainView.o
 .debug_abbrev  0x0000000000003811      0x545 Src/VFO/GUISetupView.o
 .debug_abbrev  0x0000000000003d56      0x2ff Src/VFO/GUIView.o
 .debug_abbrev  0x0000000000004055      0x54e Src/VFO/VFOController.o
 .debug_abbrev  0x00000000000045a3      0x57c Src/VFO/GUI/Background.o
 .debug_abbrev  0x0000000000004b1f      0x45b Src/VFO/GUI/FrequencyString.o
 .debug_abbrev  0x0000000000004f7a      0x100 Src/VFO/GUI/Utils.o
 .debug_abbrev  0x000000000000507a      0x3e2 Src/VFO.o
 .debug_abbrev  0x000000000000545c      0x358 Src/main.o
 .debug_abbrev  0x00000000000057b4      0x270 Src/stm32f1xx_hal_msp.o
 .debug_abbrev  0x0000000000005a24      0x207 Src/stm32f1xx_it.o
 .debug_abbrev  0x0000000000005c2b      0x235 Src/system_stm32f1xx.o
 .debug_abbrev  0x0000000000005e60      0x2bd Src/eeprom/eeprom.o
 .debug_abbrev  0x000000000000611d      0x377 Src/kbd/kbd.o
 .debug_abbrev  0x0000000000006494      0x49a Src/si5351/si5351.o
 .debug_abbrev  0x000000000000692e      0x1c2 Src/st7735/dwt_stm32_delay.o
 .debug_abbrev  0x0000000000006af0      0x43c Src/st7735/st7735.o
 .debug_abbrev  0x0000000000006f2c       0x12 startup/startup_stm32f103xb.o

.debug_loc      0x0000000000000000    0x109ce
 .debug_loc     0x0000000000000000      0x108 Drivers/STM32F1xx_HAL_Driver/Src/stm32f1xx_hal.o
 .debug_loc     0x0000000000000108      0x952 Drivers/STM32F1xx_HAL_Driver/Src/stm32f1xx_hal_adc.o
 .debug_loc     0x0000000000000a5a      0x5ad Drivers/STM32F1xx_HAL_Driver/Src/stm32f1xx_hal_cortex.o
 .debug_loc     0x0000000000001007      0x376 Drivers/STM32F1xx_HAL_Driver/Src/stm32f1xx_hal_flash.o
 .debug_loc     0x000000000000137d      0x7ef Drivers/STM32F1xx_HAL_Driver/Src/stm32f1xx_hal_flash_ex.o
 .debug_loc     0x0000000000001b6c      0x42d Drivers/STM32F1xx_HAL_Driver/Src/stm32f1xx_hal_gpio.o
 .debug_loc     0x0000000000001f99     0x326d Drivers/STM32F1xx_HAL_Driver/Src/stm32f1xx_hal_i2c.o
 .debug_loc     0x0000000000005206      0x4d1 Drivers/STM32F1xx_HAL_Driver/Src/stm32f1xx_hal_rcc.o
 .debug_loc     0x00000000000056d7      0x2dc Drivers/STM32F1xx_HAL_Driver/Src/stm32f1xx_hal_rcc_ex.o
 .debug_loc     0x00000000000059b3     0x34d2 Drivers/STM32F1xx_HAL_Driver/Src/stm32f1xx_hal_tim.o
 .debug_loc     0x0000000000008e85      0xf2e Drivers/STM32F1xx_HAL_Driver/Src/stm32f1xx_hal_tim_ex.o
 .debug_loc     0x0000000000009db3      0x391 Drivers/STM32F1xx_HAL_Driver/Src/stm32f1xx_ll_gpio.o
 .debug_loc     0x000000000000a144      0x1bc Drivers/STM32F1xx_HAL_Driver/Src/stm32f1xx_ll_spi.o
 .debug_loc     0x000000000000a300      0x11d Src/VFO/ConfigHelpers.o
 .debug_loc     0x000000000000a41d       0xcc Src/VFO/Configuration.o
 .debug_loc     0x000000000000a4e9      0x136 Src/VFO/GUIController.o
 .debug_loc     0x000000000000a61f      0x16f Src/VFO/GUIMainView.o
 .debug_loc     0x000000000000a78e      0x56e Src/VFO/GUISetupView.o
 .debug_loc     0x000000000000acfc       0x1e Src/VFO/GUIView.o
 .debug_loc     0x000000000000ad1a      0x404 Src/VFO/VFOController.o
 .debug_loc     0x000000000000b11e      0x4b6 Src/VFO/GUI/Background.o
 .debug_loc     0x000000000000b5d4       0xb4 Src/VFO/GUI/FrequencyString.o
 .debug_loc     0x000000000000b688      0x7b0 Src/VFO/GUI/Utils.o
 .debug_loc     0x000000000000be38       0x63 Src/VFO.o