Archive member included to satisfy reference by file (symbol)

/usr/local/gcc-arm-none-eabi-8-2019-q3-update/bin/../lib/gcc/arm-none-eabi/8.3.1/../../../../arm-none-eabi/lib/thumb/v7-m/nofp/libstdc++_nano.a(del_ops.o)
                              build/VFO.o (operator delete(void*, unsigned int))
/usr/local/gcc-arm-none-eabi-8-2019-q3-update/bin/../lib/gcc/arm-none-eabi/8.3.1/../../../../arm-none-eabi/lib/thumb/v7-m/nofp/libstdc++_nano.a(si_class_type_info.o)
                              build/Background.o (vtable for __cxxabiv1::__si_class_type_info)
/usr/local/gcc-arm-none-eabi-8-2019-q3-update/bin/../lib/gcc/arm-none-eabi/8.3.1/../../../../arm-none-eabi/lib/thumb/v7-m/nofp/libstdc++_nano.a(del_op.o)
                              /usr/local/gcc-arm-none-eabi-8-2019-q3-update/bin/../lib/gcc/arm-none-eabi/8.3.1/../../../../arm-none-eabi/lib/thumb/v7-m/nofp/libstdc++_nano.a(del_ops.o) (operator delete(void*))
/usr/local/gcc-arm-none-eabi-8-2019-q3-update/bin/../lib/gcc/arm-none-eabi/8.3.1/../../../../arm-none-eabi/lib/thumb/v7-m/nofp/libstdc++_nano.a(class_type_info.o)
                              /usr/local/gcc-arm-none-eabi-8-2019-q3-update/bin/../lib/gcc/arm-none-eabi/8.3.1/../../../../arm-none-eabi/lib/thumb/v7-m/nofp/libstdc++_nano.a(si_class_type_info.o) (__cxxabiv1::__class_type_info::__do_upcast(__cxxabiv1::__class_type_info const*, void**) const)
/usr/local/gcc-arm-none-eabi-8-2019-q3-update/bin/../lib/gcc/arm-none-eabi/8.3.1/../../../../arm-none-eabi/lib/thumb/v7-m/nofp/libstdc++_nano.a(tinfo.o)
                              /usr/local/gcc-arm-none-eabi-8-2019-q3-update/bin/../lib/gcc/arm-none-eabi/8.3.1/../../../../arm-none-eabi/lib/thumb/v7-m/nofp/libstdc++_nano.a(class_type_info.o) (std::type_info::~type_info())
/usr/local/gcc-arm-none-eabi-8-2019-q3-update/bin/../lib/gcc/arm-none-eabi/8.3.1/../../../../arm-none-eabi/lib/thumb/v7-m/nofp/libstdc++_nano.a(new_opv.o)
                              build/si5351.o (operator new[](unsigned int))
/usr/local/gcc-arm-none-eabi-8-2019-q3-update/bin/../lib/gcc/arm-none-eabi/8.3.1/../../../../arm-none-eabi/lib/thumb/v7-m/nofp/libstdc++_nano.a(eh_personality.o)
                              build/VFO.o (__gxx_personality_v0)
/usr/local/gcc-arm-none-eabi-8-2019-q3-update/bin/../lib/gcc/arm-none-eabi/8.3.1/../../../../arm-none-eabi/lib/thumb/v7-m/nofp/libstdc++_nano.a(eh_arm.o)
                              build/VFO.o (__cxa_end_cleanup)
/usr/local/gcc-arm-none-eabi-8-2019-q3-update/bin/../lib/gcc/arm-none-eabi/8.3.1/../../../../arm-none-eabi/lib/thumb/v7-m/nofp/libstdc++_nano.a(eh_call.o)
                              /usr/local/gcc-arm-none-eabi-8-2019-q3-update/bin/../lib/gcc/arm-none-eabi/8.3.1/../../../../arm-none-eabi/lib/thumb/v7-m/nofp/libstdc++_nano.a(eh_personality.o) (__cxa_call_terminate)
/usr/local/gcc-arm-none-eabi-8-2019-q3-update/bin/../lib/gcc/arm-none-eabi/8.3.1/../../../../arm-none-eabi/lib/thumb/v7-m/nofp/libstdc++_nano.a(pure.o)
                              build/GUIView.o (__cxa_pure_virtual)
/usr/local/gcc-arm-none-eabi-8-2019-q3-update/bin/../lib/gcc/arm-none-eabi/8.3.1/../../../../arm-none-eabi/lib/thumb/v7-m/nofp/libstdc++_nano.a(new_op.o)
                              build/VFO.o (operator new(unsigned int))
/usr/local/gcc-arm-none-eabi-8-2019-q3-update/bin/../lib/gcc/arm-none-eabi/8.3.1/../../../../arm-none-eabi/lib/thumb/v7-m/nofp/libstdc++_nano.a(eh_terminate.o)
                              /usr/local/gcc-arm-none-eabi-8-2019-q3-update/bin/../lib/gcc/arm-none-eabi/8.3.1/../../../../arm-none-eabi/lib/thumb/v7-m/nofp/libstdc++_nano.a(eh_call.o) (__cxxabiv1::__terminate(void (*)()))
/usr/local/gcc-arm-none-eabi-8-2019-q3-update/bin/../lib/gcc/arm-none-eabi/8.3.1/../../../../arm-none-eabi/lib/thumb/v7-m/nofp/libstdc++_nano.a(eh_unex_handler.o)
                              /usr/local/gcc-arm-none-eabi-8-2019-q3-update/bin/../lib/gcc/arm-none-eabi/8.3.1/../../../../arm-none-eabi/lib/thumb/v7-m/nofp/libstdc++_nano.a(eh_terminate.o) (__cxxabiv1::__unexpected_handler)
/usr/local/gcc-arm-none-eabi-8-2019-q3-update/bin/../lib/gcc/arm-none-eabi/8.3.1/../../../../arm-none-eabi/lib/thumb/v7-m/nofp/libstdc++_nano.a(eh_catch.o)
                              /usr/local/gcc-arm-none-eabi-8-2019-q3-update/bin/../lib/gcc/arm-none-eabi/8.3.1/../../../../arm-none-eabi/lib/thumb/v7-m/nofp/libstdc++_nano.a(eh_call.o) (__cxa_begin_catch)
/usr/local/gcc-arm-none-eabi-8-2019-q3-update/bin/../lib/gcc/arm-none-eabi/8.3.1/../../../../arm-none-eabi/lib/thumb/v7-m/nofp/libstdc++_nano.a(eh_globals.o)
                              /usr/local/gcc-arm-none-eabi-8-2019-q3-update/bin/../lib/gcc/arm-none-eabi/8.3.1/../../../../arm-none-eabi/lib/thumb/v7-m/nofp/libstdc++_nano.a(eh_catch.o) (__cxa_get_globals_fast)
/usr/local/gcc-arm-none-eabi-8-2019-q3-update/bin/../lib/gcc/arm-none-eabi/8.3.1/../../../../arm-none-eabi/lib/thumb/v7-m/nofp/libstdc++_nano.a(eh_term_handler.o)
[...]
Memory Configuration

Name             Origin             Length             Attributes
RAM              0x0000000020000000 0x0000000000005000 xrw
FLASH            0x0000000008000000 0x0000000000010000 xr
*default*        0x0000000000000000 0xffffffffffffffff

Linker script and memory map

LOAD /usr/local/gcc-arm-none-eabi-8-2019-q3-update/bin/../lib/gcc/arm-none-eabi/8.3.1/thumb/v7-m/nofp/crti.o
LOAD /usr/local/gcc-arm-none-eabi-8-2019-q3-update/bin/../lib/gcc/arm-none-eabi/8.3.1/thumb/v7-m/nofp/crtbegin.o
LOAD /usr/local/gcc-arm-none-eabi-8-2019-q3-update/bin/../lib/gcc/arm-none-eabi/8.3.1/../../../../arm-none-eabi/lib/thumb/v7-m/nofp/crt0.o
LOAD build/stm32f1xx_hal.o
LOAD build/stm32f1xx_hal_cortex.o
LOAD build/stm32f1xx_hal_dma.o
LOAD build/stm32f1xx_hal_exti.o
LOAD build/stm32f1xx_hal_flash.o
LOAD build/stm32f1xx_hal_flash_ex.o
LOAD build/stm32f1xx_hal_gpio.o
LOAD build/stm32f1xx_hal_gpio_ex.o
LOAD build/stm32f1xx_hal_i2c.o
LOAD build/stm32f1xx_hal_pwr.o
LOAD build/stm32f1xx_hal_rcc.o
LOAD build/stm32f1xx_hal_rcc_ex.o
LOAD build/stm32f1xx_hal_tim.o
LOAD build/stm32f1xx_hal_tim_ex.o
LOAD build/stm32f1xx_ll_adc.o
LOAD build/stm32f1xx_ll_dma.o
LOAD build/stm32f1xx_ll_exti.o
LOAD build/stm32f1xx_ll_gpio.o
LOAD build/stm32f1xx_ll_rcc.o
LOAD build/stm32f1xx_ll_spi.o
LOAD build/stm32f1xx_ll_utils.o
LOAD build/adc.o
LOAD build/eeprom24xx.o
LOAD build/dwt_stm32_delay.o
LOAD build/st7735.o
LOAD build/stm32f1xx_hal_msp.o
LOAD build/stm32f1xx_it.o
LOAD build/syscalls.o
LOAD build/system_stm32f1xx.o
LOAD build/startup_stm32f103xb.o
LOAD build/VFO.o
LOAD build/ConfigHelpers.o
LOAD build/Configuration.o
LOAD build/Background.o
LOAD build/FrequencyString.o
LOAD build/SMeter.o
LOAD build/Utils.o
LOAD build/GUIController.o
LOAD build/GUIMainView.o
LOAD build/GUISetupView.o
LOAD build/GUIView.o
LOAD build/VFOController.o
LOAD build/kbd.o
LOAD build/main.o
LOAD build/si5351.o
LOAD /usr/local/gcc-arm-none-eabi-8-2019-q3-update/bin/../lib/gcc/arm-none-eabi/8.3.1/../../../../arm-none-eabi/lib/thumb/v7-m/nofp/libnosys.a
LOAD /usr/local/gcc-arm-none-eabi-8-2019-q3-update/bin/../lib/gcc/arm-none-eabi/8.3.1/../../../../arm-none-eabi/lib/thumb/v7-m/nofp/libstdc++_nano.a
LOAD /usr/local/gcc-arm-none-eabi-8-2019-q3-update/bin/../lib/gcc/arm-none-eabi/8.3.1/../../../../arm-none-eabi/lib/thumb/v7-m/nofp/libstdc++_nano.a
LOAD /usr/local/gcc-arm-none-eabi-8-2019-q3-update/bin/../lib/gcc/arm-none-eabi/8.3.1/../../../../arm-none-eabi/lib/thumb/v7-m/nofp/libm.a
LOAD /usr/local/gcc-arm-none-eabi-8-2019-q3-update/bin/../lib/gcc/arm-none-eabi/8.3.1/../../../../arm-none-eabi/lib/thumb/v7-m/nofp/libc_nano.a
START GROUP
LOAD /usr/local/gcc-arm-none-eabi-8-2019-q3-update/bin/../lib/gcc/arm-none-eabi/8.3.1/thumb/v7-m/nofp/libgcc.a
LOAD /usr/local/gcc-arm-none-eabi-8-2019-q3-update/bin/../lib/gcc/arm-none-eabi/8.3.1/../../../../arm-none-eabi/lib/thumb/v7-m/nofp/libc_nano.a
END GROUP
START GROUP
LOAD /usr/local/gcc-arm-none-eabi-8-2019-q3-update/bin/../lib/gcc/arm-none-eabi/8.3.1/thumb/v7-m/nofp/libgcc.a
LOAD /usr/local/gcc-arm-none-eabi-8-2019-q3-update/bin/../lib/gcc/arm-none-eabi/8.3.1/../../../../arm-none-eabi/lib/thumb/v7-m/nofp/libc_nano.a
END GROUP
LOAD /usr/local/gcc-arm-none-eabi-8-2019-q3-update/bin/../lib/gcc/arm-none-eabi/8.3.1/thumb/v7-m/nofp/crtend.o
LOAD /usr/local/gcc-arm-none-eabi-8-2019-q3-update/bin/../lib/gcc/arm-none-eabi/8.3.1/thumb/v7-m/nofp/crtn.o
                0x0000000020005000                _estack = 0x20005000
                0x0000000000000200                _Min_Heap_Size = 0x200
                0x0000000000000400                _Min_Stack_Size = 0x400

.isr_vector     0x0000000008000000      0x10c
                0x0000000008000000                . = ALIGN (0x4)
 *(.isr_vector)
 .isr_vector    0x0000000008000000      0x10c build/startup_stm32f103xb.o
                0x0000000008000000                g_pfnVectors
                0x000000000800010c                . = ALIGN (0x4)

.text           0x0000000008000110     0xb054
                0x0000000008000110                . = ALIGN (0x4)
 *(.text)
 .text          0x0000000008000110       0x40 /usr/local/gcc-arm-none-eabi-8-2019-q3-update/bin/../lib/gcc/arm-none-eabi/8.3.1/thumb/v7-m/nofp/crtbegin.o
 .text          0x0000000008000150       0x14 /usr/local/gcc-arm-none-eabi-8-2019-q3-update/bin/../lib/gcc/arm-none-eabi/8.3.1/../../../../arm-none-eabi/lib/thumb/v7-m/nofp/libc_nano.a(lib_a-strcmp.o)
                0x0000000008000150                strcmp
 .text          0x0000000008000164       0x10 /usr/local/gcc-arm-none-eabi-8-2019-q3-update/bin/../lib/gcc/arm-none-eabi/8.3.1/../../../../arm-none-eabi/lib/thumb/v7-m/nofp/libc_nano.a(lib_a-strlen.o)
                0x0000000008000164                strlen
 .text          0x0000000008000174       0xa0 /usr/local/gcc-arm-none-eabi-8-2019-q3-update/bin/../lib/gcc/arm-none-eabi/8.3.1/thumb/v7-m/nofp/libgcc.a(_aeabi_ldivmod.o)
                0x0000000008000174                __aeabi_ldivmod
 .text          0x0000000008000214       0x30 /usr/local/gcc-arm-none-eabi-8-2019-q3-update/bin/../lib/gcc/arm-none-eabi/8.3.1/thumb/v7-m/nofp/libgcc.a(_aeabi_uldivmod.o)
                0x0000000008000214                __aeabi_uldivmod
 .text          0x0000000008000244      0x2d0 /usr/local/gcc-arm-none-eabi-8-2019-q3-update/bin/../lib/gcc/arm-none-eabi/8.3.1/thumb/v7-m/nofp/libgcc.a(_udivmoddi4.o)
                0x0000000008000244                __udivmoddi4
 .text          0x0000000008000514      0x9e4 /usr/local/gcc-arm-none-eabi-8-2019-q3-update/bin/../lib/gcc/arm-none-eabi/8.3.1/thumb/v7-m/nofp/libgcc.a(unwind-arm.o)
                0x00000000080007d4                _Unwind_GetCFA
                0x00000000080007d8                __gnu_Unwind_RaiseException
                0x0000000008000838                __gnu_Unwind_ForcedUnwind
                0x000000000800084c                __gnu_Unwind_Resume
                0x0000000008000890                __gnu_Unwind_Resume_or_Rethrow
                0x00000000080008a4                _Unwind_Complete
                0x00000000080008a8                _Unwind_DeleteException
                0x00000000080008b4                _Unwind_VRS_Get
                0x00000000080008f8                _Unwind_VRS_Set
                0x000000000800093c                __gnu_Unwind_Backtrace
                0x0000000008000c78                __aeabi_unwind_cpp_pr0
                0x0000000008000c7c                __aeabi_unwind_cpp_pr1
                0x0000000008000c80                __aeabi_unwind_cpp_pr2
                0x0000000008000c84                _Unwind_VRS_Pop
 .text          0x0000000008000ef8      0x1ac /usr/local/gcc-arm-none-eabi-8-2019-q3-update/bin/../lib/gcc/arm-none-eabi/8.3.1/thumb/v7-m/nofp/libgcc.a(libunwind.o)
                0x0000000008000ef8                __restore_core_regs
                0x0000000008000ef8                restore_core_regs
                0x0000000008000f10                __gnu_Unwind_Restore_VFP
                0x0000000008000f18                __gnu_Unwind_Save_VFP
                0x0000000008000f20                __gnu_Unwind_Restore_VFP_D
                0x0000000008000f28                __gnu_Unwind_Save_VFP_D
                0x0000000008000f30                __gnu_Unwind_Restore_VFP_D_16_to_31
                0x0000000008000f38                __gnu_Unwind_Save_VFP_D_16_to_31
                0x0000000008000f40                __gnu_Unwind_Restore_WMMXD
                0x0000000008000f84                __gnu_Unwind_Save_WMMXD
                0x0000000008000fc8                __gnu_Unwind_Restore_WMMXC
                0x0000000008000fdc                __gnu_Unwind_Save_WMMXC
                0x0000000008000ff0                _Unwind_RaiseException
                0x0000000008000ff0                ___Unwind_RaiseException
                0x0000000008001014                ___Unwind_Resume
                0x0000000008001014                _Unwind_Resume
                0x0000000008001038                ___Unwind_Resume_or_Rethrow
                0x0000000008001038                _Unwind_Resume_or_Rethrow
                0x000000000800105c                _Unwind_ForcedUnwind
                0x000000000800105c                ___Unwind_ForcedUnwind
                0x0000000008001080                _Unwind_Backtrace
                0x0000000008001080                ___Unwind_Backtrace
 .text          0x00000000080010a4      0x368 /usr/local/gcc-arm-none-eabi-8-2019-q3-update/bin/../lib/gcc/arm-none-eabi/8.3.1/thumb/v7-m/nofp/libgcc.a(pr-support.o)
                0x00000000080010fc                __gnu_unwind_execute
                0x00000000080013c0                __gnu_unwind_frame
                0x00000000080013ec                _Unwind_GetRegionStart
                0x00000000080013f8                _Unwind_GetLanguageSpecificData
 .text          0x000000000800140c        0x4 /usr/local/gcc-arm-none-eabi-8-2019-q3-update/bin/../lib/gcc/arm-none-eabi/8.3.1/thumb/v7-m/nofp/libgcc.a(_dvmd_tls.o)
                0x000000000800140c                __aeabi_ldiv0
                0x000000000800140c                __aeabi_idiv0
 *(.text*)
 .text.HAL_InitTick
                0x0000000008001410       0x48 build/stm32f1xx_hal.o
                0x0000000008001410                HAL_InitTick
 .text.HAL_Init
                0x0000000008001458       0x24 build/stm32f1xx_hal.o
                0x0000000008001458                HAL_Init
 .text.HAL_IncTick
                0x000000000800147c       0x18 build/stm32f1xx_hal.o
                0x000000000800147c                HAL_IncTick
 .text.HAL_GetTick
                0x0000000008001494        0xc build/stm32f1xx_hal.o
                0x0000000008001494                HAL_GetTick
 .text.HAL_Delay
                0x00000000080014a0       0x24 build/stm32f1xx_hal.o
                0x00000000080014a0                HAL_Delay
 .text.HAL_NVIC_SetPriorityGrouping
                0x00000000080014c4       0x24 build/stm32f1xx_hal_cortex.o
                0x00000000080014c4                HAL_NVIC_SetPriorityGrouping
 .text.HAL_NVIC_SetPriority
                0x00000000080014e8       0x6c build/stm32f1xx_hal_cortex.o
                0x00000000080014e8                HAL_NVIC_SetPriority
 .text.HAL_SYSTICK_Config
                0x0000000008001554       0x30 build/stm32f1xx_hal_cortex.o
                0x0000000008001554                HAL_SYSTICK_Config
 .text.HAL_SYSTICK_IRQHandler
                0x0000000008001584        0x8 build/stm32f1xx_hal_cortex.o
                0x0000000008001584                HAL_SYSTICK_IRQHandler
 .text.HAL_GPIO_Init
                0x000000000800158c      0x1fc build/stm32f1xx_hal_gpio.o
                0x000000000800158c                HAL_GPIO_Init
 .text.HAL_GPIO_ReadPin
                0x0000000008001788        0xc build/stm32f1xx_hal_gpio.o
                0x0000000008001788                HAL_GPIO_ReadPin
 .text.HAL_GPIO_WritePin
                0x0000000008001794        0x8 build/stm32f1xx_hal_gpio.o
                0x0000000008001794                HAL_GPIO_WritePin
 .text.I2C_WaitOnMasterAddressFlagUntilTimeout
                0x000000000800179c       0x98 build/stm32f1xx_hal_i2c.o
 .text.I2C_RequestMemoryWrite
                0x0000000008001834      0x190 build/stm32f1xx_hal_i2c.o
 .text.I2C_RequestMemoryRead
                0x00000000080019c4      0x214 build/stm32f1xx_hal_i2c.o
 .text.HAL_I2C_Init
                0x0000000008001bd8      0x174 build/stm32f1xx_hal_i2c.o
                0x0000000008001bd8                HAL_I2C_Init
 .text.HAL_I2C_Master_Transmit
                0x0000000008001d4c      0x2a4 build/stm32f1xx_hal_i2c.o
                0x0000000008001d4c                HAL_I2C_Master_Transmit
 .text.HAL_I2C_Master_Receive
                0x0000000008001ff0      0x448 build/stm32f1xx_hal_i2c.o
                0x0000000008001ff0                HAL_I2C_Master_Receive
 .text.HAL_I2C_Mem_Write
                0x0000000008002438      0x248 build/stm32f1xx_hal_i2c.o
                0x0000000008002438                HAL_I2C_Mem_Write
 .text.HAL_I2C_Mem_Read
                0x0000000008002680      0x368 build/stm32f1xx_hal_i2c.o
                0x0000000008002680                HAL_I2C_Mem_Read
 .text.HAL_I2C_IsDeviceReady
                0x00000000080029e8      0x1f0 build/stm32f1xx_hal_i2c.o
                0x00000000080029e8                HAL_I2C_IsDeviceReady
 .text.HAL_I2C_GetError
                0x0000000008002bd8        0x4 build/stm32f1xx_hal_i2c.o
                0x0000000008002bd8                HAL_I2C_GetError
 .text.HAL_RCC_OscConfig
                0x0000000008002bdc      0x404 build/stm32f1xx_hal_rcc.o
                0x0000000008002bdc                HAL_RCC_OscConfig
 .text.HAL_RCC_ClockConfig
                0x0000000008002fe0      0x1a0 build/stm32f1xx_hal_rcc.o
                0x0000000008002fe0                HAL_RCC_ClockConfig
 .text.HAL_RCC_GetHCLKFreq
                0x0000000008003180        0xc build/stm32f1xx_hal_rcc.o
                0x0000000008003180                HAL_RCC_GetHCLKFreq
 .text.HAL_RCC_GetPCLK1Freq
                0x000000000800318c       0x20 build/stm32f1xx_hal_rcc.o
                0x000000000800318c                HAL_RCC_GetPCLK1Freq
 .text.HAL_RCCEx_PeriphCLKConfig
                0x00000000080031ac      0x10c build/stm32f1xx_hal_rcc_ex.o
                0x00000000080031ac                HAL_RCCEx_PeriphCLKConfig
 .text.HAL_TIM_Base_Start_IT
                0x00000000080032b8       0x20 build/stm32f1xx_hal_tim.o
                0x00000000080032b8                HAL_TIM_Base_Start_IT
 .text.HAL_TIM_PWM_Init
                0x00000000080032d8       0x9c build/stm32f1xx_hal_tim.o
                0x00000000080032d8                HAL_TIM_PWM_Init
 .text.HAL_TIM_PWM_Start
                0x0000000008003374       0x44 build/stm32f1xx_hal_tim.o
                0x0000000008003374                HAL_TIM_PWM_Start
 .text.HAL_TIM_Encoder_Init
                0x00000000080033b8      0x108 build/stm32f1xx_hal_tim.o
                0x00000000080033b8                HAL_TIM_Encoder_Init
 .text.HAL_TIM_Encoder_Start_IT
                0x00000000080034c0       0x78 build/stm32f1xx_hal_tim.o
                0x00000000080034c0                HAL_TIM_Encoder_Start_IT
 .text.HAL_TIM_PWM_ConfigChannel
                0x0000000008003538      0x1fc build/stm32f1xx_hal_tim.o
                0x0000000008003538                HAL_TIM_PWM_ConfigChannel
 .text.HAL_TIMEx_MasterConfigSynchronization
                0x0000000008003734       0x44 build/stm32f1xx_hal_tim_ex.o
                0x0000000008003734                HAL_TIMEx_MasterConfigSynchronization
 .text.LL_ADC_CommonInit
                0x0000000008003778       0x3c build/stm32f1xx_ll_adc.o
                0x0000000008003778                LL_ADC_CommonInit
 .text.LL_ADC_Init
                0x00000000080037b4       0x30 build/stm32f1xx_ll_adc.o
                0x00000000080037b4                LL_ADC_Init
 .text.LL_ADC_REG_Init
                0x00000000080037e4       0x54 build/stm32f1xx_ll_adc.o
                0x00000000080037e4                LL_ADC_REG_Init
 .text.LL_GPIO_Init
                0x0000000008003838      0x10c build/stm32f1xx_ll_gpio.o
                0x0000000008003838                LL_GPIO_Init
 .text.LL_SPI_Init
                0x0000000008003944       0x64 build/stm32f1xx_ll_spi.o
                0x0000000008003944                LL_SPI_Init
 .text.readVoltage
                0x00000000080039a8       0x68 build/adc.o
                0x00000000080039a8                readVoltage
 .text.EEPROM24XX_IsConnected
                0x0000000008003a10       0x30 build/eeprom24xx.o
                0x0000000008003a10                EEPROM24XX_IsConnected
 .text.EEPROM24XX_Save
                0x0000000008003a40       0x8c build/eeprom24xx.o
                0x0000000008003a40                EEPROM24XX_Save
 .text.EEPROM24XX_Load
                0x0000000008003acc       0x8c build/eeprom24xx.o
                0x0000000008003acc                EEPROM24XX_Load
 .text.DWT_Delay_Init
                0x0000000008003b58       0x40 build/dwt_stm32_delay.o
                0x0000000008003b58                DWT_Delay_Init
 .text.ST7735_write
                0x0000000008003b98       0x28 build/st7735.o
                0x0000000008003b98                ST7735_write
 .text.ST7735_Init
                0x0000000008003bc0      0x5f4 build/st7735.o
                0x0000000008003bc0                ST7735_Init
 .text.ST7735_Orientation
                0x00000000080041b4      0x154 build/st7735.o
                0x00000000080041b4                ST7735_Orientation
 .text.ST7735_AddrSet
                0x0000000008004308      0x1b4 build/st7735.o
                0x0000000008004308                ST7735_AddrSet
 .text.ST7735_HLine
                0x00000000080044bc       0x98 build/st7735.o
                0x00000000080044bc                ST7735_HLine
 .text.ST7735_VLine
                0x0000000008004554       0x94 build/st7735.o
                0x0000000008004554                ST7735_VLine
 .text.ST7735_Rect
                0x00000000080045e8       0x44 build/st7735.o
                0x00000000080045e8                ST7735_Rect
 .text.ST7735_FillRectEx
                0x000000000800462c       0xc0 build/st7735.o
                0x000000000800462c                ST7735_FillRectEx
 .text.ST7735_PutChar7x11Ex
                0x00000000080046ec      0x22c build/st7735.o
                0x00000000080046ec                ST7735_PutChar7x11Ex
 .text.ST7735_PutStr7x11Ex
                0x0000000008004918       0x74 build/st7735.o
                0x0000000008004918                ST7735_PutStr7x11Ex
 .text.ST7735_PutChar5x7Ex
                0x000000000800498c      0x3f0 build/st7735.o
                0x000000000800498c                ST7735_PutChar5x7Ex
 .text.ST7735_PutStr5x7Ex
                0x0000000008004d7c      0x2e8 build/st7735.o
                0x0000000008004d7c                ST7735_PutStr5x7Ex
 .text.ST7735_defineScrollArea
                0x0000000008005064       0xec build/st7735.o
                0x0000000008005064                ST7735_defineScrollArea
 .text.HAL_MspInit
                0x0000000008005150       0x44 build/stm32f1xx_hal_msp.o
                0x0000000008005150                HAL_MspInit
 .text.HAL_I2C_MspInit
                0x0000000008005194       0x68 build/stm32f1xx_hal_msp.o
                0x0000000008005194                HAL_I2C_MspInit
 .text.HAL_TIM_PWM_MspInit
                0x00000000080051fc       0x2c build/stm32f1xx_hal_msp.o
                0x00000000080051fc                HAL_TIM_PWM_MspInit
 .text.HAL_TIM_Encoder_MspInit
                0x0000000008005228       0x64 build/stm32f1xx_hal_msp.o
                0x0000000008005228                HAL_TIM_Encoder_MspInit
 .text.HAL_TIM_MspPostInit
                0x000000000800528c       0x54 build/stm32f1xx_hal_msp.o
                0x000000000800528c                HAL_TIM_MspPostInit
 .text.NMI_Handler
                0x00000000080052e0        0x4 build/stm32f1xx_it.o
                0x00000000080052e0                NMI_Handler
 .text.HardFault_Handler
                0x00000000080052e4        0x4 build/stm32f1xx_it.o
                0x00000000080052e4                HardFault_Handler
 .text.MemManage_Handler
                0x00000000080052e8        0x4 build/stm32f1xx_it.o
                0x00000000080052e8                MemManage_Handler
 .text.BusFault_Handler
                0x00000000080052ec        0x4 build/stm32f1xx_it.o
                0x00000000080052ec                BusFault_Handler
 .text.UsageFault_Handler
                0x00000000080052f0        0x4 build/stm32f1xx_it.o
                0x00000000080052f0                UsageFault_Handler
 .text.SVC_Handler
                0x00000000080052f4        0x4 build/stm32f1xx_it.o
                0x00000000080052f4                SVC_Handler
 .text.DebugMon_Handler
                0x00000000080052f8        0x4 build/stm32f1xx_it.o
                0x00000000080052f8                DebugMon_Handler
 .text.PendSV_Handler
                0x00000000080052fc        0x4 build/stm32f1xx_it.o
                0x00000000080052fc                PendSV_Handler
 .text.SysTick_Handler
                0x0000000008005300       0x14 build/stm32f1xx_it.o
                0x0000000008005300                SysTick_Handler
 .text._getpid  0x0000000008005314        0x4 build/syscalls.o
                0x0000000008005314                _getpid
 .text._kill    0x0000000008005318       0x10 build/syscalls.o
                0x0000000008005318                _kill
 .text._exit    0x0000000008005328        0xc build/syscalls.o
                0x0000000008005328                _exit
 .text._sbrk    0x0000000008005334       0x3c build/syscalls.o
                0x0000000008005334                _sbrk
 .text.SystemInit
                0x0000000008005370       0x50 build/system_stm32f1xx.o
                0x0000000008005370                SystemInit
 .text.Reset_Handler
                0x00000000080053c0       0x48 build/startup_stm32f103xb.o
                0x00000000080053c0                Reset_Handler
 .text.Default_Handler
                0x0000000008005408        0x2 build/startup_stm32f103xb.o
                0x0000000008005408                USBWakeUp_IRQHandler
                0x0000000008005408                EXTI2_IRQHandler
                0x0000000008005408                TIM1_CC_IRQHandler
                0x0000000008005408                PVD_IRQHandler
                0x0000000008005408                EXTI3_IRQHandler
                0x0000000008005408                EXTI0_IRQHandler
                0x0000000008005408                I2C2_EV_IRQHandler
                0x0000000008005408                ADC1_2_IRQHandler
                0x0000000008005408                SPI1_IRQHandler
                0x0000000008005408                TAMPER_IRQHandler
                0x0000000008005408                DMA1_Channel4_IRQHandler
                0x0000000008005408                USART3_IRQHandler
                0x0000000008005408                RTC_IRQHandler
                0x0000000008005408                DMA1_Channel7_IRQHandler
                0x0000000008005408                CAN1_RX1_IRQHandler
                0x0000000008005408                TIM4_IRQHandler
                0x0000000008005408                I2C1_EV_IRQHandler
                0x0000000008005408                DMA1_Channel6_IRQHandler
                0x0000000008005408                TIM3_IRQHandler
                0x0000000008005408                RCC_IRQHandler
                0x0000000008005408                TIM1_TRG_COM_IRQHandler
                0x0000000008005408                DMA1_Channel1_IRQHandler
                0x0000000008005408                Default_Handler
                0x0000000008005408                EXTI15_10_IRQHandler
                0x0000000008005408                EXTI9_5_IRQHandler
                0x0000000008005408                SPI2_IRQHandler
                0x0000000008005408                DMA1_Channel5_IRQHandler
                0x0000000008005408                EXTI4_IRQHandler
                0x0000000008005408                USB_LP_CAN1_RX0_IRQHandler
                0x0000000008005408                USB_HP_CAN1_TX_IRQHandler
                0x0000000008005408                DMA1_Channel3_IRQHandler
                0x0000000008005408                TIM1_UP_IRQHandler
                0x0000000008005408                WWDG_IRQHandler
                0x0000000008005408                TIM2_IRQHandler
                0x0000000008005408                TIM1_BRK_IRQHandler
                0x0000000008005408                EXTI1_IRQHandler
                0x0000000008005408                USART2_IRQHandler
                0x0000000008005408                I2C2_ER_IRQHandler
                0x0000000008005408                DMA1_Channel2_IRQHandler
                0x0000000008005408                CAN1_SCE_IRQHandler
                0x0000000008005408                FLASH_IRQHandler
                0x0000000008005408                USART1_IRQHandler
                0x0000000008005408                I2C1_ER_IRQHandler
                0x0000000008005408                RTC_Alarm_IRQHandler
 *fill*         0x000000000800540a        0x2 
 .text._Z11KBDCallBackii
                0x000000000800540c       0x14 build/VFO.o
                0x000000000800540c                KBDCallBack(int, int)
 .text.HAL_SYSTICK_Callback
                0x0000000008005420        0x4 build/VFO.o
                0x0000000008005420                HAL_SYSTICK_Callback
 .text.vfoLoopIteration
                0x0000000008005424       0x64 build/VFO.o
                0x0000000008005424                vfoLoopIteration
 .text.vfoSystick
                0x0000000008005488       0x10 build/VFO.o
                0x0000000008005488                vfoSystick
 .text._Z9_vfoSetupv
                0x0000000008005498       0x84 build/VFO.o
                0x0000000008005498                _vfoSetup()
 .text.vfoSetup
                0x000000000800551c        0x4 build/VFO.o
                0x000000000800551c                vfoSetup
 .text._ZN3VFO15_getCalibrationEv
                0x0000000008005520       0x10 build/ConfigHelpers.o
                0x0000000008005520                VFO::_getCalibration()
 .text._ZN3VFO15_setCalibrationEl
                0x0000000008005530       0x14 build/ConfigHelpers.o
                0x0000000008005530                VFO::_setCalibration(long)
 .text._ZN3VFO14_getIFrequencyEv
                0x0000000008005544       0x10 build/ConfigHelpers.o
                0x0000000008005544                VFO::_getIFrequency()
 .text._ZN3VFO14_setIFrequencyEl
                0x0000000008005554       0x10 build/ConfigHelpers.o
                0x0000000008005554                VFO::_setIFrequency(long)
 .text._ZN3VFO14_getBFrequencyEv
                0x0000000008005564       0x10 build/ConfigHelpers.o
                0x0000000008005564                VFO::_getBFrequency()
 .text._ZN3VFO14_setBFrequencyEl
                0x0000000008005574       0x14 build/ConfigHelpers.o
                0x0000000008005574                VFO::_setBFrequency(long)
 .text._ZN3VFO14_getBrightnessEv
                0x0000000008005588       0x10 build/ConfigHelpers.o
                0x0000000008005588                VFO::_getBrightness()
 .text._ZN3VFO14_setBrightnessEl
                0x0000000008005598       0x1c build/ConfigHelpers.o
                0x0000000008005598                VFO::_setBrightness(long)
 .text._ZN3VFO11_getEncoderEv
                0x00000000080055b4       0x10 build/ConfigHelpers.o
                0x00000000080055b4                VFO::_getEncoder()
 .text._ZN3VFO11_setEncoderEl
                0x00000000080055c4       0x14 build/ConfigHelpers.o
                0x00000000080055c4                VFO::_setEncoder(long)
 .text._ZN3VFO12_resetConfigEv
                0x00000000080055d8        0xc build/ConfigHelpers.o
                0x00000000080055d8                VFO::_resetConfig()
 .text._ZN3VFO8Eeprom24D2Ev
                0x00000000080055e4        0x4 build/Configuration.o
                0x00000000080055e4                VFO::Eeprom24::~Eeprom24()
                0x00000000080055e4                VFO::Eeprom24::~Eeprom24()
 .text._ZN3VFO13ConfigurationD2Ev
                0x00000000080055e8        0x4 build/Configuration.o
                0x00000000080055e8                VFO::Configuration::~Configuration()
                0x00000000080055e8                VFO::Configuration::~Configuration()
 .text._ZN3VFO8Eeprom24D0Ev
                0x00000000080055ec       0x10 build/Configuration.o
                0x00000000080055ec                VFO::Eeprom24::~Eeprom24()
 .text._ZN3VFO13ConfigurationD0Ev
                0x00000000080055fc       0x10 build/Configuration.o
                0x00000000080055fc                VFO::Configuration::~Configuration()
 .text._ZN3VFO13ConfigurationC2Ev
                0x000000000800560c       0x38 build/Configuration.o
                0x000000000800560c                VFO::Configuration::Configuration()
                0x000000000800560c                VFO::Configuration::Configuration()
 .text._ZN3VFO13Configuration4saveEv
                0x0000000008005644       0x1c build/Configuration.o
                0x0000000008005644                VFO::Configuration::save()
 .text._ZN3VFO13Configuration4loadEv
                0x0000000008005660       0x1c build/Configuration.o
                0x0000000008005660                VFO::Configuration::load()
 .text._ZN3VFO11GradientBoxD2Ev
                0x000000000800567c        0x4 build/Background.o
                0x000000000800567c                VFO::GradientBox::~GradientBox()
                0x000000000800567c                VFO::GradientBox::~GradientBox()
 .text._ZN3VFO11GradientBox12getBackColorEhh
                0x0000000008005680       0xf0 build/Background.o
                0x0000000008005680                VFO::GradientBox::getBackColor(unsigned char, unsigned char)
 .text._ZN3VFO11GradientBoxD0Ev
                0x0000000008005770       0x10 build/Background.o
                0x0000000008005770                VFO::GradientBox::~GradientBox()
 .text._ZN3VFO11GradientBoxC2Ehhhh
                0x0000000008005780       0x68 build/Background.o
                0x0000000008005780                VFO::GradientBox::GradientBox(unsigned char, unsigned char, unsigned char, unsigned char)
                0x0000000008005780                VFO::GradientBox::GradientBox(unsigned char, unsigned char, unsigned char, unsigned char)
 .text._ZN3VFO11GradientBox4drawEv
                0x00000000080057e8      0x16c build/Background.o
                0x00000000080057e8                VFO::GradientBox::draw()
 .text._ZN3VFO11GradientBox4drawEhhhh
                0x0000000008005954       0x24 build/Background.o
                0x0000000008005954                VFO::GradientBox::draw(unsigned char, unsigned char, unsigned char, unsigned char)
 .text._ZN3VFO11GradientBox5clearEhhhh
                0x0000000008005978      0x18c build/Background.o
                0x0000000008005978                VFO::GradientBox::clear(unsigned char, unsigned char, unsigned char, unsigned char)
 .text._ZN3VFO15backgroundColorEPvhh
                0x0000000008005b04        0x8 build/Background.o
                0x0000000008005b04                VFO::backgroundColor(void*, unsigned char, unsigned char)
 .text._ZN3VFO15FrequencyStringC2EhhPNS_10BackgroundE
                0x0000000008005b0c       0x14 build/FrequencyString.o
                0x0000000008005b0c                VFO::FrequencyString::FrequencyString(unsigned char, unsigned char, VFO::Background*)
                0x0000000008005b0c                VFO::FrequencyString::FrequencyString(unsigned char, unsigned char, VFO::Background*)
 .text._ZN3VFO15FrequencyString13setBackgroundEPNS_10BackgroundE
                0x0000000008005b20        0xc build/FrequencyString.o
                0x0000000008005b20                VFO::FrequencyString::setBackground(VFO::Background*)
 .text._ZN3VFO15FrequencyString4drawEm
                0x0000000008005b2c      0x1d0 build/FrequencyString.o
                0x0000000008005b2c                VFO::FrequencyString::draw(unsigned long)
 .text._ZN3VFO6SMeterD2Ev
                0x0000000008005cfc        0x4 build/SMeter.o
                0x0000000008005cfc                VFO::SMeter::~SMeter()
                0x0000000008005cfc                VFO::SMeter::~SMeter()
 .text._ZN3VFO6SMeterD0Ev
                0x0000000008005d00       0x10 build/SMeter.o
                0x0000000008005d00                VFO::SMeter::~SMeter()
 .text._ZN3VFO6SMeterC2EhhPNS_10BackgroundE
                0x0000000008005d10       0x14 build/SMeter.o
                0x0000000008005d10                VFO::SMeter::SMeter(unsigned char, unsigned char, VFO::Background*)
                0x0000000008005d10                VFO::SMeter::SMeter(unsigned char, unsigned char, VFO::Background*)
 .text._ZN3VFO6SMeter14drawBackgroundEv
                0x0000000008005d24       0xf8 build/SMeter.o
                0x0000000008005d24                VFO::SMeter::drawBackground()
 .text._ZN3VFO6SMeter4drawEh
                0x0000000008005e1c        0x4 build/SMeter.o
                0x0000000008005e1c                VFO::SMeter::draw(unsigned char)
 .text._ZN3VFO8valToStrElPcjc
                0x0000000008005e20      0x108 build/Utils.o
                0x0000000008005e20                VFO::valToStr(long, char*, unsigned int, char)
 .text._ZN3VFO12voltageToStrElPcj
                0x0000000008005f28       0xb4 build/Utils.o
                0x0000000008005f28                VFO::voltageToStr(long, char*, unsigned int)
 .text._ZN3VFO14utf8to1251DestEPKcPcj
                0x0000000008005fdc       0x9c build/Utils.o
                0x0000000008005fdc                VFO::utf8to1251Dest(char const*, char*, unsigned int)
 .text._ZN3VFO10utf8to1251EPc
                0x0000000008006078       0x88 build/Utils.o
                0x0000000008006078                VFO::utf8to1251(char*)
 .text._ZN3VFO13GUIControllerD2Ev
                0x0000000008006100       0x24 build/GUIController.o
                0x0000000008006100                VFO::GUIController::~GUIController()
                0x0000000008006100                VFO::GUIController::~GUIController()
 .text._ZN3VFO13GUIControllerD0Ev
                0x0000000008006124       0x2c build/GUIController.o
                0x0000000008006124                VFO::GUIController::~GUIController()
 .text._ZN3VFO13GUIControllerC2Ev
                0x0000000008006150       0x50 build/GUIController.o
                0x0000000008006150                VFO::GUIController::GUIController()
                0x0000000008006150                VFO::GUIController::GUIController()
 .text._ZN3VFO13GUIController4drawEv
                0x00000000080061a0        0x8 build/GUIController.o
                0x00000000080061a0                VFO::GUIController::draw()
 .text._ZN3VFO13GUIController20pushEncoderIncrementEst
                0x00000000080061a8        0x8 build/GUIController.o
                0x00000000080061a8                VFO::GUIController::pushEncoderIncrement(short, unsigned short)
 .text._ZN3VFO13GUIController14menuKeyPressedEv
                0x00000000080061b0        0x8 build/GUIController.o
                0x00000000080061b0                VFO::GUIController::menuKeyPressed()
 .text._ZN3VFO13GUIController9showSetupEv
                0x00000000080061b8        0xc build/GUIController.o
                0x00000000080061b8                VFO::GUIController::showSetup()
 .text._ZN3VFO13GUIController8showMainEv
                0x00000000080061c4        0xc build/GUIController.o
                0x00000000080061c4                VFO::GUIController::showMain()
 .text._ZN3VFO13GUIController11showVoltageEm
                0x00000000080061d0       0x10 build/GUIController.o
                0x00000000080061d0                VFO::GUIController::showVoltage(unsigned long)
 .text._ZN3VFO11GUIMainView14menuKeyPressedEv
                0x00000000080061e0        0xc build/GUIMainView.o
                0x00000000080061e0                VFO::GUIMainView::menuKeyPressed()
 .text._ZN3VFO11GUIMainView20pushEncoderIncrementEst
                0x00000000080061ec       0x58 build/GUIMainView.o
                0x00000000080061ec                VFO::GUIMainView::pushEncoderIncrement(short, unsigned short)
 .text._ZN3VFO11GUIMainViewD2Ev
                0x0000000008006244       0x84 build/GUIMainView.o
                0x0000000008006244                VFO::GUIMainView::~GUIMainView()
                0x0000000008006244                VFO::GUIMainView::~GUIMainView()
 .text._ZN3VFO11GUIMainViewD0Ev
                0x00000000080062c8       0x14 build/GUIMainView.o
                0x00000000080062c8                VFO::GUIMainView::~GUIMainView()
 .text._ZN3VFO11GUIMainViewC2Ev
                0x00000000080062dc      0x140 build/GUIMainView.o
                0x00000000080062dc                VFO::GUIMainView::GUIMainView()
                0x00000000080062dc                VFO::GUIMainView::GUIMainView()
 .text._ZN3VFO11GUIMainView14drawBackgroundEv
                0x000000000800641c       0x88 build/GUIMainView.o
                0x000000000800641c                VFO::GUIMainView::drawBackground()
 .text._ZN3VFO11GUIMainView4drawEv
                0x00000000080064a4       0x28 build/GUIMainView.o
                0x00000000080064a4                VFO::GUIMainView::draw()
 .text._ZN3VFO11GUIMainView11showVoltageEm
                0x00000000080064cc       0x4c build/GUIMainView.o
                0x00000000080064cc                VFO::GUIMainView::showVoltage(unsigned long)
 .text._ZN3VFO12GUISetupViewD2Ev
                0x0000000008006518       0x6c build/GUISetupView.o
                0x0000000008006518                VFO::GUISetupView::~GUISetupView()
                0x0000000008006518                VFO::GUISetupView::~GUISetupView()
 .text._ZN3VFO12GUISetupViewD0Ev
                0x0000000008006584       0x6c build/GUISetupView.o
                0x0000000008006584                VFO::GUISetupView::~GUISetupView()
 .text._ZN3VFO12GUISetupView4initEv
                0x00000000080065f0      0x13c build/GUISetupView.o
                0x00000000080065f0                VFO::GUISetupView::init()
 .text._ZN3VFO12GUISetupViewC2Ev
                0x000000000800672c       0x38 build/GUISetupView.o
                0x000000000800672c                VFO::GUISetupView::GUISetupView()
                0x000000000800672c                VFO::GUISetupView::GUISetupView()
 .text._ZN3VFO12GUISetupView11setSelectedEh
                0x0000000008006764      0x238 build/GUISetupView.o
                0x0000000008006764                VFO::GUISetupView::setSelected(unsigned char)
 .text._ZN3VFO12GUISetupView12updateValuesEv
                0x000000000800699c       0xec build/GUISetupView.o
                0x000000000800699c                VFO::GUISetupView::updateValues()
 .text._ZN3VFO12GUISetupView20pushEncoderIncrementEst
                0x0000000008006a88       0x9c build/GUISetupView.o
                0x0000000008006a88                VFO::GUISetupView::pushEncoderIncrement(short, unsigned short)
 .text._ZN3VFO12GUISetupView14drawBackgroundEv
                0x0000000008006b24       0xb4 build/GUISetupView.o
                0x0000000008006b24                VFO::GUISetupView::drawBackground()
 .text._ZN3VFO12GUISetupView4drawEv
                0x0000000008006bd8       0x78 build/GUISetupView.o
                0x0000000008006bd8                VFO::GUISetupView::draw()
 .text._ZN3VFO12GUISetupView14menuKeyPressedEv
                0x0000000008006c50      0x1cc build/GUISetupView.o
                0x0000000008006c50                VFO::GUISetupView::menuKeyPressed()
 .text._ZN3VFO7GUIViewC2Ev
                0x0000000008006e1c        0xc build/GUIView.o
                0x0000000008006e1c                VFO::GUIView::GUIView()
                0x0000000008006e1c                VFO::GUIView::GUIView()
 .text._ZN3VFO7GUIViewD2Ev
                0x0000000008006e28        0x4 build/GUIView.o
                0x0000000008006e28                VFO::GUIView::~GUIView()
                0x0000000008006e28                VFO::GUIView::~GUIView()
 .text._ZN3VFO13VFOControllerD2Ev
                0x0000000008006e2c       0x2c build/VFOController.o
                0x0000000008006e2c                VFO::VFOController::~VFOController()
                0x0000000008006e2c                VFO::VFOController::~VFOController()
 .text._ZN3VFO13VFOControllerD0Ev
                0x0000000008006e58       0x34 build/VFOController.o
                0x0000000008006e58                VFO::VFOController::~VFOController()
 .text._ZN3VFO13VFOController6initSIEv
                0x0000000008006e8c       0x64 build/VFOController.o
                0x0000000008006e8c                VFO::VFOController::initSI()
 .text._ZN3VFO13VFOController5beginEv
                0x0000000008006ef0       0x30 build/VFOController.o
                0x0000000008006ef0                VFO::VFOController::begin()
 .text._ZN3VFO13VFOController14menuKeyPressedEv
                0x0000000008006f20        0x8 build/VFOController.o
                0x0000000008006f20                VFO::VFOController::menuKeyPressed()
 .text._ZN3VFO13VFOController11showVoltageEm
                0x0000000008006f28        0x8 build/VFOController.o
                0x0000000008006f28                VFO::VFOController::showVoltage(unsigned long)
 .text._ZN3VFO13VFOController9showSetupEv
                0x0000000008006f30        0x8 build/VFOController.o
                0x0000000008006f30                VFO::VFOController::showSetup()
 .text._ZN3VFO13VFOController8showMainEv
                0x0000000008006f38        0x8 build/VFOController.o
                0x0000000008006f38                VFO::VFOController::showMain()
 .text._ZN3VFO13VFOController20pushEncoderIncrementEst
                0x0000000008006f40        0x8 build/VFOController.o
                0x0000000008006f40                VFO::VFOController::pushEncoderIncrement(short, unsigned short)
 .text._ZN3VFO13VFOController12setFrequencyEm
                0x0000000008006f48       0x30 build/VFOController.o
                0x0000000008006f48                VFO::VFOController::setFrequency(unsigned long)
 .text._ZN3VFO13VFOController13setBFrequencyEm
                0x0000000008006f78       0x24 build/VFOController.o
                0x0000000008006f78                VFO::VFOController::setBFrequency(unsigned long)
 .text._ZN3VFO13VFOController13setBrightnessEh
                0x0000000008006f9c        0xc build/VFOController.o
                0x0000000008006f9c                VFO::VFOController::setBrightness(unsigned char)
 .text._ZN3VFO13VFOController14setCalibrationEl
                0x0000000008006fa8       0x10 build/VFOController.o
                0x0000000008006fa8                VFO::VFOController::setCalibration(long)
 .text._ZN3VFO13VFOController17loadConfigurationEv
                0x0000000008006fb8       0x8c build/VFOController.o
                0x0000000008006fb8                VFO::VFOController::loadConfiguration()
 .text._ZN3VFO13VFOControllerC2Ev
                0x0000000008007044       0xb4 build/VFOController.o
                0x0000000008007044                VFO::VFOController::VFOController()
                0x0000000008007044                VFO::VFOController::VFOController()
 .text._ZN3VFO13VFOController5resetEv
                0x00000000080070f8       0xb8 build/VFOController.o
                0x00000000080070f8                VFO::VFOController::reset()
 .text._ZN3VFO13VFOController18triggerMemoryWriteEv
                0x00000000080071b0       0x1c build/VFOController.o
                0x00000000080071b0                VFO::VFOController::triggerMemoryWrite()
 .text._ZN3VFO13VFOController16checkMemoryStateEv
                0x00000000080071cc       0x30 build/VFOController.o
                0x00000000080071cc                VFO::VFOController::checkMemoryState()
 .text.startup._GLOBAL__sub_I__ZN3VFO13VFOControllerC2Ev
                0x00000000080071fc       0x10 build/VFOController.o
 .text._Z10KBD_addKeyP12GPIO_TypeDefiiPFviiE
                0x000000000800720c       0x60 build/kbd.o
                0x000000000800720c                KBD_addKey(GPIO_TypeDef*, int, int, void (*)(int, int))
 .text._Z16KBD_ISR_Callbackv
                0x000000000800726c      0x110 build/kbd.o
                0x000000000800726c                KBD_ISR_Callback()
 .text._Z18SystemClock_Configv
                0x000000000800737c       0x74 build/main.o
                0x000000000800737c                SystemClock_Config()
 .text.startup.main
                0x00000000080073f0      0x348 build/main.o
                0x00000000080073f0                main
 .text._Error_Handler
                0x0000000008007738        0x4 build/main.o
                0x0000000008007738                _Error_Handler
 *fill*         0x000000000800773c        0x4 
 .text._ZN6Si535112select_r_divEPy.constprop.3
                0x0000000008007740      0x1d0 build/si5351.o
 .text._ZN6Si535115multisynth_calcEyyP12Si5351RegSet.constprop.4
                0x0000000008007910      0x1d8 build/si5351.o
 .text._ZN6Si535117select_r_div_ms67EPy.constprop.5
                0x0000000008007ae8      0x1e0 build/si5351.o
 .text._ZN6Si535111si5351_readEh.constprop.19
                0x0000000008007cc8       0xb4 build/si5351.o
 *fill*         0x0000000008007d7c        0x4 
 .text._ZN6Si53517set_pllEy10si5351_pll.constprop.8
                0x0000000008007d80      0x1f8 build/si5351.o
 .text._ZN6Si5351C2Eh
                0x0000000008007f78       0x54 build/si5351.o
                0x0000000008007f78                Si5351::Si5351(unsigned char)
                0x0000000008007f78                Si5351::Si5351(unsigned char)
 *fill*         0x0000000008007fcc        0x4 
 .text._ZN6Si53517set_pllEy10si5351_pll
                0x0000000008007fd0      0x3a0 build/si5351.o
                0x0000000008007fd0                Si5351::set_pll(unsigned long long, si5351_pll)
 .text._ZN6Si53515resetEv
                0x0000000008008370      0xb10 build/si5351.o
                0x0000000008008370                Si5351::reset()
 .text._ZN6Si53514initEhml
                0x0000000008008e80       0xfc build/si5351.o
                0x0000000008008e80                Si5351::init(unsigned char, unsigned long, long)
 .text._ZN6Si535113output_enableE12si5351_clockh
                0x0000000008008f7c       0x7c build/si5351.o
                0x0000000008008f7c                Si5351::output_enable(si5351_clock, unsigned char)
 .text._ZN6Si535114set_correctionEl16si5351_pll_input
                0x0000000008008ff8      0x208 build/si5351.o
                0x0000000008008ff8                Si5351::set_correction(long, si5351_pll_input)
 .text._ZN6Si53516ms_divE12si5351_clockhh
                0x0000000008009200       0xb0 build/si5351.o
                0x0000000008009200                Si5351::ms_div(si5351_clock, unsigned char, unsigned char)
 .text._ZN6Si53516set_msE12si5351_clock12Si5351RegSethhh
                0x00000000080092b0      0x5e8 build/si5351.o
                0x00000000080092b0                Si5351::set_ms(si5351_clock, Si5351RegSet, unsigned char, unsigned char, unsigned char)
 .text._ZN6Si53518set_freqEy12si5351_clock
                0x0000000008009898      0xbd8 build/si5351.o
                0x0000000008009898                Si5351::set_freq(unsigned long long, si5351_clock)
 .text._ZdlPvj  0x000000000800a470        0x4 /usr/local/gcc-arm-none-eabi-8-2019-q3-update/bin/../lib/gcc/arm-none-eabi/8.3.1/../../../../arm-none-eabi/lib/thumb/v7-m/nofp/libstdc++_nano.a(del_ops.o)
                0x000000000800a470                operator delete(void*, unsigned int)
 .text._ZN10__cxxabiv120__si_class_type_infoD2Ev
                0x000000000800a474       0x14 /usr/local/gcc-arm-none-eabi-8-2019-q3-update/bin/../lib/gcc/arm-none-eabi/8.3.1/../../../../arm-none-eabi/lib/thumb/v7-m/nofp/libstdc++_nano.a(si_class_type_info.o)
                0x000000000800a474                __cxxabiv1::__si_class_type_info::~__si_class_type_info()
                0x000000000800a474                __cxxabiv1::__si_class_type_info::~__si_class_type_info()
 .text._ZN10__cxxabiv120__si_class_type_infoD0Ev
                0x000000000800a488       0x14 /usr/local/gcc-arm-none-eabi-8-2019-q3-update/bin/../lib/gcc/arm-none-eabi/8.3.1/../../../../arm-none-eabi/lib/thumb/v7-m/nofp/libstdc++_nano.a(si_class_type_info.o)
                0x000000000800a488                __cxxabiv1::__si_class_type_info::~__si_class_type_info()
 .text._ZNK10__cxxabiv120__si_class_type_info20__do_find_public_srcEiPKvPKNS_17__class_type_infoES2_
                0x000000000800a49c       0x38 /usr/local/gcc-arm-none-eabi-8-2019-q3-update/bin/../lib/gcc/arm-none-eabi/8.3.1/../../../../arm-none-eabi/lib/thumb/v7-m/nofp/libstdc++_nano.a(si_class_type_info.o)
                0x000000000800a49c                __cxxabiv1::__si_class_type_info::__do_find_public_src(int, void const*, __cxxabiv1::__class_type_info const*, void const*) const
 .text._ZNK10__cxxabiv120__si_class_type_info12__do_dyncastEiNS_17__class_type_info10__sub_kindEPKS1_PKvS4_S6_RNS1_16__dyncast_resultE
                0x000000000800a4d4       0x74 /usr/local/gcc-arm-none-eabi-8-2019-q3-update/bin/../lib/gcc/arm-none-eabi/8.3.1/../../../../arm-none-eabi/lib/thumb/v7-m/nofp/libstdc++_nano.a(si_class_type_info.o)
                0x000000000800a4d4                __cxxabiv1::__si_class_type_info::__do_dyncast(int, __cxxabiv1::__class_type_info::__sub_kind, __cxxabiv1::__class_type_info const*, void const*, __cxxabiv1::__class_type_info const*, void const*, __cxxabiv1::__class_type_info::__dyncast_result&) const
 .text._ZNK10__cxxabiv120__si_class_type_info11__do_upcastEPKNS_17__class_type_infoEPKvRNS1_15__upcast_resultE
                0x000000000800a548       0x2a /usr/local/gcc-arm-none-eabi-8-2019-q3-update/bin/../lib/gcc/arm-none-eabi/8.3.1/../../../../arm-none-eabi/lib/thumb/v7-m/nofp/libstdc++_nano.a(si_class_type_info.o)
                0x000000000800a548                __cxxabiv1::__si_class_type_info::__do_upcast(__cxxabiv1::__class_type_info const*, void const*, __cxxabiv1::__class_type_info::__upcast_result&) const
 .text._ZdlPv   0x000000000800a572        0x4 /usr/local/gcc-arm-none-eabi-8-2019-q3-update/bin/../lib/gcc/arm-none-eabi/8.3.1/../../../../arm-none-eabi/lib/thumb/v7-m/nofp/libstdc++_nano.a(del_op.o)
                0x000000000800a572                operator delete(void*)
 .text._ZNK10__cxxabiv117__class_type_info11__do_upcastEPKS0_PPv
                0x000000000800a576       0x34 /usr/local/gcc-arm-none-eabi-8-2019-q3-update/bin/../lib/gcc/arm-none-eabi/8.3.1/../../../../arm-none-eabi/lib/thumb/v7-m/nofp/libstdc++_nano.a(class_type_info.o)
                0x000000000800a576                __cxxabiv1::__class_type_info::__do_upcast(__cxxabiv1::__class_type_info const*, void**) const
 .text._ZNK10__cxxabiv117__class_type_info20__do_find_public_srcEiPKvPKS0_S2_
                0x000000000800a5aa        0xc /usr/local/gcc-arm-none-eabi-8-2019-q3-update/bin/../lib/gcc/arm-none-eabi/8.3.1/../../../../arm-none-eabi/lib/thumb/v7-m/nofp/libstdc++_nano.a(class_type_info.o)
                0x000000000800a5aa                __cxxabiv1::__class_type_info::__do_find_public_src(int, void const*, __cxxabiv1::__class_type_info const*, void const*) const
 *fill*         0x000000000800a5b6        0x2 
 .text._ZN10__cxxabiv117__class_type_infoD2Ev
                0x000000000800a5b8       0x14 /usr/local/gcc-arm-none-eabi-8-2019-q3-update/bin/../lib/gcc/arm-none-eabi/8.3.1/../../../../arm-none-eabi/lib/thumb/v7-m/nofp/libstdc++_nano.a(class_type_info.o)
                0x000000000800a5b8                __cxxabiv1::__class_type_info::~__class_type_info()
                0x000000000800a5b8                __cxxabiv1::__class_type_info::~__class_type_info()
 .text._ZN10__cxxabiv117__class_type_infoD0Ev
                0x000000000800a5cc       0x14 /usr/local/gcc-arm-none-eabi-8-2019-q3-update/bin/../lib/gcc/arm-none-eabi/8.3.1/../../../../arm-none-eabi/lib/thumb/v7-m/nofp/libstdc++_nano.a(class_type_info.o)
                0x000000000800a5cc                __cxxabiv1::__class_type_info::~__class_type_info()
 .text._ZNK10__cxxabiv117__class_type_info12__do_dyncastEiNS0_10__sub_kindEPKS0_PKvS3_S5_RNS0_16__dyncast_resultE
                0x000000000800a5e0       0x3a /usr/local/gcc-arm-none-eabi-8-2019-q3-update/bin/../lib/gcc/arm-none-eabi/8.3.1/../../../../arm-none-eabi/lib/thumb/v7-m/nofp/libstdc++_nano.a(class_type_info.o)
                0x000000000800a5e0                __cxxabiv1::__class_type_info::__do_dyncast(int, __cxxabiv1::__class_type_info::__sub_kind, __cxxabiv1::__class_type_info const*, void const*, __cxxabiv1::__class_type_info const*, void const*, __cxxabiv1::__class_type_info::__dyncast_result&) const
 .text._ZNK10__cxxabiv117__class_type_info11__do_upcastEPKS0_PKvRNS0_15__upcast_resultE
                0x000000000800a61a       0x18 /usr/local/gcc-arm-none-eabi-8-2019-q3-update/bin/../lib/gcc/arm-none-eabi/8.3.1/../../../../arm-none-eabi/lib/thumb/v7-m/nofp/libstdc++_nano.a(class_type_info.o)
                0x000000000800a61a                __cxxabiv1::__class_type_info::__do_upcast(__cxxabiv1::__class_type_info const*, void const*, __cxxabiv1::__class_type_info::__upcast_result&) const
 .text._ZNK10__cxxabiv117__class_type_info10__do_catchEPKSt9type_infoPPvj
                0x000000000800a632       0x2a /usr/local/gcc-arm-none-eabi-8-2019-q3-update/bin/../lib/gcc/arm-none-eabi/8.3.1/../../../../arm-none-eabi/lib/thumb/v7-m/nofp/libstdc++_nano.a(class_type_info.o)
                0x000000000800a632                __cxxabiv1::__class_type_info::__do_catch(std::type_info const*, void**, unsigned int) const
 .text._ZNSt9type_infoD2Ev
                0x000000000800a65c        0x2 /usr/local/gcc-arm-none-eabi-8-2019-q3-update/bin/../lib/gcc/arm-none-eabi/8.3.1/../../../../arm-none-eabi/lib/thumb/v7-m/nofp/libstdc++_nano.a(tinfo.o)
                0x000000000800a65c                std::type_info::~type_info()
                0x000000000800a65c                std::type_info::~type_info()
 .text._ZNKSt9type_info14__is_pointer_pEv
                0x000000000800a65e        0x4 /usr/local/gcc-arm-none-eabi-8-2019-q3-update/bin/../lib/gcc/arm-none-eabi/8.3.1/../../../../arm-none-eabi/lib/thumb/v7-m/nofp/libstdc++_nano.a(tinfo.o)
                0x000000000800a65e                std::type_info::__is_function_p() const
                0x000000000800a65e                std::type_info::__is_pointer_p() const
 .text._ZNKSt9type_infoeqERKS_
                0x000000000800a662       0x2c /usr/local/gcc-arm-none-eabi-8-2019-q3-update/bin/../lib/gcc/arm-none-eabi/8.3.1/../../../../arm-none-eabi/lib/thumb/v7-m/nofp/libstdc++_nano.a(tinfo.o)
                0x000000000800a662                std::type_info::operator==(std::type_info const&) const
 .text._Znaj    0x000000000800a68e        0x4 /usr/local/gcc-arm-none-eabi-8-2019-q3-update/bin/../lib/gcc/arm-none-eabi/8.3.1/../../../../arm-none-eabi/lib/thumb/v7-m/nofp/libstdc++_nano.a(new_opv.o)
                0x000000000800a68e                operator new[](unsigned int)
 .text._ZL12read_uleb128PKhPm
                0x000000000800a692       0x1e /usr/local/gcc-arm-none-eabi-8-2019-q3-update/bin/../lib/gcc/arm-none-eabi/8.3.1/../../../../arm-none-eabi/lib/thumb/v7-m/nofp/libstdc++_nano.a(eh_personality.o)
 .text._ZL12read_sleb128PKhPl
                0x000000000800a6b0       0x30 /usr/local/gcc-arm-none-eabi-8-2019-q3-update/bin/../lib/gcc/arm-none-eabi/8.3.1/../../../../arm-none-eabi/lib/thumb/v7-m/nofp/libstdc++_nano.a(eh_personality.o)
 .text._ZL28read_encoded_value_with_basehjPKhPj
                0x000000000800a6e0       0x88 /usr/local/gcc-arm-none-eabi-8-2019-q3-update/bin/../lib/gcc/arm-none-eabi/8.3.1/../../../../arm-none-eabi/lib/thumb/v7-m/nofp/libstdc++_nano.a(eh_personality.o)
 .text._ZL21base_of_encoded_valuehP15_Unwind_Context
                0x000000000800a768       0x46 /usr/local/gcc-arm-none-eabi-8-2019-q3-update/bin/../lib/gcc/arm-none-eabi/8.3.1/../../../../arm-none-eabi/lib/thumb/v7-m/nofp/libstdc++_nano.a(eh_personality.o)
 .text._ZL18read_encoded_valueP15_Unwind_ContexthPKhPj
                0x000000000800a7ae       0x20 /usr/local/gcc-arm-none-eabi-8-2019-q3-update/bin/../lib/gcc/arm-none-eabi/8.3.1/../../../../arm-none-eabi/lib/thumb/v7-m/nofp/libstdc++_nano.a(eh_personality.o)
 .text._ZL17parse_lsda_headerP15_Unwind_ContextPKhP16lsda_header_info
                0x000000000800a7ce       0x5e /usr/local/gcc-arm-none-eabi-8-2019-q3-update/bin/../lib/gcc/arm-none-eabi/8.3.1/../../../../arm-none-eabi/lib/thumb/v7-m/nofp/libstdc++_nano.a(eh_personality.o)
 .text._Unwind_GetGR
                0x000000000800a82c       0x18 /usr/local/gcc-arm-none-eabi-8-2019-q3-update/bin/../lib/gcc/arm-none-eabi/8.3.1/../../../../arm-none-eabi/lib/thumb/v7-m/nofp/libstdc++_nano.a(eh_personality.o)
 .text.__gxx_personality_v0
                0x000000000800a844      0x338 /usr/local/gcc-arm-none-eabi-8-2019-q3-update/bin/../lib/gcc/arm-none-eabi/8.3.1/../../../../arm-none-eabi/lib/thumb/v7-m/nofp/libstdc++_nano.a(eh_personality.o)
                0x000000000800a844                __gxx_personality_v0
 .text.__cxa_end_cleanup
                0x000000000800ab7c        0xc /usr/local/gcc-arm-none-eabi-8-2019-q3-update/bin/../lib/gcc/arm-none-eabi/8.3.1/../../../../arm-none-eabi/lib/thumb/v7-m/nofp/libstdc++_nano.a(eh_arm.o)
                0x000000000800ab7c                __cxa_end_cleanup
 .text._ZN10__cxxabiv1L24__is_gxx_exception_classEPc
                0x000000000800ab88       0x3a /usr/local/gcc-arm-none-eabi-8-2019-q3-update/bin/../lib/gcc/arm-none-eabi/8.3.1/../../../../arm-none-eabi/lib/thumb/v7-m/nofp/libstdc++_nano.a(eh_arm.o)
 *fill*         0x000000000800abc2        0x2 
 .text.__cxa_type_match
                0x000000000800abc4       0xbc /usr/local/gcc-arm-none-eabi-8-2019-q3-update/bin/../lib/gcc/arm-none-eabi/8.3.1/../../../../arm-none-eabi/lib/thumb/v7-m/nofp/libstdc++_nano.a(eh_arm.o)
                0x000000000800abc4                __cxa_type_match
 .text.__cxa_begin_cleanup
                0x000000000800ac80       0x3a /usr/local/gcc-arm-none-eabi-8-2019-q3-update/bin/../lib/gcc/arm-none-eabi/8.3.1/../../../../arm-none-eabi/lib/thumb/v7-m/nofp/libstdc++_nano.a(eh_arm.o)
                0x000000000800ac80                __cxa_begin_cleanup
 .text.__gnu_end_cleanup
                0x000000000800acba       0x32 /usr/local/gcc-arm-none-eabi-8-2019-q3-update/bin/../lib/gcc/arm-none-eabi/8.3.1/../../../../arm-none-eabi/lib/thumb/v7-m/nofp/libstdc++_nano.a(eh_arm.o)
                0x000000000800acba                __gnu_end_cleanup
 .text._ZN10__cxxabiv1L24__is_gxx_exception_classEPc
                0x000000000800acec       0x3a /usr/local/gcc-arm-none-eabi-8-2019-q3-update/bin/../lib/gcc/arm-none-eabi/8.3.1/../../../../arm-none-eabi/lib/thumb/v7-m/nofp/libstdc++_nano.a(eh_call.o)
 .text.__cxa_call_terminate
                0x000000000800ad26       0x1e /usr/local/gcc-arm-none-eabi-8-2019-q3-update/bin/../lib/gcc/arm-none-eabi/8.3.1/../../../../arm-none-eabi/lib/thumb/v7-m/nofp/libstdc++_nano.a(eh_call.o)
                0x000000000800ad26                __cxa_call_terminate
 .text.__cxa_call_unexpected
                0x000000000800ad44       0x28 /usr/local/gcc-arm-none-eabi-8-2019-q3-update/bin/../lib/gcc/arm-none-eabi/8.3.1/../../../../arm-none-eabi/lib/thumb/v7-m/nofp/libstdc++_nano.a(eh_call.o)
                0x000000000800ad44                __cxa_call_unexpected
 .text.__cxa_pure_virtual
                0x000000000800ad6c        0x6 /usr/local/gcc-arm-none-eabi-8-2019-q3-update/bin/../lib/gcc/arm-none-eabi/8.3.1/../../../../arm-none-eabi/lib/thumb/v7-m/nofp/libstdc++_nano.a(pure.o)
                0x000000000800ad6c                __cxa_pure_virtual
 .text._Znwj    0x000000000800ad72       0x20 /usr/local/gcc-arm-none-eabi-8-2019-q3-update/bin/../lib/gcc/arm-none-eabi/8.3.1/../../../../arm-none-eabi/lib/thumb/v7-m/nofp/libstdc++_nano.a(new_op.o)
                0x000000000800ad72                operator new(unsigned int)
 .text._ZN10__cxxabiv111__terminateEPFvvE
                0x000000000800ad92        0x8 /usr/local/gcc-arm-none-eabi-8-2019-q3-update/bin/../lib/gcc/arm-none-eabi/8.3.1/../../../../arm-none-eabi/lib/thumb/v7-m/nofp/libstdc++_nano.a(eh_terminate.o)
                0x000000000800ad92                __cxxabiv1::__terminate(void (*)())
 *fill*         0x000000000800ad9a        0x2 
 .text._ZSt13get_terminatev
                0x000000000800ad9c       0x10 /usr/local/gcc-arm-none-eabi-8-2019-q3-update/bin/../lib/gcc/arm-none-eabi/8.3.1/../../../../arm-none-eabi/lib/thumb/v7-m/nofp/libstdc++_nano.a(eh_terminate.o)
                0x000000000800ad9c                std::get_terminate()
 .text._ZSt9terminatev
                0x000000000800adac        0xa /usr/local/gcc-arm-none-eabi-8-2019-q3-update/bin/../lib/gcc/arm-none-eabi/8.3.1/../../../../arm-none-eabi/lib/thumb/v7-m/nofp/libstdc++_nano.a(eh_terminate.o)
                0x000000000800adac                std::terminate()
 .text._ZN10__cxxabiv112__unexpectedEPFvvE
                0x000000000800adb6        0x8 /usr/local/gcc-arm-none-eabi-8-2019-q3-update/bin/../lib/gcc/arm-none-eabi/8.3.1/../../../../arm-none-eabi/lib/thumb/v7-m/nofp/libstdc++_nano.a(eh_terminate.o)
                0x000000000800adb6                __cxxabiv1::__unexpected(void (*)())
 *fill*         0x000000000800adbe        0x2 
 .text._ZSt14get_unexpectedv
                0x000000000800adc0       0x10 /usr/local/gcc-arm-none-eabi-8-2019-q3-update/bin/../lib/gcc/arm-none-eabi/8.3.1/../../../../arm-none-eabi/lib/thumb/v7-m/nofp/libstdc++_nano.a(eh_terminate.o)
                0x000000000800adc0                std::get_unexpected()
 .text._ZSt10unexpectedv
                0x000000000800add0        0xa /usr/local/gcc-arm-none-eabi-8-2019-q3-update/bin/../lib/gcc/arm-none-eabi/8.3.1/../../../../arm-none-eabi/lib/thumb/v7-m/nofp/libstdc++_nano.a(eh_terminate.o)
                0x000000000800add0                std::unexpected()
 .text._ZN10__cxxabiv1L24__is_gxx_exception_classEPc
                0x000000000800adda       0x3a /usr/local/gcc-arm-none-eabi-8-2019-q3-update/bin/../lib/gcc/arm-none-eabi/8.3.1/../../../../arm-none-eabi/lib/thumb/v7-m/nofp/libstdc++_nano.a(eh_catch.o)
 .text.__cxa_begin_catch
                0x000000000800ae14       0x52 /usr/local/gcc-arm-none-eabi-8-2019-q3-update/bin/../lib/gcc/arm-none-eabi/8.3.1/../../../../arm-none-eabi/lib/thumb/v7-m/nofp/libstdc++_nano.a(eh_catch.o)
                0x000000000800ae14                __cxa_begin_catch
 *fill*         0x000000000800ae66        0x2 
 .text.__cxa_get_globals
                0x000000000800ae68        0x8 /usr/local/gcc-arm-none-eabi-8-2019-q3-update/bin/../lib/gcc/arm-none-eabi/8.3.1/../../../../arm-none-eabi/lib/thumb/v7-m/nofp/libstdc++_nano.a(eh_globals.o)
                0x000000000800ae68                __cxa_get_globals
 .text._ZSt15get_new_handlerv
                0x000000000800ae70       0x10 /usr/local/gcc-arm-none-eabi-8-2019-q3-update/bin/../lib/gcc/arm-none-eabi/8.3.1/../../../../arm-none-eabi/lib/thumb/v7-m/nofp/libstdc++_nano.a(new_handler.o)
                0x000000000800ae70                std::get_new_handler()
 .text.abort    0x000000000800ae80        0xe /usr/local/gcc-arm-none-eabi-8-2019-q3-update/bin/../lib/gcc/arm-none-eabi/8.3.1/../../../../arm-none-eabi/lib/thumb/v7-m/nofp/libc_nano.a(lib_a-abort.o)
                0x000000000800ae80                abort
 *fill*         0x000000000800ae8e        0x2 
 .text.__errno  0x000000000800ae90        0xc /usr/local/gcc-arm-none-eabi-8-2019-q3-update/bin/../lib/gcc/arm-none-eabi/8.3.1/../../../../arm-none-eabi/lib/thumb/v7-m/nofp/libc_nano.a(lib_a-errno.o)
                0x000000000800ae90                __errno
 .text.__libc_init_array
                0x000000000800ae9c       0x48 /usr/local/gcc-arm-none-eabi-8-2019-q3-update/bin/../lib/gcc/arm-none-eabi/8.3.1/../../../../arm-none-eabi/lib/thumb/v7-m/nofp/libc_nano.a(lib_a-init.o)
                0x000000000800ae9c                __libc_init_array
 .text.malloc   0x000000000800aee4       0x10 /usr/local/gcc-arm-none-eabi-8-2019-q3-update/bin/../lib/gcc/arm-none-eabi/8.3.1/../../../../arm-none-eabi/lib/thumb/v7-m/nofp/libc_nano.a(lib_a-malloc.o)
                0x000000000800aee4                malloc
 .text.free     0x000000000800aef4       0x10 /usr/local/gcc-arm-none-eabi-8-2019-q3-update/bin/../lib/gcc/arm-none-eabi/8.3.1/../../../../arm-none-eabi/lib/thumb/v7-m/nofp/libc_nano.a(lib_a-malloc.o)
                0x000000000800aef4                free
 .text.memcpy   0x000000000800af04       0x1c /usr/local/gcc-arm-none-eabi-8-2019-q3-update/bin/../lib/gcc/arm-none-eabi/8.3.1/../../../../arm-none-eabi/lib/thumb/v7-m/nofp/libc_nano.a(lib_a-memcpy-stub.o)
                0x000000000800af04                memcpy
 .text.memset   0x000000000800af20       0x10 /usr/local/gcc-arm-none-eabi-8-2019-q3-update/bin/../lib/gcc/arm-none-eabi/8.3.1/../../../../arm-none-eabi/lib/thumb/v7-m/nofp/libc_nano.a(lib_a-memset.o)
                0x000000000800af20                memset
 .text._free_r  0x000000000800af30       0x98 /usr/local/gcc-arm-none-eabi-8-2019-q3-update/bin/../lib/gcc/arm-none-eabi/8.3.1/../../../../arm-none-eabi/lib/thumb/v7-m/nofp/libc_nano.a(lib_a-nano-freer.o)
                0x000000000800af30                _free_r
 .text._malloc_r
                0x000000000800afc8       0xb4 /usr/local/gcc-arm-none-eabi-8-2019-q3-update/bin/../lib/gcc/arm-none-eabi/8.3.1/../../../../arm-none-eabi/lib/thumb/v7-m/nofp/libc_nano.a(lib_a-nano-mallocr.o)
                0x000000000800afc8                _malloc_r
 .text._sbrk_r  0x000000000800b07c       0x20 /usr/local/gcc-arm-none-eabi-8-2019-q3-update/bin/../lib/gcc/arm-none-eabi/8.3.1/../../../../arm-none-eabi/lib/thumb/v7-m/nofp/libc_nano.a(lib_a-sbrkr.o)
                0x000000000800b07c                _sbrk_r
 .text._raise_r
                0x000000000800b09c       0x50 /usr/local/gcc-arm-none-eabi-8-2019-q3-update/bin/../lib/gcc/arm-none-eabi/8.3.1/../../../../arm-none-eabi/lib/thumb/v7-m/nofp/libc_nano.a(lib_a-signal.o)
                0x000000000800b09c                _raise_r
 .text.raise    0x000000000800b0ec       0x10 /usr/local/gcc-arm-none-eabi-8-2019-q3-update/bin/../lib/gcc/arm-none-eabi/8.3.1/../../../../arm-none-eabi/lib/thumb/v7-m/nofp/libc_nano.a(lib_a-signal.o)
                0x000000000800b0ec                raise
 .text._kill_r  0x000000000800b0fc       0x24 /usr/local/gcc-arm-none-eabi-8-2019-q3-update/bin/../lib/gcc/arm-none-eabi/8.3.1/../../../../arm-none-eabi/lib/thumb/v7-m/nofp/libc_nano.a(lib_a-signalr.o)
                0x000000000800b0fc                _kill_r
 .text._getpid_r
                0x000000000800b120        0x4 /usr/local/gcc-arm-none-eabi-8-2019-q3-update/bin/../lib/gcc/arm-none-eabi/8.3.1/../../../../arm-none-eabi/lib/thumb/v7-m/nofp/libc_nano.a(lib_a-signalr.o)
                0x000000000800b120                _getpid_r
 .text.__malloc_lock
                0x000000000800b124        0xc /usr/local/gcc-arm-none-eabi-8-2019-q3-update/bin/../lib/gcc/arm-none-eabi/8.3.1/../../../../arm-none-eabi/lib/thumb/v7-m/nofp/libc_nano.a(lib_a-mlock.o)
                0x000000000800b124                __malloc_lock
 .text.__malloc_unlock
                0x000000000800b130        0xc /usr/local/gcc-arm-none-eabi-8-2019-q3-update/bin/../lib/gcc/arm-none-eabi/8.3.1/../../../../arm-none-eabi/lib/thumb/v7-m/nofp/libc_nano.a(lib_a-mlock.o)
                0x000000000800b130                __malloc_unlock
 .text.__retarget_lock_acquire_recursive
                0x000000000800b13c        0x2 /usr/local/gcc-arm-none-eabi-8-2019-q3-update/bin/../lib/gcc/arm-none-eabi/8.3.1/../../../../arm-none-eabi/lib/thumb/v7-m/nofp/libc_nano.a(lib_a-lock.o)
                0x000000000800b13c                __retarget_lock_acquire_recursive
 .text.__retarget_lock_release_recursive
                0x000000000800b13e        0x2 /usr/local/gcc-arm-none-eabi-8-2019-q3-update/bin/../lib/gcc/arm-none-eabi/8.3.1/../../../../arm-none-eabi/lib/thumb/v7-m/nofp/libc_nano.a(lib_a-lock.o)
                0x000000000800b13e                __retarget_lock_release_recursive
 .text.unlikely
                0x000000000800b140        0xc /usr/local/gcc-arm-none-eabi-8-2019-q3-update/bin/../lib/gcc/arm-none-eabi/8.3.1/thumb/v7-m/nofp/libgcc.a(pr-support.o)
                0x000000000800b140                _Unwind_GetDataRelBase
                0x000000000800b146                _Unwind_GetTextRelBase
 *(.glue_7)
 .glue_7        0x000000000800b14c        0x0 linker stubs
 *(.glue_7t)
 .glue_7t       0x000000000800b14c        0x0 linker stubs
 *(.eh_frame)
 .eh_frame      0x000000000800b14c        0x0 /usr/local/gcc-arm-none-eabi-8-2019-q3-update/bin/../lib/gcc/arm-none-eabi/8.3.1/thumb/v7-m/nofp/crtbegin.o
 *(.init)
 .init          0x000000000800b14c        0x4 /usr/local/gcc-arm-none-eabi-8-2019-q3-update/bin/../lib/gcc/arm-none-eabi/8.3.1/thumb/v7-m/nofp/crti.o
                0x000000000800b14c                _init
 .init          0x000000000800b150        0x8 /usr/local/gcc-arm-none-eabi-8-2019-q3-update/bin/../lib/gcc/arm-none-eabi/8.3.1/thumb/v7-m/nofp/crtn.o
 *(.fini)
 .fini          0x000000000800b158        0x4 /usr/local/gcc-arm-none-eabi-8-2019-q3-update/bin/../lib/gcc/arm-none-eabi/8.3.1/thumb/v7-m/nofp/crti.o
                0x000000000800b158                _fini
 .fini          0x000000000800b15c        0x8 /usr/local/gcc-arm-none-eabi-8-2019-q3-update/bin/../lib/gcc/arm-none-eabi/8.3.1/thumb/v7-m/nofp/crtn.o
                0x000000000800b164                . = ALIGN (0x4)
                0x000000000800b164                _etext = .

.vfp11_veneer   0x000000000800b164        0x0
 .vfp11_veneer  0x000000000800b164        0x0 linker stubs

.v4_bx          0x000000000800b164        0x0
 .v4_bx         0x000000000800b164        0x0 linker stubs

.iplt           0x000000000800b164        0x0
 .iplt          0x000000000800b164        0x0 /usr/local/gcc-arm-none-eabi-8-2019-q3-update/bin/../lib/gcc/arm-none-eabi/8.3.1/thumb/v7-m/nofp/crtbegin.o

.rodata         0x000000000800b164     0x1078
                0x000000000800b164                . = ALIGN (0x4)
 *(.rodata)
 .rodata        0x000000000800b164       0x10 build/stm32f1xx_hal_rcc.o
 .rodata        0x000000000800b174        0xf build/Background.o
 *fill*         0x000000000800b183        0x1 
 .rodata        0x000000000800b184        0x7 build/GUIMainView.o
 *fill*         0x000000000800b18b        0x1 
 .rodata        0x000000000800b18c       0x1f build/GUISetupView.o
 *(.rodata*)
 *fill*         0x000000000800b1ab        0x1 
 .rodata.Font5x7
                0x000000000800b1ac      0x3c0 build/st7735.o
 .rodata.Font7x11
                0x000000000800b56c      0x840 build/st7735.o
 .rodata.AHBPrescTable
                0x000000000800bdac       0x10 build/system_stm32f1xx.o
                0x000000000800bdac                AHBPrescTable
 .rodata.APBPrescTable
                0x000000000800bdbc        0x8 build/system_stm32f1xx.o
                0x000000000800bdbc                APBPrescTable
 .rodata._ZTSN3VFO8Eeprom24E
                0x000000000800bdc4       0x10 build/Configuration.o
                0x000000000800bdc4                typeinfo name for VFO::Eeprom24
 .rodata._ZTIN3VFO8Eeprom24E
                0x000000000800bdd4        0x8 build/Configuration.o
                0x000000000800bdd4                typeinfo for VFO::Eeprom24
 .rodata._ZTVN3VFO8Eeprom24E
                0x000000000800bddc       0x10 build/Configuration.o
                0x000000000800bddc                vtable for VFO::Eeprom24
 .rodata._ZTIN3VFO13ConfigurationE
                0x000000000800bdec        0x8 build/Configuration.o
                0x000000000800bdec                typeinfo for VFO::Configuration
 .rodata._ZTSN3VFO13ConfigurationE
                0x000000000800bdf4       0x16 build/Configuration.o
                0x000000000800bdf4                typeinfo name for VFO::Configuration
 *fill*         0x000000000800be0a        0x2 
 .rodata._ZTVN3VFO13ConfigurationE
                0x000000000800be0c       0x10 build/Configuration.o
                0x000000000800be0c                vtable for VFO::Configuration
 .rodata._ZTSN3VFO10BackgroundE
                0x000000000800be1c       0x13 build/Background.o
                0x000000000800be1c                typeinfo name for VFO::Background
 *fill*         0x000000000800be2f        0x1 
 .rodata._ZTIN3VFO10BackgroundE
                0x000000000800be30        0x8 build/Background.o
                0x000000000800be30                typeinfo for VFO::Background
 .rodata._ZTIN3VFO11GradientBoxE
                0x000000000800be38        0xc build/Background.o
                0x000000000800be38                typeinfo for VFO::GradientBox
 .rodata._ZTSN3VFO11GradientBoxE
                0x000000000800be44       0x14 build/Background.o
                0x000000000800be44                typeinfo name for VFO::GradientBox
 .rodata._ZTVN3VFO11GradientBoxE
                0x000000000800be58       0x14 build/Background.o
                0x000000000800be58                vtable for VFO::GradientBox
 .rodata._ZN3VFO6SMeter14drawBackgroundEv.str1.4
                0x000000000800be6c       0x18 build/SMeter.o
 .rodata._ZTIN3VFO6SMeterE
                0x000000000800be84        0x8 build/SMeter.o
                0x000000000800be84                typeinfo for VFO::SMeter
 .rodata._ZTSN3VFO6SMeterE
                0x000000000800be8c        0xe build/SMeter.o
                0x000000000800be8c                typeinfo name for VFO::SMeter
 *fill*         0x000000000800be9a        0x2 
 .rodata._ZTVN3VFO6SMeterE
                0x000000000800be9c       0x10 build/SMeter.o
                0x000000000800be9c                vtable for VFO::SMeter
 .rodata._ZTIN3VFO13GUIControllerE
                0x000000000800beac        0x8 build/GUIController.o
                0x000000000800beac                typeinfo for VFO::GUIController
 .rodata._ZTSN3VFO13GUIControllerE
                0x000000000800beb4       0x16 build/GUIController.o
                0x000000000800beb4                typeinfo name for VFO::GUIController
 *fill*         0x000000000800beca        0x2 
 .rodata._ZTVN3VFO13GUIControllerE
                0x000000000800becc       0x10 build/GUIController.o
                0x000000000800becc                vtable for VFO::GUIController
 .rodata._ZTIN3VFO11GUIMainViewE
                0x000000000800bedc        0xc build/GUIMainView.o
                0x000000000800bedc                typeinfo for VFO::GUIMainView
 .rodata._ZTSN3VFO11GUIMainViewE
                0x000000000800bee8       0x14 build/GUIMainView.o
                0x000000000800bee8                typeinfo name for VFO::GUIMainView
 .rodata._ZTVN3VFO11GUIMainViewE
                0x000000000800befc       0x1c build/GUIMainView.o
                0x000000000800befc                vtable for VFO::GUIMainView
 .rodata._ZN3VFO12GUISetupView11setSelectedEh.str1.4
                0x000000000800bf18        0xe build/GUISetupView.o
 *fill*         0x000000000800bf26        0x2 
 .rodata._ZN3VFOL4menuE
                0x000000000800bf28       0x18 build/GUISetupView.o
 .rodata._ZTIN3VFO12GUISetupViewE
                0x000000000800bf40        0xc build/GUISetupView.o
                0x000000000800bf40                typeinfo for VFO::GUISetupView
 .rodata._ZTSN3VFO12GUISetupViewE
                0x000000000800bf4c       0x15 build/GUISetupView.o
                0x000000000800bf4c                typeinfo name for VFO::GUISetupView
 *fill*         0x000000000800bf61        0x3 
 .rodata._ZTVN3VFO12GUISetupViewE
                0x000000000800bf64       0x1c build/GUISetupView.o
                0x000000000800bf64                vtable for VFO::GUISetupView
 .rodata.str1.4
                0x000000000800bf80       0xaf build/GUISetupView.o
 *fill*         0x000000000800c02f        0x1 
 .rodata._ZTIN3VFO7GUIViewE
                0x000000000800c030        0x8 build/GUIView.o
                0x000000000800c030                typeinfo for VFO::GUIView
 .rodata._ZTSN3VFO7GUIViewE
                0x000000000800c038        0xf build/GUIView.o
                0x000000000800c038                typeinfo name for VFO::GUIView
 *fill*         0x000000000800c047        0x1 
 .rodata._ZTVN3VFO7GUIViewE
                0x000000000800c048       0x1c build/GUIView.o
                0x000000000800c048                vtable for VFO::GUIView
 .rodata._ZTIN3VFO13VFOControllerE
                0x000000000800c064        0x8 build/VFOController.o
                0x000000000800c064                typeinfo for VFO::VFOController
 .rodata._ZTSN3VFO13VFOControllerE
                0x000000000800c06c       0x16 build/VFOController.o
                0x000000000800c06c                typeinfo name for VFO::VFOController
 *fill*         0x000000000800c082        0x2 
 .rodata._ZTVN3VFO13VFOControllerE
                0x000000000800c084       0x10 build/VFOController.o
                0x000000000800c084                vtable for VFO::VFOController
 .rodata.CSWTCH.110
                0x000000000800c094        0x8 build/si5351.o
 .rodata._ZN6Si535111si5351_readEh.constprop.19.str1.4
                0x000000000800c09c       0x18 build/si5351.o
                                         0x16 (size before relaxing)
 .rodata._ZTIN10__cxxabiv120__si_class_type_infoE
                0x000000000800c0b4        0xc /usr/local/gcc-arm-none-eabi-8-2019-q3-update/bin/../lib/gcc/arm-none-eabi/8.3.1/../../../../arm-none-eabi/lib/thumb/v7-m/nofp/libstdc++_nano.a(si_class_type_info.o)
                0x000000000800c0b4                typeinfo for __cxxabiv1::__si_class_type_info
 .rodata._ZTSN10__cxxabiv120__si_class_type_infoE
                0x000000000800c0c0       0x25 /usr/local/gcc-arm-none-eabi-8-2019-q3-update/bin/../lib/gcc/arm-none-eabi/8.3.1/../../../../arm-none-eabi/lib/thumb/v7-m/nofp/libstdc++_nano.a(si_class_type_info.o)
                0x000000000800c0c0                typeinfo name for __cxxabiv1::__si_class_type_info
 *fill*         0x000000000800c0e5        0x3 
 .rodata._ZTVN10__cxxabiv120__si_class_type_infoE
                0x000000000800c0e8       0x2c /usr/local/gcc-arm-none-eabi-8-2019-q3-update/bin/../lib/gcc/arm-none-eabi/8.3.1/../../../../arm-none-eabi/lib/thumb/v7-m/nofp/libstdc++_nano.a(si_class_type_info.o)
                0x000000000800c0e8                vtable for __cxxabiv1::__si_class_type_info
 .rodata._ZTIN10__cxxabiv117__class_type_infoE
                0x000000000800c114        0xc /usr/local/gcc-arm-none-eabi-8-2019-q3-update/bin/../lib/gcc/arm-none-eabi/8.3.1/../../../../arm-none-eabi/lib/thumb/v7-m/nofp/libstdc++_nano.a(class_type_info.o)
                0x000000000800c114                typeinfo for __cxxabiv1::__class_type_info
 .rodata._ZTSN10__cxxabiv117__class_type_infoE
                0x000000000800c120       0x22 /usr/local/gcc-arm-none-eabi-8-2019-q3-update/bin/../lib/gcc/arm-none-eabi/8.3.1/../../../../arm-none-eabi/lib/thumb/v7-m/nofp/libstdc++_nano.a(class_type_info.o)
                0x000000000800c120                typeinfo name for __cxxabiv1::__class_type_info
 *fill*         0x000000000800c142        0x2 
 .rodata._ZTVN10__cxxabiv117__class_type_infoE
                0x000000000800c144       0x2c /usr/local/gcc-arm-none-eabi-8-2019-q3-update/bin/../lib/gcc/arm-none-eabi/8.3.1/../../../../arm-none-eabi/lib/thumb/v7-m/nofp/libstdc++_nano.a(class_type_info.o)
                0x000000000800c144                vtable for __cxxabiv1::__class_type_info
 .rodata._ZTISt9type_info
                0x000000000800c170        0x8 /usr/local/gcc-arm-none-eabi-8-2019-q3-update/bin/../lib/gcc/arm-none-eabi/8.3.1/../../../../arm-none-eabi/lib/thumb/v7-m/nofp/libstdc++_nano.a(tinfo.o)
                0x000000000800c170                typeinfo for std::type_info
 .rodata._ZTSSt9type_info
                0x000000000800c178        0xd /usr/local/gcc-arm-none-eabi-8-2019-q3-update/bin/../lib/gcc/arm-none-eabi/8.3.1/../../../../arm-none-eabi/lib/thumb/v7-m/nofp/libstdc++_nano.a(tinfo.o)
                0x000000000800c178                typeinfo name for std::type_info
 *fill*         0x000000000800c185        0x3 
 .rodata._ZTIN10__cxxabiv115__forced_unwindE
                0x000000000800c188        0x8 /usr/local/gcc-arm-none-eabi-8-2019-q3-update/bin/../lib/gcc/arm-none-eabi/8.3.1/../../../../arm-none-eabi/lib/thumb/v7-m/nofp/libstdc++_nano.a(eh_exception.o)
                0x000000000800c188                typeinfo for __cxxabiv1::__forced_unwind
 .rodata._ZTIN10__cxxabiv119__foreign_exceptionE
                0x000000000800c190        0x8 /usr/local/gcc-arm-none-eabi-8-2019-q3-update/bin/../lib/gcc/arm-none-eabi/8.3.1/../../../../arm-none-eabi/lib/thumb/v7-m/nofp/libstdc++_nano.a(eh_exception.o)
                0x000000000800c190                typeinfo for __cxxabiv1::__foreign_exception
 .rodata._ZTSN10__cxxabiv115__forced_unwindE
                0x000000000800c198       0x20 /usr/local/gcc-arm-none-eabi-8-2019-q3-update/bin/../lib/gcc/arm-none-eabi/8.3.1/../../../../arm-none-eabi/lib/thumb/v7-m/nofp/libstdc++_nano.a(eh_exception.o)
                0x000000000800c198                typeinfo name for __cxxabiv1::__forced_unwind
 .rodata._ZTSN10__cxxabiv119__foreign_exceptionE
                0x000000000800c1b8       0x24 /usr/local/gcc-arm-none-eabi-8-2019-q3-update/bin/../lib/gcc/arm-none-eabi/8.3.1/../../../../arm-none-eabi/lib/thumb/v7-m/nofp/libstdc++_nano.a(eh_exception.o)
                0x000000000800c1b8                typeinfo name for __cxxabiv1::__foreign_exception
                0x000000000800c1dc                . = ALIGN (0x4)

.ARM.extab      0x000000000800c1dc      0x158
 *(.ARM.extab* .gnu.linkonce.armextab.*)
 .ARM.extab.text._Z9_vfoSetupv
                0x000000000800c1dc       0x18 build/VFO.o
 .ARM.extab.text._ZN3VFO8Eeprom24D2Ev
                0x000000000800c1f4        0x0 build/Configuration.o
 .ARM.extab.text._ZN3VFO8Eeprom24D0Ev
                0x000000000800c1f4        0x0 build/Configuration.o
 .ARM.extab.text._ZN3VFO11GradientBoxD2Ev
                0x000000000800c1f4        0x0 build/Background.o
 .ARM.extab.text._ZN3VFO11GradientBoxD0Ev
                0x000000000800c1f4        0x0 build/Background.o
 .ARM.extab.text._ZN3VFO13GUIControllerC2Ev
                0x000000000800c1f4       0x20 build/GUIController.o
 .ARM.extab.text._ZN3VFO11GUIMainViewC2Ev
                0x000000000800c214       0x57 build/GUIMainView.o
 *fill*         0x000000000800c26b        0x1 
 .ARM.extab.text._ZN3VFO12GUISetupView4initEv
                0x000000000800c26c       0x39 build/GUISetupView.o
 *fill*         0x000000000800c2a5        0x3 
 .ARM.extab.text._ZN3VFO12GUISetupViewC2Ev
                0x000000000800c2a8       0x18 build/GUISetupView.o
 .ARM.extab.text._ZN3VFO12GUISetupView14menuKeyPressedEv
                0x000000000800c2c0       0x23 build/GUISetupView.o
 *fill*         0x000000000800c2e3        0x1 
 .ARM.extab.text._ZN3VFO13VFOControllerC2Ev
                0x000000000800c2e4       0x2b build/VFOController.o
 *fill*         0x000000000800c30f        0x1 
 .ARM.extab.text._ZN3VFO13VFOController18triggerMemoryWriteEv
                0x000000000800c310        0xc build/VFOController.o
 .ARM.extab     0x000000000800c31c       0x18 /usr/local/gcc-arm-none-eabi-8-2019-q3-update/bin/../lib/gcc/arm-none-eabi/8.3.1/thumb/v7-m/nofp/libgcc.a(pr-support.o)

.ARM            0x000000000800c334      0x298
                0x000000000800c334                __exidx_start = .
 *(.ARM.exidx*)
 .ARM.exidx.text._Z11KBDCallBackii
                0x000000000800c3ec        0x0 build/VFO.o
                                          0x8 (size before relaxing)
 .ARM.exidx.text.HAL_SYSTICK_Callback
                0x000000000800c3ec        0x0 build/VFO.o
                                          0x8 (size before relaxing)
 .ARM.exidx.text.vfoLoopIteration
                0x000000000800c3ec        0x8 build/VFO.o
 .ARM.exidx.text.vfoSystick
                0x000000000800c3f4        0x8 build/VFO.o
 .ARM.exidx.text._Z9_vfoSetupv
                0x000000000800c3fc        0x8 build/VFO.o
 .ARM.exidx.text.vfoSetup
                0x000000000800c404        0x8 build/VFO.o
 .ARM.exidx.text._ZN3VFO15_getCalibrationEv
                0x000000000800c40c        0x0 build/ConfigHelpers.o
                                          0x8 (size before relaxing)
 .ARM.exidx.text._ZN3VFO15_setCalibrationEl
                0x000000000800c40c        0x0 build/ConfigHelpers.o
                                          0x8 (size before relaxing)
 .ARM.exidx.text._ZN3VFO14_getIFrequencyEv
                0x000000000800c40c        0x0 build/ConfigHelpers.o
                                          0x8 (size before relaxing)
 .ARM.exidx.text._ZN3VFO14_setIFrequencyEl
                0x000000000800c40c        0x0 build/ConfigHelpers.o
                                          0x8 (size before relaxing)
 .ARM.exidx.text._ZN3VFO14_getBFrequencyEv
                0x000000000800c40c        0x0 build/ConfigHelpers.o
                                          0x8 (size before relaxing)
 .ARM.exidx.text._ZN3VFO14_setBFrequencyEl
                0x000000000800c40c        0x0 build/ConfigHelpers.o
                                          0x8 (size before relaxing)
 .ARM.exidx.text._ZN3VFO14_getBrightnessEv
                0x000000000800c40c        0x0 build/ConfigHelpers.o
                                          0x8 (size before relaxing)
 .ARM.exidx.text._ZN3VFO14_setBrightnessEl
                0x000000000800c40c        0x0 build/ConfigHelpers.o
                                          0x8 (size before relaxing)
 .ARM.exidx.text._ZN3VFO11_getEncoderEv
                0x000000000800c40c        0x0 build/ConfigHelpers.o
                                          0x8 (size before relaxing)
 .ARM.exidx.text._ZN3VFO11_setEncoderEl
                0x000000000800c40c        0x0 build/ConfigHelpers.o
                                          0x8 (size before relaxing)
 .ARM.exidx.text._ZN3VFO12_resetConfigEv
                0x000000000800c40c        0x0 build/ConfigHelpers.o
                                          0x8 (size before relaxing)
 .ARM.exidx.text._ZN3VFO8Eeprom24D2Ev
                0x000000000800c40c        0x0 build/Configuration.o
                                          0x8 (size before relaxing)
 .ARM.exidx.text._ZN3VFO13ConfigurationD2Ev
                0x000000000800c40c        0x0 build/Configuration.o
                                          0x8 (size before relaxing)
 .ARM.exidx.text._ZN3VFO8Eeprom24D0Ev
                0x000000000800c40c        0x0 build/Configuration.o
                                          0x8 (size before relaxing)
 .ARM.exidx.text._ZN3VFO13ConfigurationD0Ev
                0x000000000800c40c        0x0 build/Configuration.o
                                          0x8 (size before relaxing)
 .ARM.exidx.text._ZN3VFO13ConfigurationC2Ev
                0x000000000800c40c        0x0 build/Configuration.o
                                          0x8 (size before relaxing)
 .ARM.exidx.text._ZN3VFO13Configuration4saveEv
                0x000000000800c40c        0x8 build/Configuration.o
 .ARM.exidx.text._ZN3VFO13Configuration4loadEv
                0x000000000800c414        0x0 build/Configuration.o
                                          0x8 (size before relaxing)
 .ARM.exidx.text._ZN3VFO11GradientBoxD2Ev
                0x000000000800c414        0x8 build/Background.o
 .ARM.exidx.text._ZN3VFO11GradientBox12getBackColorEhh
                0x000000000800c41c        0x0 build/Background.o
                                          0x8 (size before relaxing)
 .ARM.exidx.text._ZN3VFO11GradientBoxD0Ev
                0x000000000800c41c        0x0 build/Background.o
                                          0x8 (size before relaxing)
 .ARM.exidx.text._ZN3VFO11GradientBoxC2Ehhhh
                0x000000000800c41c        0x0 build/Background.o
                                          0x8 (size before relaxing)
 .ARM.exidx.text._ZN3VFO11GradientBox4drawEv
                0x000000000800c41c        0x8 build/Background.o
 .ARM.exidx.text._ZN3VFO11GradientBox4drawEhhhh
                0x000000000800c424        0x8 build/Background.o
 .ARM.exidx.text._ZN3VFO11GradientBox5clearEhhhh
                0x000000000800c42c        0x8 build/Background.o
 .ARM.exidx.text._ZN3VFO15backgroundColorEPvhh
                0x000000000800c434        0x8 build/Background.o
 .ARM.exidx.text._ZN3VFO15FrequencyStringC2EhhPNS_10BackgroundE
                0x000000000800c43c        0x0 build/FrequencyString.o
                                          0x8 (size before relaxing)
 .ARM.exidx.text._ZN3VFO15FrequencyString13setBackgroundEPNS_10BackgroundE
                0x000000000800c43c        0x0 build/FrequencyString.o
                                          0x8 (size before relaxing)
 .ARM.exidx.text._ZN3VFO15FrequencyString4drawEm
                0x000000000800c43c        0x8 build/FrequencyString.o
 .ARM.exidx.text._ZN3VFO6SMeterD2Ev
                0x000000000800c444        0x8 build/SMeter.o
 .ARM.exidx.text._ZN3VFO6SMeterD0Ev
                0x000000000800c44c        0x0 build/SMeter.o
                                          0x8 (size before relaxing)
 .ARM.exidx.text._ZN3VFO6SMeterC2EhhPNS_10BackgroundE
                0x000000000800c44c        0x0 build/SMeter.o
                                          0x8 (size before relaxing)
 .ARM.exidx.text._ZN3VFO6SMeter14drawBackgroundEv
                0x000000000800c44c        0x8 build/SMeter.o
 .ARM.exidx.text._ZN3VFO6SMeter4drawEh
                0x000000000800c454        0x8 build/SMeter.o
 .ARM.exidx.text._ZN3VFO8valToStrElPcjc
                0x000000000800c45c        0x0 build/Utils.o
                                          0x8 (size before relaxing)
 .ARM.exidx.text._ZN3VFO12voltageToStrElPcj
                0x000000000800c45c        0x0 build/Utils.o
                                          0x8 (size before relaxing)
 .ARM.exidx.text._ZN3VFO14utf8to1251DestEPKcPcj
                0x000000000800c45c        0x0 build/Utils.o
                                          0x8 (size before relaxing)
 .ARM.exidx.text._ZN3VFO10utf8to1251EPc
                0x000000000800c45c        0x0 build/Utils.o
                                          0x8 (size before relaxing)
 .ARM.exidx.text._ZN3VFO13GUIControllerD2Ev
                0x000000000800c45c        0x0 build/GUIController.o
                                          0x8 (size before relaxing)
 .ARM.exidx.text._ZN3VFO13GUIControllerD0Ev
                0x000000000800c45c        0x0 build/GUIController.o
                                          0x8 (size before relaxing)
 .ARM.exidx.text._ZN3VFO13GUIControllerC2Ev
                0x000000000800c45c        0x8 build/GUIController.o
 .ARM.exidx.text._ZN3VFO13GUIController4drawEv
                0x000000000800c464        0x8 build/GUIController.o
 .ARM.exidx.text._ZN3VFO13GUIController20pushEncoderIncrementEst
                0x000000000800c46c        0x0 build/GUIController.o
                                          0x8 (size before relaxing)
 .ARM.exidx.text._ZN3VFO13GUIController14menuKeyPressedEv
                0x000000000800c46c        0x0 build/GUIController.o
                                          0x8 (size before relaxing)
 .ARM.exidx.text._ZN3VFO13GUIController9showSetupEv
                0x000000000800c46c        0x0 build/GUIController.o
                                          0x8 (size before relaxing)
 .ARM.exidx.text._ZN3VFO13GUIController8showMainEv
                0x000000000800c46c        0x0 build/GUIController.o
                                          0x8 (size before relaxing)
 .ARM.exidx.text._ZN3VFO13GUIController11showVoltageEm
                0x000000000800c46c        0x0 build/GUIController.o
                                          0x8 (size before relaxing)
 .ARM.exidx.text._ZN3VFO11GUIMainView14menuKeyPressedEv
                0x000000000800c46c        0x0 build/GUIMainView.o
                                          0x8 (size before relaxing)
 .ARM.exidx.text._ZN3VFO11GUIMainView20pushEncoderIncrementEst
                0x000000000800c46c        0x8 build/GUIMainView.o
 .ARM.exidx.text._ZN3VFO11GUIMainViewD2Ev
                0x000000000800c474        0x8 build/GUIMainView.o
 .ARM.exidx.text._ZN3VFO11GUIMainViewD0Ev
                0x000000000800c47c        0x0 build/GUIMainView.o
                                          0x8 (size before relaxing)
 .ARM.exidx.text._ZN3VFO11GUIMainViewC2Ev
                0x000000000800c47c        0x8 build/GUIMainView.o
 .ARM.exidx.text._ZN3VFO11GUIMainView14drawBackgroundEv
                0x000000000800c484        0x8 build/GUIMainView.o
 .ARM.exidx.text._ZN3VFO11GUIMainView4drawEv
                0x000000000800c48c        0x8 build/GUIMainView.o
 .ARM.exidx.text._ZN3VFO11GUIMainView11showVoltageEm
                0x000000000800c494        0x8 build/GUIMainView.o
 .ARM.exidx.text._ZN3VFO12GUISetupViewD2Ev
                0x000000000800c49c        0x8 build/GUISetupView.o
 .ARM.exidx.text._ZN3VFO12GUISetupViewD0Ev
                0x000000000800c4a4        0x0 build/GUISetupView.o
                                          0x8 (size before relaxing)
 .ARM.exidx.text._ZN3VFO12GUISetupView4initEv
                0x000000000800c4a4        0x8 build/GUISetupView.o
 .ARM.exidx.text._ZN3VFO12GUISetupViewC2Ev
                0x000000000800c4ac        0x8 build/GUISetupView.o
 .ARM.exidx.text._ZN3VFO12GUISetupView11setSelectedEh
                0x000000000800c4b4        0x8 build/GUISetupView.o
 .ARM.exidx.text._ZN3VFO12GUISetupView12updateValuesEv
                0x000000000800c4bc        0x8 build/GUISetupView.o
 .ARM.exidx.text._ZN3VFO12GUISetupView20pushEncoderIncrementEst
                0x000000000800c4c4        0x8 build/GUISetupView.o
 .ARM.exidx.text._ZN3VFO12GUISetupView14drawBackgroundEv
                0x000000000800c4cc        0x8 build/GUISetupView.o
 .ARM.exidx.text._ZN3VFO12GUISetupView4drawEv
                0x000000000800c4d4        0x8 build/GUISetupView.o
 .ARM.exidx.text._ZN3VFO12GUISetupView14menuKeyPressedEv
                0x000000000800c4dc        0x8 build/GUISetupView.o
 .ARM.exidx.text._ZN3VFO7GUIViewC2Ev
                0x000000000800c4e4        0x8 build/GUIView.o
 .ARM.exidx.text._ZN3VFO7GUIViewD2Ev
                0x000000000800c4ec        0x0 build/GUIView.o
                                          0x8 (size before relaxing)
 .ARM.exidx.text._ZN3VFO13VFOControllerD2Ev
                0x000000000800c4ec        0x0 build/VFOController.o
                                          0x8 (size before relaxing)
 .ARM.exidx.text._ZN3VFO13VFOControllerD0Ev
                0x000000000800c4ec        0x0 build/VFOController.o
                                          0x8 (size before relaxing)
 .ARM.exidx.text._ZN3VFO13VFOController6initSIEv
                0x000000000800c4ec        0x8 build/VFOController.o
 .ARM.exidx.text._ZN3VFO13VFOController5beginEv
                0x000000000800c4f4        0x8 build/VFOController.o
 .ARM.exidx.text._ZN3VFO13VFOController14menuKeyPressedEv
                0x000000000800c4fc        0x8 build/VFOController.o
 .ARM.exidx.text._ZN3VFO13VFOController11showVoltageEm